###############################################################################
#
# IAR ELF Linker V8.30.1.114/W32 for ARM                  19/Apr/2021  10:07:02
# Copyright 2007-2018 IAR Systems AB.
#
#    Output file  =  
#        C:\Nordic_BLE_SDK\nRF5_SDK_16.0.0_98a08e2\examples\ble_central_and_peripheral\ble_app_uart_central_peripheral_both\pca10040\s132\iar\_build\ble_app_uart_c_multi_slave_pca10040_s132.out
#    Map file     =  
#        C:\Nordic_BLE_SDK\nRF5_SDK_16.0.0_98a08e2\examples\ble_central_and_peripheral\ble_app_uart_central_peripheral_both\pca10040\s132\iar\_build\ble_app_uart_c_multi_slave_pca10040_s132.map
#    Command line =  
#        -f C:\Users\wangb\AppData\Local\Temp\EW5BEF.tmp
#        (C:\Nordic_BLE_SDK\nRF5_SDK_16.0.0_98a08e2\examples\ble_central_and_peripheral\ble_app_uart_central_peripheral_both\pca10040\s132\iar\_build\app_button.o
#        C:\Nordic_BLE_SDK\nRF5_SDK_16.0.0_98a08e2\examples\ble_central_and_peripheral\ble_app_uart_central_peripheral_both\pca10040\s132\iar\_build\app_error.o
#        C:\Nordic_BLE_SDK\nRF5_SDK_16.0.0_98a08e2\examples\ble_central_and_peripheral\ble_app_uart_central_peripheral_both\pca10040\s132\iar\_build\app_error_handler_iar.o
#        C:\Nordic_BLE_SDK\nRF5_SDK_16.0.0_98a08e2\examples\ble_central_and_peripheral\ble_app_uart_central_peripheral_both\pca10040\s132\iar\_build\app_error_weak.o
#        C:\Nordic_BLE_SDK\nRF5_SDK_16.0.0_98a08e2\examples\ble_central_and_peripheral\ble_app_uart_central_peripheral_both\pca10040\s132\iar\_build\app_fifo.o
#        C:\Nordic_BLE_SDK\nRF5_SDK_16.0.0_98a08e2\examples\ble_central_and_peripheral\ble_app_uart_central_peripheral_both\pca10040\s132\iar\_build\app_scheduler.o
#        C:\Nordic_BLE_SDK\nRF5_SDK_16.0.0_98a08e2\examples\ble_central_and_peripheral\ble_app_uart_central_peripheral_both\pca10040\s132\iar\_build\app_timer2.o
#        C:\Nordic_BLE_SDK\nRF5_SDK_16.0.0_98a08e2\examples\ble_central_and_peripheral\ble_app_uart_central_peripheral_both\pca10040\s132\iar\_build\app_uart_fifo.o
#        C:\Nordic_BLE_SDK\nRF5_SDK_16.0.0_98a08e2\examples\ble_central_and_peripheral\ble_app_uart_central_peripheral_both\pca10040\s132\iar\_build\app_util_platform.o
#        C:\Nordic_BLE_SDK\nRF5_SDK_16.0.0_98a08e2\examples\ble_central_and_peripheral\ble_app_uart_central_peripheral_both\pca10040\s132\iar\_build\ble_advdata.o
#        C:\Nordic_BLE_SDK\nRF5_SDK_16.0.0_98a08e2\examples\ble_central_and_peripheral\ble_app_uart_central_peripheral_both\pca10040\s132\iar\_build\ble_conn_state.o
#        C:\Nordic_BLE_SDK\nRF5_SDK_16.0.0_98a08e2\examples\ble_central_and_peripheral\ble_app_uart_central_peripheral_both\pca10040\s132\iar\_build\ble_db_discovery.o
#        C:\Nordic_BLE_SDK\nRF5_SDK_16.0.0_98a08e2\examples\ble_central_and_peripheral\ble_app_uart_central_peripheral_both\pca10040\s132\iar\_build\ble_nus_c.o
#        C:\Nordic_BLE_SDK\nRF5_SDK_16.0.0_98a08e2\examples\ble_central_and_peripheral\ble_app_uart_central_peripheral_both\pca10040\s132\iar\_build\ble_srv_common.o
#        C:\Nordic_BLE_SDK\nRF5_SDK_16.0.0_98a08e2\examples\ble_central_and_peripheral\ble_app_uart_central_peripheral_both\pca10040\s132\iar\_build\boards.o
#        C:\Nordic_BLE_SDK\nRF5_SDK_16.0.0_98a08e2\examples\ble_central_and_peripheral\ble_app_uart_central_peripheral_both\pca10040\s132\iar\_build\bsp.o
#        C:\Nordic_BLE_SDK\nRF5_SDK_16.0.0_98a08e2\examples\ble_central_and_peripheral\ble_app_uart_central_peripheral_both\pca10040\s132\iar\_build\bsp_btn_ble.o
#        C:\Nordic_BLE_SDK\nRF5_SDK_16.0.0_98a08e2\examples\ble_central_and_peripheral\ble_app_uart_central_peripheral_both\pca10040\s132\iar\_build\drv_rtc.o
#        C:\Nordic_BLE_SDK\nRF5_SDK_16.0.0_98a08e2\examples\ble_central_and_peripheral\ble_app_uart_central_peripheral_both\pca10040\s132\iar\_build\hardfault_implementation.o
#        C:\Nordic_BLE_SDK\nRF5_SDK_16.0.0_98a08e2\examples\ble_central_and_peripheral\ble_app_uart_central_peripheral_both\pca10040\s132\iar\_build\iar_startup_nrf52.o
#        C:\Nordic_BLE_SDK\nRF5_SDK_16.0.0_98a08e2\examples\ble_central_and_peripheral\ble_app_uart_central_peripheral_both\pca10040\s132\iar\_build\main.o
#        C:\Nordic_BLE_SDK\nRF5_SDK_16.0.0_98a08e2\examples\ble_central_and_peripheral\ble_app_uart_central_peripheral_both\pca10040\s132\iar\_build\nrf_assert.o
#        C:\Nordic_BLE_SDK\nRF5_SDK_16.0.0_98a08e2\examples\ble_central_and_peripheral\ble_app_uart_central_peripheral_both\pca10040\s132\iar\_build\nrf_atfifo.o
#        C:\Nordic_BLE_SDK\nRF5_SDK_16.0.0_98a08e2\examples\ble_central_and_peripheral\ble_app_uart_central_peripheral_both\pca10040\s132\iar\_build\nrf_atflags.o
#        C:\Nordic_BLE_SDK\nRF5_SDK_16.0.0_98a08e2\examples\ble_central_and_peripheral\ble_app_uart_central_peripheral_both\pca10040\s132\iar\_build\nrf_atomic.o
#        C:\Nordic_BLE_SDK\nRF5_SDK_16.0.0_98a08e2\examples\ble_central_and_peripheral\ble_app_uart_central_peripheral_both\pca10040\s132\iar\_build\nrf_balloc.o
#        C:\Nordic_BLE_SDK\nRF5_SDK_16.0.0_98a08e2\examples\ble_central_and_peripheral\ble_app_uart_central_peripheral_both\pca10040\s132\iar\_build\nrf_ble_gatt.o
#        C:\Nordic_BLE_SDK\nRF5_SDK_16.0.0_98a08e2\examples\ble_central_and_peripheral\ble_app_uart_central_peripheral_both\pca10040\s132\iar\_build\nrf_ble_gq.o
#        C:\Nordic_BLE_SDK\nRF5_SDK_16.0.0_98a08e2\examples\ble_central_and_peripheral\ble_app_uart_central_peripheral_both\pca10040\s132\iar\_build\nrf_ble_scan.o
#        C:\Nordic_BLE_SDK\nRF5_SDK_16.0.0_98a08e2\examples\ble_central_and_peripheral\ble_app_uart_central_peripheral_both\pca10040\s132\iar\_build\nrf_drv_clock.o
#        C:\Nordic_BLE_SDK\nRF5_SDK_16.0.0_98a08e2\examples\ble_central_and_peripheral\ble_app_uart_central_peripheral_both\pca10040\s132\iar\_build\nrf_drv_uart.o
#        C:\Nordic_BLE_SDK\nRF5_SDK_16.0.0_98a08e2\examples\ble_central_and_peripheral\ble_app_uart_central_peripheral_both\pca10040\s132\iar\_build\nrf_fprintf.o
#        C:\Nordic_BLE_SDK\nRF5_SDK_16.0.0_98a08e2\examples\ble_central_and_peripheral\ble_app_uart_central_peripheral_both\pca10040\s132\iar\_build\nrf_fprintf_format.o
#        C:\Nordic_BLE_SDK\nRF5_SDK_16.0.0_98a08e2\examples\ble_central_and_peripheral\ble_app_uart_central_peripheral_both\pca10040\s132\iar\_build\nrf_log_backend_rtt.o
#        C:\Nordic_BLE_SDK\nRF5_SDK_16.0.0_98a08e2\examples\ble_central_and_peripheral\ble_app_uart_central_peripheral_both\pca10040\s132\iar\_build\nrf_log_backend_serial.o
#        C:\Nordic_BLE_SDK\nRF5_SDK_16.0.0_98a08e2\examples\ble_central_and_peripheral\ble_app_uart_central_peripheral_both\pca10040\s132\iar\_build\nrf_log_default_backends.o
#        C:\Nordic_BLE_SDK\nRF5_SDK_16.0.0_98a08e2\examples\ble_central_and_peripheral\ble_app_uart_central_peripheral_both\pca10040\s132\iar\_build\nrf_log_frontend.o
#        C:\Nordic_BLE_SDK\nRF5_SDK_16.0.0_98a08e2\examples\ble_central_and_peripheral\ble_app_uart_central_peripheral_both\pca10040\s132\iar\_build\nrf_log_str_formatter.o
#        C:\Nordic_BLE_SDK\nRF5_SDK_16.0.0_98a08e2\examples\ble_central_and_peripheral\ble_app_uart_central_peripheral_both\pca10040\s132\iar\_build\nrf_memobj.o
#        C:\Nordic_BLE_SDK\nRF5_SDK_16.0.0_98a08e2\examples\ble_central_and_peripheral\ble_app_uart_central_peripheral_both\pca10040\s132\iar\_build\nrf_pwr_mgmt.o
#        C:\Nordic_BLE_SDK\nRF5_SDK_16.0.0_98a08e2\examples\ble_central_and_peripheral\ble_app_uart_central_peripheral_both\pca10040\s132\iar\_build\nrf_queue.o
#        C:\Nordic_BLE_SDK\nRF5_SDK_16.0.0_98a08e2\examples\ble_central_and_peripheral\ble_app_uart_central_peripheral_both\pca10040\s132\iar\_build\nrf_ringbuf.o
#        C:\Nordic_BLE_SDK\nRF5_SDK_16.0.0_98a08e2\examples\ble_central_and_peripheral\ble_app_uart_central_peripheral_both\pca10040\s132\iar\_build\nrf_sdh.o
#        C:\Nordic_BLE_SDK\nRF5_SDK_16.0.0_98a08e2\examples\ble_central_and_peripheral\ble_app_uart_central_peripheral_both\pca10040\s132\iar\_build\nrf_sdh_ble.o
#        C:\Nordic_BLE_SDK\nRF5_SDK_16.0.0_98a08e2\examples\ble_central_and_peripheral\ble_app_uart_central_peripheral_both\pca10040\s132\iar\_build\nrf_sdh_soc.o
#        C:\Nordic_BLE_SDK\nRF5_SDK_16.0.0_98a08e2\examples\ble_central_and_peripheral\ble_app_uart_central_peripheral_both\pca10040\s132\iar\_build\nrf_section_iter.o
#        C:\Nordic_BLE_SDK\nRF5_SDK_16.0.0_98a08e2\examples\ble_central_and_peripheral\ble_app_uart_central_peripheral_both\pca10040\s132\iar\_build\nrf_sortlist.o
#        C:\Nordic_BLE_SDK\nRF5_SDK_16.0.0_98a08e2\examples\ble_central_and_peripheral\ble_app_uart_central_peripheral_both\pca10040\s132\iar\_build\nrf_strerror.o
#        C:\Nordic_BLE_SDK\nRF5_SDK_16.0.0_98a08e2\examples\ble_central_and_peripheral\ble_app_uart_central_peripheral_both\pca10040\s132\iar\_build\nrfx_atomic.o
#        C:\Nordic_BLE_SDK\nRF5_SDK_16.0.0_98a08e2\examples\ble_central_and_peripheral\ble_app_uart_central_peripheral_both\pca10040\s132\iar\_build\nrfx_clock.o
#        C:\Nordic_BLE_SDK\nRF5_SDK_16.0.0_98a08e2\examples\ble_central_and_peripheral\ble_app_uart_central_peripheral_both\pca10040\s132\iar\_build\nrfx_gpiote.o
#        C:\Nordic_BLE_SDK\nRF5_SDK_16.0.0_98a08e2\examples\ble_central_and_peripheral\ble_app_uart_central_peripheral_both\pca10040\s132\iar\_build\nrfx_prs.o
#        C:\Nordic_BLE_SDK\nRF5_SDK_16.0.0_98a08e2\examples\ble_central_and_peripheral\ble_app_uart_central_peripheral_both\pca10040\s132\iar\_build\nrfx_uart.o
#        C:\Nordic_BLE_SDK\nRF5_SDK_16.0.0_98a08e2\examples\ble_central_and_peripheral\ble_app_uart_central_peripheral_both\pca10040\s132\iar\_build\nrfx_uarte.o
#        C:\Nordic_BLE_SDK\nRF5_SDK_16.0.0_98a08e2\examples\ble_central_and_peripheral\ble_app_uart_central_peripheral_both\pca10040\s132\iar\_build\retarget.o
#        C:\Nordic_BLE_SDK\nRF5_SDK_16.0.0_98a08e2\examples\ble_central_and_peripheral\ble_app_uart_central_peripheral_both\pca10040\s132\iar\_build\SEGGER_RTT.o
#        C:\Nordic_BLE_SDK\nRF5_SDK_16.0.0_98a08e2\examples\ble_central_and_peripheral\ble_app_uart_central_peripheral_both\pca10040\s132\iar\_build\SEGGER_RTT_printf.o
#        C:\Nordic_BLE_SDK\nRF5_SDK_16.0.0_98a08e2\examples\ble_central_and_peripheral\ble_app_uart_central_peripheral_both\pca10040\s132\iar\_build\SEGGER_RTT_Syscalls_IAR.o
#        C:\Nordic_BLE_SDK\nRF5_SDK_16.0.0_98a08e2\examples\ble_central_and_peripheral\ble_app_uart_central_peripheral_both\pca10040\s132\iar\_build\system_nrf52.o
#        C:\Nordic_BLE_SDK\nRF5_SDK_16.0.0_98a08e2\examples\ble_central_and_peripheral\ble_app_uart_central_peripheral_both\pca10040\s132\iar\_build\utf.o
#        --redirect _Printf=_PrintfFull --redirect _Scanf=_ScanfFull
#        --no_out_extension -o
#        C:\Nordic_BLE_SDK\nRF5_SDK_16.0.0_98a08e2\examples\ble_central_and_peripheral\ble_app_uart_central_peripheral_both\pca10040\s132\iar\_build\ble_app_uart_c_multi_slave_pca10040_s132.out
#        --map
#        C:\Nordic_BLE_SDK\nRF5_SDK_16.0.0_98a08e2\examples\ble_central_and_peripheral\ble_app_uart_central_peripheral_both\pca10040\s132\iar\_build\ble_app_uart_c_multi_slave_pca10040_s132.map
#        --config
#        C:\Nordic_BLE_SDK\nRF5_SDK_16.0.0_98a08e2\examples\ble_central_and_peripheral\ble_app_uart_central_peripheral_both\pca10040\s132\iar\ble_app_uart_central_peripheral_both_iar_nRF5x.icf
#        --warnings_are_errors --entry __iar_program_start --inline --vfe
#        --text_out locale)
#
###############################################################################

*******************************************************************************
*** RUNTIME MODEL ATTRIBUTES
***

CppFlavor       = *
__SystemLibrary = DLib
__dlib_version  = 6


*******************************************************************************
*** HEAP SELECTION
***

The basic heap was selected because no calls to memory allocation
functions were found in the application outside of system library
functions, and there are calls to deallocation functions in the
application.


*******************************************************************************
*** PLACEMENT SUMMARY
***

"A0":  place at 0x2'6000 { ro section .intvec };
define block RO_END with size = 0M, alignment = 8 { };
"P1":  place in [from 0x2'6000 to 0x7'ffff] { ro, block RO_END };
define block CSTACK with size = 8K, alignment = 8 { };
define block HEAP with size = 8K, alignment = 8 { };
"P2":  place in [from 0x2000'8fff to 0x2000'ffff] {
          rw, block CSTACK, block HEAP };
initialize by copy { rw };
keep { section .intvec };

  Section                 Kind         Address    Size  Object
  -------                 ----         -------    ----  ------
"A0":                                            0x200
  .intvec                 ro code     0x2'6000   0x200  iar_startup_nrf52.o [1]
                                    - 0x2'6200   0x200

"P1":                                           0xa3f6
  .text                   ro code     0x2'6200   0xa0c  ble_db_discovery.o [1]
  .text                   ro code     0x2'6c0c    0x66  ABImemset.o [4]
  .text                   ro code     0x2'6c72    0x7a  lz77_init_single.o [4]
  .text                   ro code     0x2'6cec    0xa6  ABImemcpy.o [4]
  .text                   ro code     0x2'6d92    0x3a  zero_init3.o [4]
  .text                   ro code     0x2'6dcc   0x570  nrf_ble_gq.o [1]
  .text                   ro code     0x2'733c   0x88c  nrf_log_frontend.o [1]
  .text                   ro code     0x2'7bc8   0x226  nrf_memobj.o [1]
  .rodata                 const       0x2'7dee     0x2  main.o [1]
  .text                   ro code     0x2'7df0   0x200  nrf_queue.o [1]
  .text                   ro code     0x2'7ff0    0x26  nrf_ringbuf.o [1]
  .text                   ro code     0x2'8016     0x2  iar_startup_nrf52.o [1]
  .text                   ro code     0x2'8018    0xbe  nrf_atomic.o [1]
  .text                   ro code     0x2'80d6     0x2  iar_startup_nrf52.o [1]
  .text                   ro code     0x2'80d8    0xba  app_util_platform.o [1]
  .text                   ro code     0x2'8192    0xe2  nrf_balloc.o [1]
  .text                   ro code     0x2'8274   0x844  nrfx_gpiote.o [1]
  .text                   ro code     0x2'8ab8   0x840  main.o [1]
  .text                   ro code     0x2'92f8    0x20  app_error.o [1]
  .text                   ro code     0x2'9318   0x51c  nrf_ble_scan.o [1]
  .text                   ro code     0x2'9834   0x6dc  bsp.o [1]
  .text                   ro code     0x2'9f10   0x342  ble_nus_c.o [1]
  .text                   ro code     0x2'a252     0x2  iar_startup_nrf52.o [1]
  .text                   ro code     0x2'a254   0x2f0  app_uart_fifo.o [1]
  .text                   ro code     0x2'a544   0x224  ble_conn_state.o [1]
  .text                   ro code     0x2'a768   0x188  bsp_btn_ble.o [1]
  .text                   ro code     0x2'a8f0   0x260  nrf_sdh.o [1]
  .text                   ro code     0x2'ab50   0x33c  nrf_sdh_ble.o [1]
  .text                   ro code     0x2'ae8c   0x494  nrf_ble_gatt.o [1]
  .text                   ro code     0x2'b320   0x194  nrf_pwr_mgmt.o [1]
  .text                   ro code     0x2'b4b4   0x470  app_timer2.o [1]
  .text                   ro code     0x2'b924    0x2c  nrf_log_default_backends.o [1]
  .text                   ro code     0x2'b950    0x90  app_error_weak.o [1]
  .text                   ro code     0x2'b9e0   0x16e  ble_advdata.o [1]
  .text                   ro code     0x2'bb4e     0x2  iar_startup_nrf52.o [1]
  .text                   ro code     0x2'bb50   0x252  boards.o [1]
  .text                   ro code     0x2'bda2     0x2  iar_startup_nrf52.o [1]
  .text                   ro code     0x2'bda4   0x230  I64DivMod.o [4]
  .text                   ro code     0x2'bfd4   0x390  app_button.o [1]
  .text                   ro code     0x2'c364   0x700  nrfx_uarte.o [1]
  .text                   ro code     0x2'ca64   0x768  nrfx_uart.o [1]
  .text                   ro code     0x2'd1cc    0xcc  app_fifo.o [1]
  .text                   ro code     0x2'd298    0xf4  nrf_drv_uart.o [1]
  .text                   ro code     0x2'd38c    0x4e  nrf_atflags.o [1]
  .text                   ro code     0x2'd3da    0x6e  nrf_section_iter.o [1]
  .text                   ro code     0x2'd448    0x58  nrf_strerror.o [1]
  .text                   ro code     0x2'd4a0   0x404  drv_rtc.o [1]
  .text                   ro code     0x2'd8a4    0x68  nrf_sortlist.o [1]
  .text                   ro code     0x2'd90c   0x164  nrf_atfifo.o [1]
  .text                   ro code     0x2'da70    0xc0  nrf_log_backend_rtt.o [1]
  .text                   ro code     0x2'db30    0x68  memcmp.o [4]
  .text                   ro code     0x2'db98     0x2  I64DivZer.o [4]
  .text                   ro code     0x2'db9a     0x2  iar_startup_nrf52.o [1]
  .text                   ro code     0x2'db9c    0x22  I64Shl.o [4]
  .text                   ro code     0x2'dbbe     0x2  iar_startup_nrf52.o [1]
  .text                   ro code     0x2'dbc0    0x6e  nrfx_prs.o [1]
  .text                   ro code     0x2'dc2e     0x2  iar_startup_nrf52.o [1]
  .text                   ro code     0x2'dc30   0x210  SEGGER_RTT.o [1]
  .text                   ro code     0x2'de40    0xee  nrf_log_backend_serial.o [1]
  .text                   ro code     0x2'df2e     0x2  iar_startup_nrf52.o [1]
  .text                   ro code     0x2'df30    0x4c  strcpy.o [4]
  .text                   ro code     0x2'df7c     0x6  ABImemclr4.o [4]
  .text                   ro code     0x2'df82     0x2  iar_startup_nrf52.o [1]
  .text                   ro code     0x2'df84   0x25c  nrf_log_str_formatter.o [1]
  .text                   ro code     0x2'e1e0    0x32  ABImemset48.o [4]
  .text                   ro code     0x2'e212     0x2  iar_startup_nrf52.o [1]
  .text                   ro code     0x2'e214    0x44  nrf_fprintf.o [1]
  .text                   ro code     0x2'e258    0x28  isprint.o [2]
  .text                   ro code     0x2'e280   0x488  nrf_fprintf_format.o [1]
  .text                   ro code     0x2'e708    0x14  isalpha.o [2]
  .text                   ro code     0x2'e71c    0x14  ispunct.o [2]
  .text                   ro code     0x2'e730    0x36  strlen.o [4]
  .text                   ro code     0x2'e766     0x2  iar_startup_nrf52.o [1]
  .text                   ro code     0x2'e768    0x48  xlocale_c.o [2]
  .text                   ro code     0x2'e7b0   0x5b8  system_nrf52.o [1]
  .text                   ro code     0x2'ed68   0x1d0  nrfx_clock.o [1]
  .text                   ro code     0x2'ef38   0x178  nrf_drv_clock.o [1]
  .rodata                 const       0x2'f0b0   0x128  nrf_strerror.o [1]
  log_const_data                      0x2'f1d8    0x98  <Block>
    log_const_data        const       0x2'f1d8     0x8  app_button.o [1]
    log_const_data        const       0x2'f1e0     0x8  app_timer2.o [1]
    log_const_data        const       0x2'f1e8     0x8  ble_db_discovery.o [1]
    log_const_data        const       0x2'f1f0     0x8  ble_nus_c.o [1]
    log_const_data        const       0x2'f1f8     0x8  nrf_ble_gatt.o [1]
    log_const_data        const       0x2'f200     0x8  nrf_ble_gq.o [1]
    log_const_data        const       0x2'f208     0x8  nrf_ble_scan.o [1]
    log_const_data        const       0x2'f210     0x8  nrf_drv_clock.o [1]
    log_const_data        const       0x2'f218     0x8  nrf_log_frontend.o [1]
    log_const_data        const       0x2'f220     0x8  nrf_pwr_mgmt.o [1]
    log_const_data        const       0x2'f228     0x8  nrf_sdh.o [1]
    log_const_data        const       0x2'f230     0x8  nrf_sdh_ble.o [1]
    log_const_data        const       0x2'f238     0x8  nrf_sdh_soc.o [1]
    log_const_data        const       0x2'f240     0x8  nrf_sortlist.o [1]
    log_const_data        const       0x2'f248     0x8  nrfx_clock.o [1]
    log_const_data        const       0x2'f250     0x8  nrfx_gpiote.o [1]
    log_const_data        const       0x2'f258     0x8  nrfx_prs.o [1]
    log_const_data        const       0x2'f260     0x8  nrfx_uart.o [1]
    log_const_data        const       0x2'f268     0x8  nrfx_uarte.o [1]
  .rodata                 const       0x2'f270    0x7c  ble_db_discovery.o [1]
  .rodata                 const       0x2'f2ec    0x5c  ble_db_discovery.o [1]
  .rodata                 const       0x2'f348    0x58  nrf_ble_gatt.o [1]
  .rodata                 const       0x2'f3a0    0x54  nrf_sdh_ble.o [1]
  .rodata                 const       0x2'f3f4    0x54  nrf_sdh_ble.o [1]
  .text                   ro code     0x2'f448    0x54  nrf_sdh_soc.o [1]
  .rodata                 const       0x2'f49c    0x4c  nrf_ble_gatt.o [1]
  .rodata                 const       0x2'f4e8    0x4c  nrf_ble_gq.o [1]
  .rodata                 const       0x2'f534    0x4c  nrf_sdh_ble.o [1]
  .rodata                 const       0x2'f580    0x4c  nrf_sdh_ble.o [1]
  .rodata                 const       0x2'f5cc    0x48  ble_db_discovery.o [1]
  .rodata                 const       0x2'f614    0x48  ble_db_discovery.o [1]
  .rodata                 const       0x2'f65c    0x48  nrf_sdh_ble.o [1]
  .rodata                 const       0x2'f6a4    0x48  nrf_sdh_ble.o [1]
  .rodata                 const       0x2'f6ec    0x40  nrf_ble_gatt.o [1]
  .rodata                 const       0x2'f72c    0x3c  main.o [1]
  .rodata                 const       0x2'f768    0x38  main.o [1]
  sdh_ble_observers1                  0x2'f7a0    0x38  <Block>
    sdh_ble_observers1    const       0x2'f7a0     0x8  bsp_btn_ble.o [1]
    sdh_ble_observers1    const       0x2'f7a8    0x18  main.o [1]
    sdh_ble_observers1    const       0x2'f7c0     0x8  main.o [1]
    sdh_ble_observers1    const       0x2'f7c8     0x8  main.o [1]
    sdh_ble_observers1    const       0x2'f7d0     0x8  main.o [1]
  .rodata                 const       0x2'f7d8    0x34  main.o [1]
  .rodata                 const       0x2'f80c    0x34  main.o [1]
  .rodata                 const       0x2'f840    0x34  nrf_ble_gatt.o [1]
  .rodata                 const       0x2'f874    0x34  nrf_sdh_ble.o [1]
  .rodata                 const       0x2'f8a8    0x30  main.o [1]
  .rodata                 const       0x2'f8d8    0x30  main.o [1]
  .rodata                 const       0x2'f908    0x30  main.o [1]
  .rodata                 const       0x2'f938    0x30  main.o [1]
  .rodata                 const       0x2'f968    0x30  nrf_ble_gatt.o [1]
  .rodata                 const       0x2'f998    0x30  nrf_sdh_ble.o [1]
  .rodata                 const       0x2'f9c8    0x2c  main.o [1]
  .rodata                 const       0x2'f9f4    0x2c  nrf_sdh_ble.o [1]
  .rodata                 const       0x2'fa20    0x2c  nrf_strerror.o [1]
  .rodata                 const       0x2'fa4c    0x28  main.o [1]
  .rodata                 const       0x2'fa74    0x28  main.o [1]
  .rodata                 const       0x2'fa9c    0x28  nrf_strerror.o [1]
  .rodata                 const       0x2'fac4    0x28  nrf_strerror.o [1]
  .text                   ro code     0x2'faec    0x28  data_init.o [4]
  .rodata                 const       0x2'fb14    0x24  drv_rtc.o [1]
  .rodata                 const       0x2'fb38    0x24  main.o [1]
  .rodata                 const       0x2'fb5c    0x24  nrf_ble_scan.o [1]
  .rodata                 const       0x2'fb80    0x24  nrf_strerror.o [1]
  .rodata                 const       0x2'fba4    0x24  nrf_strerror.o [1]
  .rodata                 const       0x2'fbc8    0x24  nrf_strerror.o [1]
  .rodata                 const       0x2'fbec    0x24  nrf_strerror.o [1]
  .rodata                 const       0x2'fc10    0x24  nrf_strerror.o [1]
  .text                   ro code     0x2'fc34    0x22  fpinit_M.o [3]
  .iar.init_table         const       0x2'fc58    0x20  - Linker created -
  .text                   ro code     0x2'fc78     0x2  iar_startup_nrf52.o [1]
  .rodata                 const       0x2'fc7c    0x20  app_uart_fifo.o [1]
  .rodata                 const       0x2'fc9c    0x20  ble_db_discovery.o [1]
  .rodata                 const       0x2'fcbc    0x20  bsp.o [1]
  .rodata                 const       0x2'fcdc    0x20  main.o [1]
  .rodata                 const       0x2'fcfc    0x20  nrf_sdh_ble.o [1]
  .rodata                 const       0x2'fd1c    0x20  nrf_sdh_ble.o [1]
  .rodata                 const       0x2'fd3c    0x20  nrf_strerror.o [1]
  .rodata                 const       0x2'fd5c    0x20  nrf_strerror.o [1]
  .rodata                 const       0x2'fd7c    0x20  nrf_strerror.o [1]
  .rodata                 const       0x2'fd9c    0x20  nrf_strerror.o [1]
  .rodata                 const       0x2'fdbc    0x20  nrf_strerror.o [1]
  .text                   ro code     0x2'fddc    0x1e  cmain.o [4]
  .text                   ro code     0x2'fdfa     0x4  exit.o [2]
  .text                   ro code     0x2'fdfe     0x2  iar_startup_nrf52.o [1]
  .text                   ro code     0x2'fe00     0xa  cexit.o [4]
  .text                   ro code     0x2'fe0a     0x2  iar_startup_nrf52.o [1]
  .text                   ro code     0x2'fe0c     0xc  XXexit.o [4]
  .rodata                 const       0x2'fe18    0x1c  ble_nus_c.o [1]
  .rodata                 const       0x2'fe34    0x1c  main.o [1]
  .rodata                 const       0x2'fe50    0x1c  main.o [1]
  .rodata                 const       0x2'fe6c    0x1c  nrf_ble_gq.o [1]
  .rodata                 const       0x2'fe88    0x1c  nrf_strerror.o [1]
  .rodata                 const       0x2'fea4    0x1c  nrf_strerror.o [1]
  .rodata                 const       0x2'fec0    0x1c  nrf_strerror.o [1]
  .rodata                 const       0x2'fedc    0x1c  nrf_strerror.o [1]
  .rodata                 const       0x2'fef8    0x1c  nrf_strerror.o [1]
  .rodata                 const       0x2'ff14    0x18  main.o [1]
  .rodata                 const       0x2'ff2c    0x18  nrf_ble_gq.o [1]
  .rodata                 const       0x2'ff44    0x18  nrf_log_str_formatter.o [1]
  .rodata                 const       0x2'ff5c    0x18  nrf_pwr_mgmt.o [1]
  .rodata                 const       0x2'ff74    0x18  nrf_strerror.o [1]
  .rodata                 const       0x2'ff8c    0x18  nrf_strerror.o [1]
  .rodata                 const       0x2'ffa4    0x18  nrf_strerror.o [1]
  .rodata                 const       0x2'ffbc    0x18  nrf_strerror.o [1]
  .rodata                 const       0x2'ffd4    0x18  nrf_strerror.o [1]
  .rodata                 const       0x2'ffec    0x18  nrf_strerror.o [1]
  .rodata                 const       0x3'0004    0x18  nrf_strerror.o [1]
  .rodata                 const       0x3'001c    0x18  nrf_strerror.o [1]
  .rodata                 const       0x3'0034    0x18  nrf_strerror.o [1]
  sdh_ble_observers2                  0x3'004c    0x18  <Block>
    sdh_ble_observers2    const       0x3'004c    0x18  main.o [1]
  .rodata                 const       0x3'0064    0x14  ble_nus_c.o [1]
  .rodata                 const       0x3'0078    0x14  drv_rtc.o [1]
  .rodata                 const       0x3'008c    0x14  main.o [1]
  .rodata                 const       0x3'00a0    0x14  nrf_log_frontend.o [1]
  .rodata                 const       0x3'00b4    0x14  nrf_strerror.o [1]
  .rodata                 const       0x3'00c8    0x14  nrf_strerror.o [1]
  .rodata                 const       0x3'00dc    0x14  nrf_strerror.o [1]
  .rodata                 const       0x3'00f0    0x14  nrf_strerror.o [1]
  .rodata                 const       0x3'0104    0x14  nrf_strerror.o [1]
  .rodata                 const       0x3'0118    0x14  nrf_strerror.o [1]
  .rodata                 const       0x3'012c    0x14  nrf_strerror.o [1]
  .rodata                 const       0x3'0140    0x14  nrf_strerror.o [1]
  nrf_balloc              const       0x3'0154    0x14  main.o [1]
  nrf_balloc              const       0x3'0168    0x14  nrf_log_frontend.o [1]
  nrf_queue               const       0x3'017c    0x14  main.o [1]
  .rodata                 const       0x3'0190    0x10  app_error_weak.o [1]
  .rodata                 const       0x3'01a0    0x10  ble_nus_c.o [1]
  .rodata                 const       0x3'01b0    0x10  main.o [1]
  .rodata                 const       0x3'01c0    0x10  main.o [1]
  .rodata                 const       0x3'01d0    0x10  nrf_ble_gatt.o [1]
  .rodata                 const       0x3'01e0    0x10  nrf_fprintf_format.o [1]
  .rodata                 const       0x3'01f0    0x10  nrf_log_default_backends.o [1]
  .rodata                 const       0x3'0200    0x10  nrf_sdh.o [1]
  .rodata                 const       0x3'0210    0x10  nrf_sdh.o [1]
  .rodata                 const       0x3'0220    0x10  nrf_sdh.o [1]
  .rodata                 const       0x3'0230    0x10  nrf_sdh_soc.o [1]
  .rodata                 const       0x3'0240    0x10  nrf_strerror.o [1]
  .rodata                 const       0x3'0250    0x10  nrf_strerror.o [1]
  .text                   ro code     0x3'0260    0x10  iar_startup_nrf52.o [1]
  log_backends            const       0x3'0270    0x10  nrf_log_default_backends.o [1]
  sdh_stack_observers0                0x3'0280    0x10  <Block>
    sdh_stack_observers0  const       0x3'0280     0x8  nrf_sdh_ble.o [1]
    sdh_stack_observers0  const       0x3'0288     0x8  nrf_sdh_soc.o [1]
  .rodata                 const       0x3'0290     0xc  app_button.o [1]
  .rodata                 const       0x3'029c     0xc  app_error_weak.o [1]
  .rodata                 const       0x3'02a8     0xc  app_timer2.o [1]
  .rodata                 const       0x3'02b4     0xc  app_timer2.o [1]
  .rodata                 const       0x3'02c0     0xc  ble_db_discovery.o [1]
  .rodata                 const       0x3'02cc     0xc  ble_nus_c.o [1]
  .rodata                 const       0x3'02d8     0xc  nrf_ble_gq.o [1]
  .rodata                 const       0x3'02e4     0xc  nrf_ble_scan.o [1]
  .rodata                 const       0x3'02f0     0xc  nrf_log_backend_rtt.o [1]
  .rodata                 const       0x3'02fc     0xc  nrf_log_frontend.o [1]
  .rodata                 const       0x3'0308     0xc  nrf_log_str_formatter.o [1]
  .rodata                 const       0x3'0314     0xc  nrf_pwr_mgmt.o [1]
  .rodata                 const       0x3'0320     0xc  nrf_pwr_mgmt.o [1]
  .rodata                 const       0x3'032c     0xc  nrf_sdh.o [1]
  .rodata                 const       0x3'0338     0xc  nrf_sdh.o [1]
  .rodata                 const       0x3'0344     0xc  nrf_sdh.o [1]
  .rodata                 const       0x3'0350     0xc  nrf_sdh_ble.o [1]
  .rodata                 const       0x3'035c     0xc  nrf_sdh_ble.o [1]
  .rodata                 const       0x3'0368     0xc  nrf_sdh_soc.o [1]
  .rodata                 const       0x3'0374     0xc  nrf_sdh_soc.o [1]
  .rodata                 const       0x3'0380     0xc  nrf_sortlist.o [1]
  .rodata                 const       0x3'038c     0xc  nrf_strerror.o [1]
  .rodata                 const       0x3'0398     0xc  SEGGER_RTT.o [1]
  .text                   ro code     0x3'03a4     0xc  cstartup_M.o [4]
  .rodata                 const       0x3'03b0     0x8  drv_rtc.o [1]
  .rodata                 const       0x3'03b8     0x8  nrf_ble_gatt.o [1]
  .rodata                 const       0x3'03c0     0x8  nrf_ble_gatt.o [1]
  .rodata                 const       0x3'03c8     0x8  nrf_ble_gatt.o [1]
  .rodata                 const       0x3'03d0     0x8  nrf_ble_gatt.o [1]
  .rodata                 const       0x3'03d8     0x8  nrf_ble_gatt.o [1]
  .rodata                 const       0x3'03e0     0x8  nrf_drv_clock.o [1]
  .rodata                 const       0x3'03f0     0x8  nrf_log_backend_rtt.o [1]
  .rodata                 const       0x3'03f8     0x8  nrf_log_str_formatter.o [1]
  .rodata                 const       0x3'0400     0x8  nrf_log_str_formatter.o [1]
  .rodata                 const       0x3'0408     0x8  nrf_log_str_formatter.o [1]
  .rodata                 const       0x3'0410     0x8  nrf_log_str_formatter.o [1]
  .rodata                 const       0x3'0418     0x8  nrf_log_str_formatter.o [1]
  .rodata                 const       0x3'0420     0x8  nrf_log_str_formatter.o [1]
  .rodata                 const       0x3'0428     0x8  nrf_log_str_formatter.o [1]
  .rodata                 const       0x3'0430     0x8  nrf_log_str_formatter.o [1]
  .rodata                 const       0x3'0438     0x8  nrf_log_str_formatter.o [1]
  .rodata                 const       0x3'0440     0x8  nrf_log_str_formatter.o [1]
  .rodata                 const       0x3'0448     0x8  nrf_log_str_formatter.o [1]
  .rodata                 const       0x3'0450     0x8  nrf_log_str_formatter.o [1]
  .rodata                 const       0x3'0458     0x8  nrf_log_str_formatter.o [1]
  .rodata                 const       0x3'0460     0x8  nrf_log_str_formatter.o [1]
  .rodata                 const       0x3'0468     0x8  nrf_sdh.o [1]
  .rodata                 const       0x3'0470     0x8  nrfx_clock.o [1]
  .rodata                 const       0x3'0478     0x8  nrfx_gpiote.o [1]
  .rodata                 const       0x3'0480     0x8  nrfx_uart.o [1]
  .rodata                 const       0x3'0488     0x8  nrfx_uarte.o [1]
  .rodata                 const       0x3'0490     0x8  SEGGER_RTT.o [1]
  sdh_ble_observers0                  0x3'0498     0x8  <Block>
    sdh_ble_observers0    const       0x3'0498     0x8  ble_conn_state.o [1]
  sdh_ble_observers3                  0x3'04a0     0x8  <Block>
    sdh_ble_observers3    const       0x3'04a0     0x8  main.o [1]
  sdh_soc_observers0                  0x3'04a8     0x8  <Block>
    sdh_soc_observers0    const       0x3'04a8     0x8  nrf_drv_clock.o [1]
  sdh_state_observers0                0x3'04b0     0x8  <Block>
    sdh_state_observers0  const       0x3'04b0     0x8  nrf_drv_clock.o [1]
  .rodata                 const       0x3'04b8     0x4  app_button.o [1]
  .rodata                 const       0x3'04bc     0x4  app_button.o [1]
  .rodata                 const       0x3'04c0     0x4  app_timer2.o [1]
  .rodata                 const       0x3'04c4     0x4  app_timer2.o [1]
  .rodata                 const       0x3'04c8     0x4  boards.o [1]
  .rodata                 const       0x3'04cc     0x4  boards.o [1]
  .rodata                 const       0x3'04d0     0x4  bsp.o [1]
  .rodata                 const       0x3'04d4     0x4  bsp.o [1]
  .rodata                 const       0x3'04d8     0x4  bsp.o [1]
  .rodata                 const       0x3'04dc     0x4  main.o [1]
  .rodata                 const       0x3'04e0     0x4  nrf_fprintf.o [1]
  .rodata                 const       0x3'04e4     0x4  nrf_log_frontend.o [1]
  .rodata                 const       0x3'04e8     0x4  nrf_sdh.o [1]
  .rodata                 const       0x3'04ec     0x4  nrf_sdh_ble.o [1]
  .rodata                 const       0x3'04f0     0x4  nrfx_gpiote.o [1]
  .rodata                 const       0x3'04f4     0x4  nrfx_prs.o [1]
  .rodata                 const       0x3'04f8     0x4  nrfx_uart.o [1]
  .rodata                 const       0x3'04fc     0x4  nrfx_uarte.o [1]
  pwr_mgmt_data1                      0x3'0500     0x4  <Block>
    pwr_mgmt_data1        const       0x3'0500     0x4  main.o [1]
  .rodata                 const       0x3'0504     0x2  xlocale_c.o [2]
  .text                   ro code     0x3'0506     0x2  iar_startup_nrf52.o [1]
  .text                   ro code     0x3'0508     0x2  iar_startup_nrf52.o [1]
  .text                   ro code     0x3'050a     0x2  iar_startup_nrf52.o [1]
  .text                   ro code     0x3'050c     0x2  iar_startup_nrf52.o [1]
  .text                   ro code     0x3'050e     0x2  iar_startup_nrf52.o [1]
  .text                   ro code     0x3'0510     0x2  iar_startup_nrf52.o [1]
  .text                   ro code     0x3'0512     0x2  iar_startup_nrf52.o [1]
  .text                   ro code     0x3'0514     0x2  iar_startup_nrf52.o [1]
  .text                   ro code     0x3'0516     0x2  iar_startup_nrf52.o [1]
  .text                   ro code     0x3'0518     0x2  iar_startup_nrf52.o [1]
  .text                   ro code     0x3'051a     0x2  iar_startup_nrf52.o [1]
  .text                   ro code     0x3'051c     0x2  iar_startup_nrf52.o [1]
  .text                   ro code     0x3'051e     0x2  iar_startup_nrf52.o [1]
  .text                   ro code     0x3'0520     0x2  iar_startup_nrf52.o [1]
  .text                   ro code     0x3'0522     0x2  iar_startup_nrf52.o [1]
  .text                   ro code     0x3'0524     0x2  iar_startup_nrf52.o [1]
  .text                   ro code     0x3'0526     0x2  iar_startup_nrf52.o [1]
  .text                   ro code     0x3'0528     0x2  iar_startup_nrf52.o [1]
  .text                   ro code     0x3'052a     0x2  iar_startup_nrf52.o [1]
  .text                   ro code     0x3'052c     0x2  iar_startup_nrf52.o [1]
  .text                   ro code     0x3'052e     0x2  iar_startup_nrf52.o [1]
  .text                   ro code     0x3'0530     0x2  iar_startup_nrf52.o [1]
  .text                   ro code     0x3'0532     0x2  iar_startup_nrf52.o [1]
  .text                   ro code     0x3'0534     0x2  iar_startup_nrf52.o [1]
  .text                   ro code     0x3'0536     0x2  iar_startup_nrf52.o [1]
  .text                   ro code     0x3'0538     0x2  iar_startup_nrf52.o [1]
  .rodata                 const       0x3'053a     0x1  nrf_queue.o [1]
  .rodata                 const       0x3'053b     0x0  zero_init3.o [4]
  .rodata                 const       0x3'053b     0x0  lz77_init_single.o [4]
  Initializer bytes       const       0x3'053b    0xbb  <for P2-1>
                                    - 0x3'05f6  0xa3f6

"P2", part 1 of 3:                              0x1236
  P2-1                             0x2000'9000  0x1236  <Init block>
    .data                 inited   0x2000'9000     0x8  app_timer2.o [1]
    .data                 inited   0x2000'9008    0x14  app_uart_fifo.o [1]
    .data                 inited   0x2000'901c  0x1170  main.o [1]
    .data                 inited   0x2000'a18c     0x8  main.o [1]
    .data                 inited   0x2000'a194    0x14  main.o [1]
    .data                 inited   0x2000'a1a8     0x8  nrf_log_default_backends.o [1]
    .data                 inited   0x2000'a1b0    0x14  nrf_log_str_formatter.o [1]
    .data                 inited   0x2000'a1c4    0x24  nrf_log_str_formatter.o [1]
    .data                 inited   0x2000'a1e8     0x4  system_nrf52.o [1]
    .data                 inited   0x2000'a1ec    0x48  xlocale_c.o [2]
    .data                 inited   0x2000'a234     0x2  main.o [1]
                                 - 0x2000'a236  0x1236

"P2", part 2 of 3:                              0x1204
  .bss                    zero     0x2000'a238   0x424  nrf_log_frontend.o [1]
  .bss                    zero     0x2000'a65c   0x200  SEGGER_RTT.o [1]
  .bss                    zero     0x2000'a85c   0x100  main.o [1]
  .bss                    zero     0x2000'a95c   0x100  main.o [1]
  .bss                    zero     0x2000'aa5c    0xf4  main.o [1]
  .bss                    zero     0x2000'ab50    0xc0  main.o [1]
  .bss                    zero     0x2000'ac10    0xc0  nrf_log_frontend.o [1]
  .bss                    zero     0x2000'acd0    0xa0  main.o [1]
  .bss                    zero     0x2000'ad70    0xa0  main.o [1]
  .bss                    zero     0x2000'ae10    0xa0  main.o [1]
  .bss                    zero     0x2000'aeb0    0x80  nrf_log_frontend.o [1]
  .bss                    zero     0x2000'af30    0x7c  ble_conn_state.o [1]
  .bss                    zero     0x2000'afac    0x78  SEGGER_RTT.o [1]
  .bss                    zero     0x2000'b024    0x5c  nrfx_gpiote.o [1]
  .bss                    zero     0x2000'b080    0x58  app_timer2.o [1]
  .bss                    zero     0x2000'b0d8    0x50  main.o [1]
  .bss                    zero     0x2000'b128    0x48  main.o [1]
  .bss                    zero     0x2000'b170    0x40  nrf_log_backend_rtt.o [1]
  .bss                    zero     0x2000'b1b0    0x2c  nrfx_uart.o [1]
  .bss                    zero     0x2000'b1dc    0x24  main.o [1]
  .bss                    zero     0x2000'b200    0x24  nrfx_uarte.o [1]
  .bss                    zero     0x2000'b224    0x14  nrf_drv_clock.o [1]
  .bss                    zero     0x2000'b238    0x20  app_button.o [1]
  .bss                    zero     0x2000'b258    0x20  bsp.o [1]
  .bss                    zero     0x2000'b278    0x20  bsp.o [1]
  .bss                    zero     0x2000'b298    0x20  bsp.o [1]
  .bss                    zero     0x2000'b2b8    0x18  ble_db_discovery.o [1]
  .bss                    zero     0x2000'b2d0    0x18  nrf_log_frontend.o [1]
  .bss                    zero     0x2000'b2e8    0x10  app_button.o [1]
  .bss                    zero     0x2000'b2f8    0x10  app_timer2.o [1]
  .bss                    zero     0x2000'b308    0x10  app_uart_fifo.o [1]
  .bss                    zero     0x2000'b318    0x10  app_uart_fifo.o [1]
  .bss                    zero     0x2000'b328    0x10  SEGGER_RTT.o [1]
  .bss                    zero     0x2000'b338     0xc  app_util_platform.o [1]
  .bss                    zero     0x2000'b344     0xc  bsp.o [1]
  .bss                    zero     0x2000'b350     0xc  main.o [1]
  .bss                    zero     0x2000'b35c     0xc  main.o [1]
  .bss                    zero     0x2000'b368     0xc  main.o [1]
  .bss                    zero     0x2000'b374     0xc  main.o [1]
  .bss                    zero     0x2000'b380     0xc  nrf_pwr_mgmt.o [1]
  .bss                    zero     0x2000'b38c     0x4  app_button.o [1]
  .bss                    zero     0x2000'b390     0x8  app_button.o [1]
  .bss                    zero     0x2000'b398     0x8  app_timer2.o [1]
  .bss                    zero     0x2000'b3a0     0x8  app_timer2.o [1]
  .bss                    zero     0x2000'b3a8     0x8  drv_rtc.o [1]
  .bss                    zero     0x2000'b3b0     0x8  main.o [1]
  .bss                    zero     0x2000'b3b8     0x8  main.o [1]
  .bss                    zero     0x2000'b3c0     0x8  main.o [1]
  .bss                    zero     0x2000'b3c8     0x8  nrf_log_frontend.o [1]
  .bss                    zero     0x2000'b3d0     0x8  nrf_log_frontend.o [1]
  .bss                    zero     0x2000'b3d8     0x8  nrfx_clock.o [1]
  .bss                    zero     0x2000'b3e0     0x8  nrfx_prs.o [1]
  .bss                    zero     0x2000'b3e8     0x4  app_button.o [1]
  .bss                    zero     0x2000'b3ec     0x4  app_timer2.o [1]
  .bss                    zero     0x2000'b3f0     0x4  app_timer2.o [1]
  .bss                    zero     0x2000'b3f4     0x4  app_uart_fifo.o [1]
  .bss                    zero     0x2000'b3f8     0x4  ble_db_discovery.o [1]
  .bss                    zero     0x2000'b3fc     0x4  ble_db_discovery.o [1]
  .bss                    zero     0x2000'b400     0x4  ble_db_discovery.o [1]
  .bss                    zero     0x2000'b404     0x4  bsp.o [1]
  .bss                    zero     0x2000'b408     0x4  bsp.o [1]
  .bss                    zero     0x2000'b40c     0x4  bsp.o [1]
  .bss                    zero     0x2000'b410     0x4  bsp_btn_ble.o [1]
  .bss                    zero     0x2000'b414     0x4  bsp_btn_ble.o [1]
  .bss                    zero     0x2000'b418     0x4  drv_rtc.o [1]
  .bss                    zero     0x2000'b41c     0x4  nrf_drv_uart.o [1]
  .bss                    zero     0x2000'b420     0x4  nrf_drv_uart.o [1]
  .bss                    zero     0x2000'b424     0x4  nrf_pwr_mgmt.o [1]
  .bss                    zero     0x2000'b428     0x2  main.o [1]
  .bss                    zero     0x2000'b42a     0x1  app_button.o [1]
  .bss                    zero     0x2000'b42b     0x1  app_timer2.o [1]
  .bss                    zero     0x2000'b42c     0x1  app_uart_fifo.o [1]
  .bss                    zero     0x2000'b42d     0x1  app_uart_fifo.o [1]
  .bss                    zero     0x2000'b42e     0x1  app_uart_fifo.o [1]
  .bss                    zero     0x2000'b42f     0x1  ble_db_discovery.o [1]
  .bss                    zero     0x2000'b430     0x1  bsp.o [1]
  .bss                    zero     0x2000'b431     0x1  bsp.o [1]
  .bss                    zero     0x2000'b432     0x1  bsp.o [1]
  .bss                    zero     0x2000'b433     0x1  bsp.o [1]
  .bss                    zero     0x2000'b434     0x1  nrf_drv_uart.o [1]
  .bss                    zero     0x2000'b435     0x1  nrf_log_backend_rtt.o [1]
  .bss                    zero     0x2000'b436     0x1  nrf_pwr_mgmt.o [1]
  .bss                    zero     0x2000'b437     0x1  nrf_pwr_mgmt.o [1]
  .bss                    zero     0x2000'b438     0x1  nrf_sdh.o [1]
  .bss                    zero     0x2000'b439     0x1  nrf_sdh.o [1]
  .bss                    zero     0x2000'b43a     0x1  nrf_sdh.o [1]
  .bss                    zero     0x2000'b43b     0x1  nrf_sdh_ble.o [1]
                                 - 0x2000'b43c  0x1204

"P2", part 3 of 3:                              0x2000
  CSTACK                           0x2000'b440  0x2000  <Block>
    CSTACK                uninit   0x2000'b440  0x2000  <Block tail>
                                 - 0x2000'd440  0x2000

Unused ranges:

         From           To      Size
         ----           --      ----
     0x3'05f6     0x7'ffff  0x4'fa0a
  0x2000'8fff  0x2000'8fff       0x1
  0x2000'a236  0x2000'a237       0x2
  0x2000'b43c  0x2000'b43f       0x4
  0x2000'd440  0x2000'ffff    0x2bc0


*******************************************************************************
*** INIT TABLE
***

          Address      Size
          -------      ----
Zero (__iar_zero_init3)
    1 destination range, total size 0x1204:
          0x2000'a238  0x1204

Copy/lz77 (__iar_lz77_init_single3)
    1 source range, total size 0xbb (4% of destination):
             0x3'053b    0xbb
    1 destination range, total size 0x1236:
          0x2000'9000  0x1236



*******************************************************************************
*** MODULE SUMMARY
***

    Module                      ro code  ro data  rw data
    ------                      -------  -------  -------
command line/config:
    -----------------------------------------------------
    Total:

C:\Nordic_BLE_SDK\nRF5_SDK_16.0.0_98a08e2\examples\ble_central_and_peripheral\ble_app_uart_central_peripheral_both\pca10040\s132\iar\_build: [1]
    SEGGER_RTT.o                    528       20      648
    app_button.o                    912       28       65
    app_error.o                      32
    app_error_weak.o                144       28
    app_fifo.o                      204
    app_timer2.o                  1 136       40      137
    app_uart_fifo.o                 752       33       59
    app_util_platform.o             186                12
    ble_advdata.o                   366
    ble_conn_state.o                548        8      124
    ble_db_discovery.o            2 572      412       37
    ble_nus_c.o                     834       84
    boards.o                        594        8
    bsp.o                         1 756       44      124
    bsp_btn_ble.o                   392        8        8
    drv_rtc.o                     1 028       64       12
    iar_startup_nrf52.o             610
    main.o                        2 112    1 047    6 184
    nrf_atfifo.o                    356
    nrf_atflags.o                    78
    nrf_atomic.o                    190
    nrf_balloc.o                    226
    nrf_ble_gatt.o                1 172      392
    nrf_ble_gq.o                  1 392      148
    nrf_ble_scan.o                1 308       56
    nrf_drv_clock.o                 376       32       20
    nrf_drv_uart.o                  244                 9
    nrf_fprintf.o                    68        4
    nrf_fprintf_format.o          1 160       16
    nrf_log_backend_rtt.o           192       20       65
    nrf_log_backend_serial.o        238
    nrf_log_default_backends.o       44       32        8
    nrf_log_frontend.o            2 188       64    1 420
    nrf_log_str_formatter.o         604      150       56
    nrf_memobj.o                    550
    nrf_pwr_mgmt.o                  404       56       18
    nrf_queue.o                     512        1
    nrf_ringbuf.o                    38
    nrf_sdh.o                       608      104        3
    nrf_sdh_ble.o                   828      716        1
    nrf_sdh_soc.o                    84       56
    nrf_section_iter.o              110
    nrf_sortlist.o                  104       20
    nrf_strerror.o                   88    1 320
    nrfx_clock.o                    464       16        8
    nrfx_gpiote.o                 2 116       20       92
    nrfx_prs.o                      110       12        8
    nrfx_uart.o                   1 896       20       44
    nrfx_uarte.o                  1 792       20       36
    system_nrf52.o                1 464        1        4
    -----------------------------------------------------
    Total:                       35 710    5 100    9 202

dl7M_tlf.a: [2]
    exit.o                            4
    isalpha.o                        20
    isprint.o                        40
    ispunct.o                        20
    xlocale_c.o                      72        4       72
    -----------------------------------------------------
    Total:                          156        4       72

m7M_tls.a: [3]
    fpinit_M.o                       34
    -----------------------------------------------------
    Total:                           34

rt7M_tl.a: [4]
    ABImemclr4.o                      6
    ABImemcpy.o                     166
    ABImemset.o                     102
    ABImemset48.o                    50
    I64DivMod.o                     560
    I64DivZer.o                       2
    I64Shl.o                         34
    XXexit.o                         12
    cexit.o                          10
    cmain.o                          30
    cstartup_M.o                     12
    data_init.o                      40
    lz77_init_single.o              122
    memcmp.o                        104
    strcpy.o                         76
    strlen.o                         54
    zero_init3.o                     58
    -----------------------------------------------------
    Total:                        1 438

    Gaps                                      12
    Linker created                            32    8 192
---------------------------------------------------------
    Grand Total:                 37 338    5 148   17 466


*******************************************************************************
*** ENTRY LIST
***

Entry                       Address    Size  Type      Object
-----                       -------    ----  ----      ------
.iar.init_table$$Base      0x2'fc58           --   Gb  - Linker created -
.iar.init_table$$Limit     0x2'fc78           --   Gb  - Linker created -
?main                      0x2'fddd          Code  Gb  cmain.o [4]
CSTACK$$Base            0x2000'b440           --   Gb  - Linker created -
CSTACK$$Limit           0x2000'd440           --   Gb  - Linker created -
GPIOTE_IRQHandler          0x2'885d   0x234  Code  Gb  nrfx_gpiote.o [1]
NVIC_ClearPendingIRQ       0x2'b321    0x16  Code  Lc  nrf_pwr_mgmt.o [1]
NVIC_DisableIRQ            0x2'ef39    0x18  Code  Lc  nrf_drv_clock.o [1]
NVIC_EnableIRQ             0x2'd4a1    0x18  Code  Lc  drv_rtc.o [1]
NVIC_EnableIRQ             0x2'a8f1    0x18  Code  Lc  nrf_sdh.o [1]
NVIC_EnableIRQ             0x2'ed69    0x16  Code  Lc  nrfx_clock.o [1]
NVIC_EnableIRQ             0x2'8275    0x18  Code  Lc  nrfx_gpiote.o [1]
NVIC_EnableIRQ             0x2'ca65    0x18  Code  Lc  nrfx_uart.o [1]
NVIC_EnableIRQ             0x2'c365    0x18  Code  Lc  nrfx_uarte.o [1]
NVIC_GetPriority           0x2'a909    0x28  Code  Lc  nrf_sdh.o [1]
NVIC_SetPendingIRQ         0x2'd4b9    0x18  Code  Lc  drv_rtc.o [1]
NVIC_SetPriority           0x2'd4d1    0x30  Code  Lc  drv_rtc.o [1]
NVIC_SetPriority           0x2'ed7f    0x2c  Code  Lc  nrfx_clock.o [1]
NVIC_SetPriority           0x2'828d    0x30  Code  Lc  nrfx_gpiote.o [1]
NVIC_SetPriority           0x2'ca7d    0x30  Code  Lc  nrfx_uart.o [1]
NVIC_SetPriority           0x2'c37d    0x30  Code  Lc  nrfx_uarte.o [1]
NVIC_SystemReset           0x2'b951    0x24  Code  Lc  app_error_weak.o [1]
NVIC_SystemReset           0x2'b337    0x1a  Code  Lc  nrf_pwr_mgmt.o [1]
NVIC_SystemReset           0x2'e7b1    0x1e  Code  Lc  system_nrf52.o [1]
POWER_CLOCK_IRQHandler     0x2'eec7    0x52  Code  Gb  nrfx_clock.o [1]
RTC1_IRQHandler            0x2'd869     0xe  Code  Gb  drv_rtc.o [1]
Region$$Table$$Base        0x2'fc58           --   Gb  - Linker created -
Region$$Table$$Limit       0x2'fc78           --   Gb  - Linker created -
SEGGER_RTT_Init            0x2'de23     0x8  Code  Gb  SEGGER_RTT.o [1]
SEGGER_RTT_WriteNoLock     0x2'dda1    0x82  Code  Gb  SEGGER_RTT.o [1]
SWI2_EGU2_IRQHandler       0x2'ab49     0x8  Code  Gb  nrf_sdh.o [1]
SystemCoreClock         0x2000'a1e8     0x4  Data  Gb  system_nrf52.o [1]
SystemCoreClockUpdate      0x2'e7cf     0xc  Code  Gb  system_nrf52.o [1]
SystemInit                 0x2'e7db   0x22e  Code  Gb  system_nrf52.o [1]
UARTE0_UART0_IRQHandler
                           0x2'dbc1     0xa  Code  Gb  nrfx_prs.o [1]
_DoInit                    0x2'dc31    0x5c  Code  Lc  SEGGER_RTT.o [1]
_GetAvailWriteSpace        0x2'dd81    0x1a  Code  Lc  SEGGER_RTT.o [1]
_LocaleC_isalpha           0x2'e76f     0xc  Code  Gb  xlocale_c.o [2]
_LocaleC_islower           0x2'e769     0x4  Code  Gb  xlocale_c.o [2]
_LocaleC_ispunct           0x2'e785    0x22  Code  Gb  xlocale_c.o [2]
_LocaleC_isupper           0x2'e76d     0x2  Code  Gb  xlocale_c.o [2]
_NRFX_IRQ_ENABLE           0x2'd515     0xe  Code  Lc  drv_rtc.o [1]
_NRFX_IRQ_ENABLE           0x2'edc5     0xe  Code  Lc  nrfx_clock.o [1]
_NRFX_IRQ_ENABLE           0x2'82d1     0xe  Code  Lc  nrfx_gpiote.o [1]
_NRFX_IRQ_ENABLE           0x2'cac7     0xe  Code  Lc  nrfx_uart.o [1]
_NRFX_IRQ_ENABLE           0x2'c3db     0xe  Code  Lc  nrfx_uarte.o [1]
_NRFX_IRQ_IS_ENABLED       0x2'edd3    0x26  Code  Lc  nrfx_clock.o [1]
_NRFX_IRQ_PRIORITY_SET     0x2'd501    0x14  Code  Lc  drv_rtc.o [1]
_NRFX_IRQ_PRIORITY_SET     0x2'edb1    0x14  Code  Lc  nrfx_clock.o [1]
_NRFX_IRQ_PRIORITY_SET     0x2'82bd    0x14  Code  Lc  nrfx_gpiote.o [1]
_NRFX_IRQ_PRIORITY_SET     0x2'cab3    0x14  Code  Lc  nrfx_uart.o [1]
_NRFX_IRQ_PRIORITY_SET     0x2'c3c7    0x14  Code  Lc  nrfx_uarte.o [1]
_SEGGER_RTT             0x2000'afac    0x78  Data  Gb  SEGGER_RTT.o [1]
_WriteBlocking             0x2'dc8d    0x84  Code  Lc  SEGGER_RTT.o [1]
_WriteNoCheck              0x2'dd11    0x70  Code  Lc  SEGGER_RTT.o [1]
__ICFEDIT_region_RAM_end__ {Abs}
                        0x2000'ffff          Data  Gb  <internal module>
__ICFEDIT_region_RAM_start__ {Abs}
                        0x2000'8fff          Data  Gb  <internal module>
__Vectors                  0x2'6000           --   Gb  iar_startup_nrf52.o [1]
__Vectors_End              0x2'6200          Data  Gb  iar_startup_nrf52.o [1]
__Vectors_Size {Abs}          0x200           --   Gb  iar_startup_nrf52.o [1]
__aeabi_ldiv0              0x2'db99          Code  Gb  I64DivZer.o [4]
__aeabi_llsl               0x2'db9d          Code  Gb  I64Shl.o [4]
__aeabi_memclr4            0x2'df7d          Code  Gb  ABImemclr4.o [4]
__aeabi_memcpy             0x2'6ced          Code  Gb  ABImemcpy.o [4]
__aeabi_memcpy4            0x2'6d0d          Code  Gb  ABImemcpy.o [4]
__aeabi_memcpy8            0x2'6d0d          Code  Gb  ABImemcpy.o [4]
__aeabi_memset             0x2'6c0d          Code  Gb  ABImemset.o [4]
__aeabi_uldivmod           0x2'bda5          Code  Gb  I64DivMod.o [4]
__cmain                    0x2'fddd          Code  Gb  cmain.o [4]
__exit                     0x2'fe0d          Code  Gb  XXexit.o [4]
__iar_Memset               0x2'6c0d          Code  Gb  ABImemset.o [4]
__iar_Memset4_word         0x2'e1e1          Code  Gb  ABImemset48.o [4]
__iar_Memset8_word         0x2'e1e1          Code  Gb  ABImemset48.o [4]
__iar_Memset_word          0x2'6c15          Code  Gb  ABImemset.o [4]
__iar_data_init3           0x2'faed    0x28  Code  Gb  data_init.o [4]
__iar_globLocale        0x2000'a1ec    0x48  Data  Lc  xlocale_c.o [2]
__iar_global_Locale        0x2'e7a7     0x4  Code  Gb  xlocale_c.o [2]
__iar_init_vfp             0x2'fc35          Code  Gb  fpinit_M.o [3]
__iar_lz77_init_single3
                           0x2'6c73    0x7a  Code  Gb  lz77_init_single.o [4]
__iar_program_start        0x3'03a5          Code  Gb  cstartup_M.o [4]
__iar_zero_init3           0x2'6d93    0x3a  Code  Gb  zero_init3.o [4]
__sd_nvic_app_accessible_irq
                           0x2'a935    0x36  Code  Lc  nrf_sdh.o [1]
__sd_nvic_irq_disable      0x2'80d9     0x8  Code  Lc  app_util_platform.o [1]
__sd_nvic_irq_enable       0x2'80e1     0x4  Code  Lc  app_util_platform.o [1]
__sd_nvic_is_app_accessible_priority
                           0x2'a96b    0x16  Code  Lc  nrf_sdh.o [1]
__vector_table             0x2'6000          Data  Gb  iar_startup_nrf52.o [1]
_acDownBuffer           0x2000'b328    0x10  Data  Lc  SEGGER_RTT.o [1]
_acUpBuffer             0x2000'a65c   0x200  Data  Lc  SEGGER_RTT.o [1]
_call_main                 0x2'fde9          Code  Gb  cmain.o [4]
_exit                      0x2'fe01          Code  Gb  cexit.o [4]
_main                      0x2'fdf7          Code  Gb  cmain.o [4]
active_flag_count          0x2'a589    0x20  Code  Gb  ble_conn_state.o [1]
adv_uuid_compare           0x2'937d    0x88  Code  Lc  nrf_ble_scan.o [1]
advertising_buttons_configure
                           0x2'a7b7    0x4e  Code  Lc  bsp_btn_ble.o [1]
alert_timer_handler        0x2'9d81     0xc  Code  Lc  bsp.o [1]
app_button_enable          0x2'c31d    0x22  Code  Gb  app_button.o [1]
app_button_init            0x2'c287    0x96  Code  Gb  app_button.o [1]
app_buttons                0x2'fcbc    0x20  Data  Lc  bsp.o [1]
app_error_fault_handler
                           0x2'b975    0x6c  Code  Wk  app_error_weak.o [1]
app_error_handler_bare     0x2'92f9    0x20  Code  Gb  app_error.o [1]
app_fifo_get               0x2'd279    0x20  Code  Gb  app_fifo.o [1]
app_fifo_init              0x2'd21b    0x3a  Code  Gb  app_fifo.o [1]
app_fifo_put               0x2'd255    0x24  Code  Gb  app_fifo.o [1]
app_timer_cnt_get          0x2'b8eb     0xa  Code  Gb  app_timer2.o [1]
app_timer_create           0x2'b86d    0x28  Code  Gb  app_timer2.o [1]
app_timer_init             0x2'b819    0x54  Code  Gb  app_timer2.o [1]
app_timer_start            0x2'b895    0x42  Code  Gb  app_timer2.o [1]
app_timer_stop             0x2'b8d7    0x14  Code  Gb  app_timer2.o [1]
app_uart_get               0x2'a497    0x3e  Code  Gb  app_uart_fifo.o [1]
app_uart_init              0x2'a3db    0xbc  Code  Gb  app_uart_fifo.o [1]
app_uart_inst           0x2000'9008    0x14  Data  Lc  app_uart_fifo.o [1]
app_uart_put               0x2'a4d5    0x46  Code  Gb  app_uart_fifo.o [1]
app_util_critical_region_enter
                           0x2'8179     0xc  Code  Gb  app_util_platform.o [1]
app_util_critical_region_exit
                           0x2'8185     0xe  Code  Gb  app_util_platform.o [1]
apply_config               0x2'cc23    0x7c  Code  Lc  nrfx_uart.o [1]
apply_config               0x2'c54b    0x7c  Code  Lc  nrfx_uarte.o [1]
backend_id_assign          0x2'7ae3    0x44  Code  Lc  nrf_log_frontend.o [1]
ble_advdata_search         0x2'b9e1    0x7e  Code  Gb  ble_advdata.o [1]
ble_advdata_uuid_find      0x2'ba5f    0xf0  Code  Gb  ble_advdata.o [1]
ble_conn_state_central_conn_count
                           0x2'a741    0x18  Code  Gb  ble_conn_state.o [1]
ble_db_discovery_evt_register
                           0x2'6a51    0x24  Code  Gb  ble_db_discovery.o [1]
ble_db_discovery_init      0x2'6a15    0x3c  Code  Gb  ble_db_discovery.o [1]
ble_db_discovery_on_ble_evt
                           0x2'6b81    0x56  Code  Gb  ble_db_discovery.o [1]
ble_db_discovery_start     0x2'6b29    0x3e  Code  Gb  ble_db_discovery.o [1]
ble_evt_handler            0x2'a66d    0xd4  Code  Lc  ble_conn_state.o [1]
ble_evt_handler            0x2'a85d    0x64  Code  Lc  bsp_btn_ble.o [1]
ble_evt_handler            0x2'8e71   0x190  Code  Lc  main.o [1]
ble_nus_c_evt_handler      0x2'8d91    0xa8  Code  Lc  main.o [1]
ble_nus_c_handles_assign
                           0x2'a225    0x2e  Code  Gb  ble_nus_c.o [1]
ble_nus_c_init             0x2'9ffd    0x6a  Code  Gb  ble_nus_c.o [1]
ble_nus_c_on_ble_evt       0x2'a067    0x60  Code  Gb  ble_nus_c.o [1]
ble_nus_c_on_db_disc_evt
                           0x2'9f29    0x9a  Code  Gb  ble_nus_c.o [1]
ble_nus_c_string_send      0x2'a16b    0xa2  Code  Gb  ble_nus_c.o [1]
ble_nus_c_tx_notif_enable
                           0x2'a141    0x2a  Code  Gb  ble_nus_c.o [1]
ble_nus_chars_received_uart_print
                           0x2'8c1b    0x74  Code  Lc  main.o [1]
ble_stack_init             0x2'9001    0x44  Code  Lc  main.o [1]
ble_stack_init::m_ble_observer
                           0x3'04a0     0x8  Data  Lc  main.o [1]
bsp_board_button_idx_to_pin
                           0x2'bd7f     0x6  Code  Gb  boards.o [1]
bsp_board_button_state_get
                           0x2'bd2b    0x1e  Code  Gb  boards.o [1]
bsp_board_buttons_init     0x2'bd49    0x18  Code  Lc  boards.o [1]
bsp_board_init             0x2'bd8d    0x16  Code  Gb  boards.o [1]
bsp_board_led_invert       0x2'bd03     0xe  Code  Gb  boards.o [1]
bsp_board_led_off          0x2'bccb    0x10  Code  Gb  boards.o [1]
bsp_board_led_on           0x2'bcbb    0x10  Code  Gb  boards.o [1]
bsp_board_led_state_get
                           0x2'bc9d    0x1e  Code  Gb  boards.o [1]
bsp_board_leds_init        0x2'bd11    0x1a  Code  Lc  boards.o [1]
bsp_board_leds_off         0x2'bcdb    0x14  Code  Gb  boards.o [1]
bsp_board_leds_on          0x2'bcef    0x14  Code  Gb  boards.o [1]
bsp_board_pin_to_button_idx
                           0x2'bd61    0x1e  Code  Gb  boards.o [1]
bsp_btn_ble_init           0x2'a8c1    0x28  Code  Gb  bsp_btn_ble.o [1]
bsp_btn_ble_sleep_mode_prepare
                           0x2'a82f    0x2e  Code  Gb  bsp_btn_ble.o [1]
bsp_button_event_handler
                           0x2'9893    0xdc  Code  Lc  bsp.o [1]
bsp_button_event_handler::current_long_push_pin_no
                        0x2000'b433     0x1  Data  Lc  bsp.o [1]
bsp_button_event_handler::release_event_at_push
                        0x2000'b40c     0x4  Data  Lc  bsp.o [1]
bsp_button_is_pressed      0x2'987f    0x14  Code  Gb  bsp.o [1]
bsp_event_handler          0x2'90bb    0x16  Code  Gb  main.o [1]
bsp_event_to_button_action_assign
                           0x2'9e31    0x66  Code  Gb  bsp.o [1]
bsp_indication_set         0x2'9d8d    0x1c  Code  Gb  bsp.o [1]
bsp_init                   0x2'9da9    0x88  Code  Gb  bsp.o [1]
bsp_led_indication         0x2'99a3   0x3c8  Code  Lc  bsp.o [1]
bsp_wakeup_button_enable
                           0x2'9f03     0xe  Code  Gb  bsp.o [1]
buf_prealloc               0x2'7601    0xd2  Code  Lc  nrf_log_frontend.o [1]
buffer_add                 0x2'e281    0x30  Code  Lc  nrf_fprintf_format.o [1]
buffer_is_empty            0x2'77f5    0x16  Code  Gb  nrf_log_frontend.o [1]
button_get                 0x2'c039    0x2e  Code  Lc  app_button.o [1]
button_timer_handler       0x2'996f     0xe  Code  Lc  bsp.o [1]
buttons_leds_init          0x2'9145    0x30  Code  Lc  main.o [1]
cccd_configure             0x2'a0c7    0x7a  Code  Lc  ble_nus_c.o [1]
channel_free               0x2'862f    0x28  Code  Lc  nrfx_gpiote.o [1]
channel_handler_get        0x2'85bd     0xa  Code  Lc  nrfx_gpiote.o [1]
channel_port_alloc         0x2'85c7    0x68  Code  Lc  nrfx_gpiote.o [1]
channel_port_get           0x2'85b1     0xc  Code  Lc  nrfx_gpiote.o [1]
characteristics_discover
                           0x2'6531    0xa4  Code  Lc  ble_db_discovery.o [1]
circullar_buffer_size_get
                           0x2'7df1     0xa  Code  Lc  nrf_queue.o [1]
circullar_buffer_size_get::full_queue_indicator
                           0x3'053a     0x1  Data  Lc  nrf_queue.o [1]
clock_clk_started_notify
                           0x2'efd5    0x2a  Code  Lc  nrf_drv_clock.o [1]
clock_irq_handler          0x2'f001    0x2e  Code  Lc  nrf_drv_clock.o [1]
compare_func               0x2'b4e9    0x24  Code  Lc  app_timer2.o [1]
conn_handle_id_find        0x2'70cd    0x30  Code  Lc  nrf_ble_gq.o [1]
conn_handle_list_get       0x2'a545    0x44  Code  Gb  ble_conn_state.o [1]
conn_handle_register       0x2'70fd    0x3a  Code  Lc  nrf_ble_gq.o [1]
connection_buttons_configure
                           0x2'a769    0x4e  Code  Lc  bsp_btn_ble.o [1]
data_length_update         0x2'aea7    0xb6  Code  Lc  nrf_ble_gatt.o [1]
db_disc_handler            0x2'8be5    0x36  Code  Lc  main.o [1]
db_discovery_init          0x2'91c1    0x30  Code  Lc  main.o [1]
descriptors_discover       0x2'65d5    0xec  Code  Lc  ble_db_discovery.o [1]
detection_delay_timeout_handler
                           0x2'c1c1    0x6c  Code  Lc  app_button.o [1]
discovery_available_evt_trigger
                           0x2'62ab    0x3c  Code  Lc  ble_db_discovery.o [1]
discovery_complete_evt_trigger
                           0x2'6351    0xb4  Code  Lc  ble_db_discovery.o [1]
discovery_error_evt_trigger
                           0x2'62e7    0x42  Code  Lc  ble_db_discovery.o [1]
discovery_error_handler
                           0x2'6329    0x28  Code  Lc  ble_db_discovery.o [1]
discovery_start            0x2'6a75    0xb4  Code  Lc  ble_db_discovery.o [1]
dropped_sat16_get          0x2'7587    0x14  Code  Lc  nrf_log_frontend.o [1]
drv_rtc_compare_disable
                           0x2'd823    0x14  Code  Gb  drv_rtc.o [1]
drv_rtc_compare_pending
                           0x2'd837    0x18  Code  Gb  drv_rtc.o [1]
drv_rtc_compare_set        0x2'd637    0x60  Code  Gb  drv_rtc.o [1]
drv_rtc_counter_get        0x2'd84f     0xc  Code  Gb  drv_rtc.o [1]
drv_rtc_init               0x2'd59f    0x7c  Code  Gb  drv_rtc.o [1]
drv_rtc_irq_trigger        0x2'd85b     0xe  Code  Gb  drv_rtc.o [1]
drv_rtc_overflow_enable
                           0x2'd7ff    0x14  Code  Gb  drv_rtc.o [1]
drv_rtc_overflow_pending
                           0x2'd813    0x10  Code  Gb  drv_rtc.o [1]
drv_rtc_start              0x2'd61b     0xe  Code  Gb  drv_rtc.o [1]
drv_rtc_stop               0x2'd629     0xe  Code  Gb  drv_rtc.o [1]
drv_rtc_windowed_compare_set
                           0x2'd6ff   0x100  Code  Gb  drv_rtc.o [1]
errata_108                 0x2'ebb7    0x46  Code  Lc  system_nrf52.o [1]
errata_12                  0x2'ea09    0x4c  Code  Lc  system_nrf52.o [1]
errata_136                 0x2'ebfd    0x46  Code  Lc  system_nrf52.o [1]
errata_16                  0x2'ea55    0x2e  Code  Lc  system_nrf52.o [1]
errata_182                 0x2'ec43    0x18  Code  Lc  system_nrf52.o [1]
errata_31                  0x2'ea83    0x46  Code  Lc  system_nrf52.o [1]
errata_32                  0x2'eac9    0x2a  Code  Lc  system_nrf52.o [1]
errata_36                  0x2'eaf3    0x46  Code  Lc  system_nrf52.o [1]
errata_37                  0x2'eb39    0x2a  Code  Lc  system_nrf52.o [1]
errata_57                  0x2'eb63    0x2a  Code  Lc  system_nrf52.o [1]
errata_66                  0x2'eb8d    0x2a  Code  Lc  system_nrf52.o [1]
evt_disable                0x2'd6b9    0x18  Code  Lc  drv_rtc.o [1]
evt_enable                 0x2'd697    0x22  Code  Lc  drv_rtc.o [1]
evt_handle                 0x2'c08f   0x11c  Code  Gb  app_button.o [1]
evt_pending                0x2'd6d1    0x26  Code  Lc  drv_rtc.o [1]
exit                       0x2'fdfb     0x4  Code  Gb  exit.o [2]
fifo_get                   0x2'd203    0x18  Code  Lc  app_fifo.o [1]
fifo_length                0x2'd1cd     0xa  Code  Lc  app_fifo.o [1]
fifo_length                0x2'a307     0xa  Code  Lc  app_uart_fifo.o [1]
fifo_peek                  0x2'd1ed    0x16  Code  Lc  app_fifo.o [1]
fifo_put                   0x2'd1d7    0x16  Code  Lc  app_fifo.o [1]
flag_toggle                0x2'a645    0x28  Code  Lc  ble_conn_state.o [1]
gatt_error_handler         0x2'9f11    0x18  Code  Lc  ble_nus_c.o [1]
gatt_evt_handler           0x2'9045    0x44  Code  Gb  main.o [1]
gatt_init                  0x2'9089    0x32  Code  Gb  main.o [1]
gattc_write_alloc          0x2'6dcd    0x38  Code  Lc  nrf_ble_gq.o [1]
gatts_hvx_alloc            0x2'6e05    0x4c  Code  Lc  nrf_ble_gq.o [1]
get_now                    0x2'b4b5    0x34  Code  Lc  app_timer2.o [1]
gpiote_event_handler       0x2'c22d    0x5a  Code  Lc  app_button.o [1]
idle_state_handle          0x2'91f1    0x10  Code  Lc  main.o [1]
int_print                  0x2'e3fd    0xc6  Code  Lc  nrf_fprintf_format.o [1]
interrupts_enable          0x2'cc9f    0x42  Code  Lc  nrfx_uart.o [1]
interrupts_enable          0x2'c5c7    0x60  Code  Lc  nrfx_uarte.o [1]
invalid_packets_omit       0x2'747d    0x48  Code  Lc  nrf_log_frontend.o [1]
is_any_conn_handle_registered
                           0x2'7137    0x2c  Code  Lc  nrf_ble_gq.o [1]
is_char_discovery_reqd     0x2'64b9    0x22  Code  Lc  ble_db_discovery.o [1]
is_desc_discovery_reqd     0x2'64db    0x56  Code  Lc  ble_db_discovery.o [1]
is_whitelist_used          0x2'95af    0x22  Code  Gb  nrf_ble_scan.o [1]
isalpha                    0x2'e709    0x14  Code  Gb  isalpha.o [2]
isprint                    0x2'e259    0x28  Code  Gb  isprint.o [2]
ispunct                    0x2'e71d    0x14  Code  Gb  ispunct.o [2]
item_dequeue               0x2'ef9d     0xe  Code  Lc  nrf_drv_clock.o [1]
leds_off                   0x2'997d    0x26  Code  Lc  bsp.o [1]
leds_timer_handler         0x2'9d6b    0x16  Code  Lc  bsp.o [1]
lfclk_stop                 0x2'ef51     0xe  Code  Lc  nrf_drv_clock.o [1]
link_init                  0x2'ae8d    0x1a  Code  Lc  nrf_ble_gatt.o [1]
log_backend_cb_rtt_log_backend
                        0x2000'a1a8     0x8  Data  Lc  nrf_log_default_backends.o [1]
log_const_data$$Base       0x2'f1d8           --   Gb  - Linker created -
log_const_data$$Limit      0x2'f270           --   Gb  - Linker created -
log_dynamic_data$$Base          0x0           --   Gb  - Linker created -
log_init                   0x2'918b    0x20  Code  Lc  main.o [1]
log_mempool                0x3'0168    0x14  Data  Gb  nrf_log_frontend.o [1]
log_mempool_nrf_balloc_cb
                        0x2000'b3d0     0x8  Data  Lc  nrf_log_frontend.o [1]
log_mempool_nrf_balloc_pool_mem
                        0x2000'ac10    0xc0  Data  Lc  nrf_log_frontend.o [1]
log_mempool_nrf_balloc_pool_stack
                        0x2000'b3c8     0x8  Data  Lc  nrf_log_frontend.o [1]
log_skip                   0x2'74c5    0xc2  Code  Lc  nrf_log_frontend.o [1]
m_alert_on              0x2000'b432     0x1  Data  Lc  bsp.o [1]
m_app_timer_sortlist       0x3'02b4     0xc  Data  Lc  app_timer2.o [1]
m_app_timer_sortlist_sortlist_cb
                        0x2000'b3f0     0x4  Data  Lc  app_timer2.o [1]
m_base_counter          0x2000'b398     0x8  Data  Lc  app_timer2.o [1]
m_bcs                   0x2000'af30    0x7c  Data  Lc  ble_conn_state.o [1]
m_ble_evt_observer         0x3'0498     0x8  Data  Lc  ble_conn_state.o [1]
m_ble_gatt_queue        0x2000'a194    0x14  Data  Lc  main.o [1]
m_ble_gatt_queue_obs       0x2'f7d0     0x8  Data  Lc  main.o [1]
m_ble_gatt_queueconn_handles_arr
                        0x2000'a18c     0x8  Data  Lc  main.o [1]
m_ble_gatt_queuepool       0x3'0154    0x14  Data  Gb  main.o [1]
m_ble_gatt_queuepool_nrf_balloc_cb
                        0x2000'b3c0     0x8  Data  Lc  main.o [1]
m_ble_gatt_queuepool_nrf_balloc_pool_mem
                        0x2000'ab50    0xc0  Data  Lc  main.o [1]
m_ble_gatt_queuepool_nrf_balloc_pool_stack
                        0x2000'b3b8     0x8  Data  Lc  main.o [1]
m_ble_gatt_queuepurge_queue
                           0x3'017c    0x14  Data  Gb  main.o [1]
m_ble_gatt_queuepurge_queue_nrf_queue_buffer
                        0x2000'b3b0     0x8  Data  Lc  main.o [1]
m_ble_gatt_queuepurge_queue_nrf_queue_cb
                        0x2000'b374     0xc  Data  Lc  main.o [1]
m_ble_gatt_queuereq_queue
                           0x2'f72c    0x3c  Data  Lc  main.o [1]
m_ble_gatt_queuereq_queue0_nrf_queue_buffer
                        0x2000'acd0    0xa0  Data  Lc  main.o [1]
m_ble_gatt_queuereq_queue0_nrf_queue_cb
                        0x2000'b350     0xc  Data  Lc  main.o [1]
m_ble_gatt_queuereq_queue1_nrf_queue_buffer
                        0x2000'ad70    0xa0  Data  Lc  main.o [1]
m_ble_gatt_queuereq_queue1_nrf_queue_cb
                        0x2000'b35c     0xc  Data  Lc  main.o [1]
m_ble_gatt_queuereq_queue2_nrf_queue_buffer
                        0x2000'ae10    0xa0  Data  Lc  main.o [1]
m_ble_gatt_queuereq_queue2_nrf_queue_cb
                        0x2000'b368     0xc  Data  Lc  main.o [1]
m_ble_nus_c             0x2000'b128    0x48  Data  Lc  main.o [1]
m_ble_nus_c_obs            0x3'004c    0x18  Data  Lc  main.o [1]
m_ble_nus_max_data_len  0x2000'a234     0x2  Data  Lc  main.o [1]
m_ble_observer             0x2'f7a0     0x8  Data  Lc  bsp_btn_ble.o [1]
m_board_btn_list           0x3'04cc     0x4  Data  Lc  boards.o [1]
m_board_led_list           0x3'04c8     0x4  Data  Lc  boards.o [1]
m_bsp_alert_tmr            0x3'04d4     0x4  Data  Lc  bsp.o [1]
m_bsp_alert_tmr_data    0x2000'b278    0x20  Data  Lc  bsp.o [1]
m_bsp_button_tmr           0x3'04d8     0x4  Data  Lc  bsp.o [1]
m_bsp_button_tmr_data   0x2000'b298    0x20  Data  Lc  bsp.o [1]
m_bsp_leds_tmr             0x3'04d0     0x4  Data  Lc  bsp.o [1]
m_bsp_leds_tmr_data     0x2000'b258    0x20  Data  Lc  bsp.o [1]
m_button_count          0x2000'b42a     0x1  Data  Lc  app_button.o [1]
m_cb                    0x2000'b3a8     0x8  Data  Lc  drv_rtc.o [1]
m_cb                    0x2000'b024    0x5c  Data  Lc  nrfx_gpiote.o [1]
m_cb                    0x2000'b1b0    0x2c  Data  Lc  nrfx_uart.o [1]
m_cb                    0x2000'b200    0x24  Data  Lc  nrfx_uarte.o [1]
m_clock_cb              0x2000'b224    0x14  Data  Lc  nrf_drv_clock.o [1]
m_clock_cb              0x2000'b3d8     0x8  Data  Lc  nrfx_clock.o [1]
m_colors                0x2000'a1c4    0x24  Data  Lc  nrf_log_str_formatter.o [1]
m_contexts              0x2000'b420     0x4  Data  Lc  nrf_drv_uart.o [1]
m_db_disc               0x2000'901c  0x1170  Data  Lc  main.o [1]
m_db_disc_obs              0x2'f7a8    0x18  Data  Lc  main.o [1]
m_detection_delay       0x2000'b3e8     0x4  Data  Lc  app_button.o [1]
m_detection_delay_timer_id
                           0x3'04b8     0x4  Data  Lc  app_button.o [1]
m_detection_delay_timer_id_data
                        0x2000'b238    0x20  Data  Lc  app_button.o [1]
m_error_handler         0x2000'b410     0x4  Data  Lc  bsp_btn_ble.o [1]
m_event_handler         0x2000'b3f4     0x4  Data  Lc  app_uart_fifo.o [1]
m_events_list           0x2000'b344     0xc  Data  Lc  bsp.o [1]
m_evt_handler           0x2000'b3f8     0x4  Data  Lc  ble_db_discovery.o [1]
m_gatt                  0x2000'b1dc    0x24  Data  Lc  main.o [1]
m_gatt_obs                 0x2'f7c8     0x8  Data  Lc  main.o [1]
m_global_active         0x2000'b42b     0x1  Data  Lc  app_timer2.o [1]
m_handlers              0x2000'b418     0x4  Data  Lc  drv_rtc.o [1]
m_handlers              0x2000'b41c     0x4  Data  Lc  nrf_drv_uart.o [1]
m_handlers_iter         0x2000'b380     0xc  Data  Lc  nrf_pwr_mgmt.o [1]
m_host_present          0x2000'b435     0x1  Data  Lc  nrf_log_backend_rtt.o [1]
m_indication_type       0x2000'b404     0x4  Data  Lc  bsp.o [1]
m_initialized           0x2000'b42f     0x1  Data  Lc  ble_db_discovery.o [1]
m_leds_clear            0x2000'b431     0x1  Data  Lc  bsp.o [1]
m_log_data              0x2000'a238   0x424  Data  Lc  nrf_log_frontend.o [1]
m_log_push_ringbuf         0x3'02fc     0xc  Data  Lc  nrf_log_frontend.o [1]
m_log_push_ringbuf_buf  0x2000'aeb0    0x80  Data  Lc  nrf_log_frontend.o [1]
m_log_push_ringbuf_cb   0x2000'b2d0    0x18  Data  Lc  nrf_log_frontend.o [1]
m_nrf_log_CLOCK_logs_data_const
                           0x2'f248     0x8  Data  Gb  nrfx_clock.o [1]
m_nrf_log_GPIOTE_logs_data_const
                           0x2'f250     0x8  Data  Gb  nrfx_gpiote.o [1]
m_nrf_log_PRS_logs_data_const
                           0x2'f258     0x8  Data  Gb  nrfx_prs.o [1]
m_nrf_log_UARTE_logs_data_const
                           0x2'f268     0x8  Data  Gb  nrfx_uarte.o [1]
m_nrf_log_UART_logs_data_const
                           0x2'f260     0x8  Data  Gb  nrfx_uart.o [1]
m_nrf_log_app_button_logs_data_const
                           0x2'f1d8     0x8  Data  Gb  app_button.o [1]
m_nrf_log_app_logs_data_const
                           0x2'f218     0x8  Data  Gb  nrf_log_frontend.o [1]
m_nrf_log_app_timer_logs_data_const
                           0x2'f1e0     0x8  Data  Gb  app_timer2.o [1]
m_nrf_log_ble_db_disc_logs_data_const
                           0x2'f1e8     0x8  Data  Gb  ble_db_discovery.o [1]
m_nrf_log_ble_nus_c_logs_data_const
                           0x2'f1f0     0x8  Data  Gb  ble_nus_c.o [1]
m_nrf_log_ble_scan_logs_data_const
                           0x2'f208     0x8  Data  Gb  nrf_ble_scan.o [1]
m_nrf_log_clock_logs_data_const
                           0x2'f210     0x8  Data  Gb  nrf_drv_clock.o [1]
m_nrf_log_nrf_ble_gatt_logs_data_const
                           0x2'f1f8     0x8  Data  Gb  nrf_ble_gatt.o [1]
m_nrf_log_nrf_ble_gq_logs_data_const
                           0x2'f200     0x8  Data  Gb  nrf_ble_gq.o [1]
m_nrf_log_nrf_sdh_ble_logs_data_const
                           0x2'f230     0x8  Data  Gb  nrf_sdh_ble.o [1]
m_nrf_log_nrf_sdh_logs_data_const
                           0x2'f228     0x8  Data  Gb  nrf_sdh.o [1]
m_nrf_log_nrf_sdh_soc_logs_data_const
                           0x2'f238     0x8  Data  Gb  nrf_sdh_soc.o [1]
m_nrf_log_pwr_mgmt_logs_data_const
                           0x2'f220     0x8  Data  Gb  nrf_pwr_mgmt.o [1]
m_nrf_log_sortlist_logs_data_const
                           0x2'f240     0x8  Data  Gb  nrf_sortlist.o [1]
m_nrf_sdh_ble_evts_poll
                           0x3'0280     0x8  Data  Lc  nrf_sdh_ble.o [1]
m_nrf_sdh_continue      0x2000'b43a     0x1  Data  Lc  nrf_sdh.o [1]
m_nrf_sdh_enabled       0x2000'b438     0x1  Data  Lc  nrf_sdh.o [1]
m_nrf_sdh_soc_evts_poll
                           0x3'0288     0x8  Data  Lc  nrf_sdh_soc.o [1]
m_nrf_sdh_suspended     0x2000'b439     0x1  Data  Lc  nrf_sdh.o [1]
m_num_connections       0x2000'b414     0x4  Data  Lc  bsp_btn_ble.o [1]
m_num_of_handlers_reg   0x2000'b400     0x4  Data  Lc  ble_db_discovery.o [1]
m_nus_uuid                 0x3'04dc     0x4  Data  Lc  main.o [1]
m_pin_active            0x2000'b390     0x8  Data  Lc  app_button.o [1]
m_pin_states            0x2000'b2e8    0x10  Data  Lc  app_button.o [1]
m_prs_box_4             0x2000'b3e0     0x8  Data  Lc  nrfx_prs.o [1]
m_pwr_mgmt_evt          0x2000'b436     0x1  Data  Lc  nrf_pwr_mgmt.o [1]
m_ram_start                0x3'04ec     0x4  Data  Gb  nrf_sdh_ble.o [1]
m_registered_callback   0x2000'b408     0x4  Data  Lc  bsp.o [1]
m_registered_handlers   0x2000'b2b8    0x18  Data  Lc  ble_db_discovery.o [1]
m_req_data_alloc           0x2'ff2c    0x18  Data  Lc  nrf_ble_gq.o [1]
m_req_fifo                 0x3'04c0     0x4  Data  Lc  app_timer2.o [1]
m_req_fifo_data         0x2000'b080    0x58  Data  Lc  app_timer2.o [1]
m_req_fifo_inst         0x2000'b2f8    0x10  Data  Lc  app_timer2.o [1]
[...]
nrf_queue_next_idx         0x2'7e01    0x10  Code  Lc  nrf_queue.o [1]
nrf_queue_push             0x2'7e55    0xd8  Code  Gb  nrf_queue.o [1]
nrf_ringbuf_init           0x2'7ff1    0x26  Code  Gb  nrf_ringbuf.o [1]
nrf_rtc_cc_get             0x2'd549     0xa  Code  Lc  drv_rtc.o [1]
nrf_rtc_cc_set             0x2'd53f     0xa  Code  Lc  drv_rtc.o [1]
nrf_rtc_counter_get        0x2'd57d     0x6  Code  Lc  drv_rtc.o [1]
nrf_rtc_event_clear        0x2'd565    0x18  Code  Lc  drv_rtc.o [1]
nrf_rtc_event_disable      0x2'd599     0x6  Code  Lc  drv_rtc.o [1]
nrf_rtc_event_enable       0x2'd593     0x6  Code  Lc  drv_rtc.o [1]
nrf_rtc_event_pending      0x2'd55f     0x6  Code  Lc  drv_rtc.o [1]
nrf_rtc_int_disable        0x2'd559     0x6  Code  Lc  drv_rtc.o [1]
nrf_rtc_int_enable         0x2'd553     0x6  Code  Lc  drv_rtc.o [1]
nrf_rtc_prescaler_set      0x2'd583     0x6  Code  Lc  drv_rtc.o [1]
nrf_rtc_task_trigger       0x2'd589     0xa  Code  Lc  drv_rtc.o [1]
nrf_sdh_ble_app_ram_start_get
                           0x2'ab55    0x14  Code  Gb  nrf_sdh_ble.o [1]
nrf_sdh_ble_default_cfg_set
                           0x2'ab69   0x1d6  Code  Gb  nrf_sdh_ble.o [1]
nrf_sdh_ble_enable         0x2'ad4f    0x94  Code  Gb  nrf_sdh_ble.o [1]
nrf_sdh_ble_evts_poll      0x2'ade3    0x68  Code  Lc  nrf_sdh_ble.o [1]
nrf_sdh_enable_request     0x2'aa69    0x78  Code  Gb  nrf_sdh.o [1]
nrf_sdh_evts_poll          0x2'aae7    0x2c  Code  Gb  nrf_sdh.o [1]
nrf_sdh_is_enabled         0x2'aae1     0x6  Code  Gb  nrf_sdh.o [1]
nrf_sdh_soc_evts_poll      0x2'f44d    0x4a  Code  Lc  nrf_sdh_soc.o [1]
nrf_section_iter_get       0x2'b351     0x4  Code  Lc  nrf_pwr_mgmt.o [1]
nrf_section_iter_get       0x2'a931     0x4  Code  Lc  nrf_sdh.o [1]
nrf_section_iter_get       0x2'ab51     0x4  Code  Lc  nrf_sdh_ble.o [1]
nrf_section_iter_get       0x2'f449     0x4  Code  Lc  nrf_sdh_soc.o [1]
nrf_section_iter_init      0x2'd409    0x14  Code  Gb  nrf_section_iter.o [1]
nrf_section_iter_item_set
                           0x2'd3db    0x2e  Code  Lc  nrf_section_iter.o [1]
nrf_section_iter_next      0x2'd41d    0x2c  Code  Gb  nrf_section_iter.o [1]
nrf_sortlist_add           0x2'd8a5    0x26  Code  Gb  nrf_sortlist.o [1]
nrf_sortlist_pop           0x2'd8cb    0x1a  Code  Gb  nrf_sortlist.o [1]
nrf_sortlist_remove        0x2'd8e5    0x28  Code  Gb  nrf_sortlist.o [1]
nrf_strerror_array         0x2'f0b0   0x128  Data  Lc  nrf_strerror.o [1]
nrf_strerror_find          0x2'd45d    0x3c  Code  Gb  nrf_strerror.o [1]
nrf_strerror_get           0x2'd449    0x14  Code  Gb  nrf_strerror.o [1]
nrf_uart_baudrate_set      0x2'cb75     0x6  Code  Lc  nrfx_uart.o [1]
nrf_uart_configure         0x2'cb61    0x14  Code  Lc  nrfx_uart.o [1]
nrf_uart_enable            0x2'cb29     0x8  Code  Lc  nrfx_uart.o [1]
nrf_uart_errorsrc_get_and_clear
                           0x2'cb1d     0xc  Code  Lc  nrfx_uart.o [1]
nrf_uart_event_check       0x2'caed    0x12  Code  Lc  nrfx_uart.o [1]
nrf_uart_event_clear       0x2'cad5    0x18  Code  Lc  nrfx_uart.o [1]
nrf_uart_hwfc_pins_set     0x2'cb3b     0xa  Code  Lc  nrfx_uart.o [1]
nrf_uart_int_disable       0x2'cb17     0x6  Code  Lc  nrfx_uart.o [1]
nrf_uart_int_enable        0x2'caff     0x6  Code  Lc  nrfx_uart.o [1]
nrf_uart_int_enable_check
                           0x2'cb05    0x12  Code  Lc  nrfx_uart.o [1]
nrf_uart_rxd_get           0x2'cb45     0x8  Code  Lc  nrfx_uart.o [1]
nrf_uart_task_trigger      0x2'cb57     0xa  Code  Lc  nrfx_uart.o [1]
nrf_uart_txd_set           0x2'cb4d     0xa  Code  Lc  nrfx_uart.o [1]
nrf_uart_txrx_pins_set     0x2'cb31     0xa  Code  Lc  nrfx_uart.o [1]
nrf_uarte_baudrate_set     0x2'c47d     0x6  Code  Lc  nrfx_uarte.o [1]
nrf_uarte_configure        0x2'c469    0x14  Code  Lc  nrfx_uarte.o [1]
nrf_uarte_enable           0x2'c443     0x8  Code  Lc  nrfx_uarte.o [1]
nrf_uarte_errorsrc_get_and_clear
                           0x2'c437     0xc  Code  Lc  nrfx_uarte.o [1]
nrf_uarte_event_check      0x2'c401    0x12  Code  Lc  nrfx_uarte.o [1]
nrf_uarte_event_clear      0x2'c3e9    0x18  Code  Lc  nrfx_uarte.o [1]
nrf_uarte_hwfc_pins_set
                           0x2'c455     0xa  Code  Lc  nrfx_uarte.o [1]
nrf_uarte_int_disable      0x2'c431     0x6  Code  Lc  nrfx_uarte.o [1]
nrf_uarte_int_enable       0x2'c42b     0x6  Code  Lc  nrfx_uarte.o [1]
nrf_uarte_rx_amount_get
                           0x2'c49d     0x6  Code  Lc  nrfx_uarte.o [1]
nrf_uarte_rx_buffer_set
                           0x2'c493     0xa  Code  Lc  nrfx_uarte.o [1]
nrf_uarte_shorts_disable
                           0x2'c41f     0xc  Code  Lc  nrfx_uarte.o [1]
nrf_uarte_shorts_enable
                           0x2'c413     0xc  Code  Lc  nrfx_uarte.o [1]
nrf_uarte_task_trigger     0x2'c45f     0xa  Code  Lc  nrfx_uarte.o [1]
nrf_uarte_tx_amount_get
                           0x2'c48d     0x6  Code  Lc  nrfx_uarte.o [1]
nrf_uarte_tx_buffer_set
                           0x2'c483     0xa  Code  Lc  nrfx_uarte.o [1]
nrf_uarte_txrx_pins_set
                           0x2'c44b     0xa  Code  Lc  nrfx_uarte.o [1]
nrfx_clock_enable          0x2'eea7     0xe  Code  Gb  nrfx_clock.o [1]
nrfx_clock_init            0x2'ee89    0x1e  Code  Gb  nrfx_clock.o [1]
nrfx_clock_lfclk_stop      0x2'eeb5    0x12  Code  Gb  nrfx_clock.o [1]
nrfx_coredep_delay_us      0x2'd523    0x1c  Code  Lc  drv_rtc.o [1]
nrfx_coredep_delay_us      0x2'da71    0x1a  Code  Lc  nrf_log_backend_rtt.o [1]
nrfx_coredep_delay_us::delay_machine_code
                           0x3'03b0     0x8  Data  Lc  drv_rtc.o [1]
nrfx_coredep_delay_us::delay_machine_code
                           0x3'03f0     0x8  Data  Lc  nrf_log_backend_rtt.o [1]
nrfx_get_irq_number        0x2'edab     0x6  Code  Lc  nrfx_clock.o [1]
nrfx_get_irq_number        0x2'caad     0x6  Code  Lc  nrfx_uart.o [1]
nrfx_get_irq_number        0x2'c3c1     0x6  Code  Lc  nrfx_uarte.o [1]
nrfx_gpiote_in_event_enable
                           0x2'8799    0xac  Code  Gb  nrfx_gpiote.o [1]
nrfx_gpiote_in_init        0x2'86e9    0xb0  Code  Gb  nrfx_gpiote.o [1]
nrfx_gpiote_in_is_set      0x2'8845    0x18  Code  Gb  nrfx_gpiote.o [1]
nrfx_gpiote_init           0x2'8657    0x7c  Code  Gb  nrfx_gpiote.o [1]
nrfx_gpiote_is_init        0x2'86d3    0x16  Code  Gb  nrfx_gpiote.o [1]
nrfx_is_in_ram             0x2'c3ad    0x14  Code  Lc  nrfx_uarte.o [1]
nrfx_power_clock_irq_init
                           0x2'ee51    0x38  Code  Lc  nrfx_clock.o [1]
nrfx_prs_acquire           0x2'dbe5    0x4a  Code  Gb  nrfx_prs.o [1]
nrfx_uart_0_irq_handler
                           0x2'd1a3     0xc  Code  Gb  nrfx_uart.o [1]
nrfx_uart_init             0x2'cce1    0x80  Code  Gb  nrfx_uart.o [1]
nrfx_uart_init::irq_handlers
                           0x3'04f8     0x4  Data  Lc  nrfx_uart.o [1]
nrfx_uart_rx               0x2'cec5   0x136  Code  Gb  nrfx_uart.o [1]
nrfx_uart_tx               0x2'cdbf    0x8a  Code  Gb  nrfx_uart.o [1]
nrfx_uart_tx_in_progress
                           0x2'ce49    0x1e  Code  Gb  nrfx_uart.o [1]
nrfx_uarte_0_irq_handler
                           0x2'ca3b     0xc  Code  Gb  nrfx_uarte.o [1]
nrfx_uarte_init            0x2'c627    0x7a  Code  Gb  nrfx_uarte.o [1]
nrfx_uarte_init::irq_handlers
                           0x3'04fc     0x4  Data  Lc  nrfx_uarte.o [1]
nrfx_uarte_rx              0x2'c77d   0x13c  Code  Gb  nrfx_uarte.o [1]
nrfx_uarte_tx              0x2'c6a1    0xbe  Code  Gb  nrfx_uarte.o [1]
nrfx_uarte_tx_in_progress
                           0x2'c75f    0x1e  Code  Gb  nrfx_uarte.o [1]
nus_c_init                 0x2'910d    0x38  Code  Lc  main.o [1]
nus_error_handler          0x2'8ab9     0xc  Code  Lc  main.o [1]
on_characteristic_discovery_rsp
                           0x2'677b   0x180  Code  Lc  ble_db_discovery.o [1]
on_compare1_evt            0x2'b673    0x10  Code  Lc  app_timer2.o [1]
on_compare_evt             0x2'b659    0x1a  Code  Lc  app_timer2.o [1]
on_connected_evt           0x2'af5d    0xa8  Code  Lc  nrf_ble_gatt.o [1]
on_data_length_update_evt
                           0x2'b13d    0x52  Code  Lc  nrf_ble_gatt.o [1]
on_data_length_update_request_evt
                           0x2'b18f    0x38  Code  Lc  nrf_ble_gatt.o [1]
on_descriptor_discovery_rsp
                           0x2'68fb   0x11a  Code  Lc  ble_db_discovery.o [1]
on_disconnected            0x2'6b67    0x1a  Code  Lc  ble_db_discovery.o [1]
on_disconnected_evt        0x2'b005    0x14  Code  Lc  nrf_ble_gatt.o [1]
on_exchange_mtu_request_evt
                           0x2'b09b    0xa2  Code  Lc  nrf_ble_gatt.o [1]
on_exchange_mtu_rsp_evt
                           0x2'b019    0x82  Code  Lc  nrf_ble_gatt.o [1]
on_hvx                     0x2'9fc3    0x3a  Code  Lc  ble_nus_c.o [1]
on_overflow_evt            0x2'b645    0x14  Code  Lc  app_timer2.o [1]
on_primary_srv_discovery_rsp
                           0x2'66c1    0xba  Code  Lc  ble_db_discovery.o [1]
on_srv_disc_completion     0x2'6405    0xb4  Code  Lc  ble_db_discovery.o [1]
pending_user_evts_send     0x2'6275    0x36  Code  Lc  ble_db_discovery.o [1]
pin_configured_set         0x2'85a1    0x10  Code  Lc  nrfx_gpiote.o [1]
pin_in_use_by_gpiote       0x2'8553    0x18  Code  Lc  nrfx_gpiote.o [1]
pin_in_use_by_port         0x2'853b    0x18  Code  Lc  nrfx_gpiote.o [1]
pin_in_use_by_te           0x2'850d    0x2e  Code  Lc  nrfx_gpiote.o [1]
pin_in_use_by_te_set       0x2'856b    0x26  Code  Lc  nrfx_gpiote.o [1]
pin_in_use_clear           0x2'8591    0x10  Code  Lc  nrfx_gpiote.o [1]
postfix_process            0x2'dfeb    0x42  Code  Lc  nrf_log_str_formatter.o [1]
power_management_init      0x2'91ab    0x16  Code  Lc  main.o [1]
prefix_process             0x2'df87    0x64  Code  Lc  nrf_log_str_formatter.o [1]
prs_box_get                0x2'dbcb    0x10  Code  Lc  nrfx_prs.o [1]
pwr_mgmt_data              0x3'0320     0xc  Data  Lc  nrf_pwr_mgmt.o [1]
pwr_mgmt_data0$$Base            0x0           --   Gb  - Linker created -
pwr_mgmt_data0$$Limit           0x0           --   Gb  - Linker created -
pwr_mgmt_data1$$Base       0x3'0500           --   Gb  - Linker created -
pwr_mgmt_data1$$Limit      0x3'0504           --   Gb  - Linker created -
pwr_mgmt_data2$$Base            0x0           --   Gb  - Linker created -
pwr_mgmt_data2$$Limit           0x0           --   Gb  - Linker created -
pwr_mgmt_data_array        0x2'ff5c    0x18  Data  Lc  nrf_pwr_mgmt.o [1]
pwr_mgmt_fpu_sleep_prepare
                           0x2'b395    0x2e  Code  Lc  nrf_pwr_mgmt.o [1]
queue_process              0x2'6e93   0x118  Code  Lc  nrf_ble_gq.o [1]
queue_utilization_get      0x2'7e11    0x22  Code  Lc  nrf_queue.o [1]
queues_purge               0x2'6fab    0x68  Code  Lc  nrf_ble_gq.o [1]
ram_end_address_get        0x2'ad3f    0x10  Code  Lc  nrf_sdh_ble.o [1]
record_activate            0x2'a5a9    0x2e  Code  Lc  ble_conn_state.o [1]
record_invalidate          0x2'a5d7    0x22  Code  Lc  ble_conn_state.o [1]
record_purge_disconnected
                           0x2'a60b    0x3a  Code  Lc  ble_conn_state.o [1]
record_set_disconnected
                           0x2'a5f9    0x12  Code  Lc  ble_conn_state.o [1]
registered_handler_get     0x2'6201    0x3c  Code  Lc  ble_db_discovery.o [1]
registered_handler_set     0x2'623d    0x38  Code  Lc  ble_db_discovery.o [1]
request_err_code_handle
                           0x2'6e51    0x42  Code  Lc  nrf_ble_gq.o [1]
request_process            0x2'7013    0xba  Code  Lc  nrf_ble_gq.o [1]
rtc_irq                    0x2'b797    0x44  Code  Lc  app_timer2.o [1]
rtc_schedule               0x2'b589    0x82  Code  Lc  app_timer2.o [1]
rtc_update                 0x2'b683    0x96  Code  Lc  app_timer2.o [1]
rtt_log_backend            0x3'0270    0x10  Data  Lc  nrf_log_default_backends.o [1]
rx_buffer               0x2000'b42d     0x1  Data  Lc  app_uart_fifo.o [1]
rx_byte                    0x2'ce89    0x3c  Code  Lc  nrfx_uart.o [1]
rx_done_event              0x2'cffb    0x1c  Code  Lc  nrfx_uart.o [1]
rx_done_event              0x2'c8b9    0x1c  Code  Lc  nrfx_uarte.o [1]
rx_enable                  0x2'ce67    0x22  Code  Lc  nrfx_uart.o [1]
scan_evt_handler           0x2'8af3    0x7e  Code  Lc  main.o [1]
scan_init                  0x2'8b71    0x74  Code  Lc  main.o [1]
scan_start                 0x2'8ac5    0x2e  Code  Lc  main.o [1]
sd_nvic_EnableIRQ          0x2'a981    0x60  Code  Lc  nrf_sdh.o [1]
sd_nvic_critical_region_enter
                           0x2'80e5    0x44  Code  Lc  app_util_platform.o [1]
sd_nvic_critical_region_exit
                           0x2'8129    0x36  Code  Lc  app_util_platform.o [1]
sd_state_evt_handler       0x2'f047    0x58  Code  Lc  nrf_drv_clock.o [1]
sdh_ble_observers          0x3'035c     0xc  Data  Lc  nrf_sdh_ble.o [1]
sdh_ble_observers0$$Base
                           0x3'0498           --   Gb  - Linker created -
sdh_ble_observers0$$Limit
                           0x3'04a0           --   Gb  - Linker created -
sdh_ble_observers1$$Base
                           0x2'f7a0           --   Gb  - Linker created -
sdh_ble_observers1$$Limit
                           0x2'f7d8           --   Gb  - Linker created -
sdh_ble_observers2$$Base
                           0x3'004c           --   Gb  - Linker created -
sdh_ble_observers2$$Limit
                           0x3'0064           --   Gb  - Linker created -
sdh_ble_observers3$$Base
                           0x3'04a0           --   Gb  - Linker created -
sdh_ble_observers3$$Limit
                           0x3'04a8           --   Gb  - Linker created -
sdh_ble_observers_array
                           0x2'fd1c    0x20  Data  Lc  nrf_sdh_ble.o [1]
sdh_req_observers          0x3'032c     0xc  Data  Lc  nrf_sdh.o [1]
sdh_req_observers0$$Base
                                0x0           --   Gb  - Linker created -
sdh_req_observers0$$Limit
                                0x0           --   Gb  - Linker created -
sdh_req_observers1$$Base
                                0x0           --   Gb  - Linker created -
sdh_req_observers1$$Limit
                                0x0           --   Gb  - Linker created -
sdh_req_observers_array
                           0x3'0200    0x10  Data  Lc  nrf_sdh.o [1]
sdh_request_observer_notify
                           0x2'a9e1    0x3e  Code  Lc  nrf_sdh.o [1]
sdh_soc_observers          0x3'0374     0xc  Data  Lc  nrf_sdh_soc.o [1]
sdh_soc_observers0$$Base
                           0x3'04a8           --   Gb  - Linker created -
sdh_soc_observers0$$Limit
                           0x3'04b0           --   Gb  - Linker created -
sdh_soc_observers1$$Base
                                0x0           --   Gb  - Linker created -
sdh_soc_observers1$$Limit
                                0x0           --   Gb  - Linker created -
sdh_soc_observers_array
                           0x3'0230    0x10  Data  Lc  nrf_sdh_soc.o [1]
sdh_stack_observers        0x3'0344     0xc  Data  Lc  nrf_sdh.o [1]
sdh_stack_observers0$$Base
                           0x3'0280           --   Gb  - Linker created -
sdh_stack_observers0$$Limit
                           0x3'0290           --   Gb  - Linker created -
sdh_stack_observers1$$Base
                                0x0           --   Gb  - Linker created -
sdh_stack_observers1$$Limit
                                0x0           --   Gb  - Linker created -
sdh_stack_observers_array
                           0x3'0220    0x10  Data  Lc  nrf_sdh.o [1]
sdh_state_observer_notify
                           0x2'aa1f    0x32  Code  Lc  nrf_sdh.o [1]
sdh_state_observers        0x3'0338     0xc  Data  Lc  nrf_sdh.o [1]
sdh_state_observers0$$Base
                           0x3'04b0           --   Gb  - Linker created -
sdh_state_observers0$$Limit
                           0x3'04b8           --   Gb  - Linker created -
sdh_state_observers1$$Base
                                0x0           --   Gb  - Linker created -
sdh_state_observers1$$Limit
                                0x0           --   Gb  - Linker created -
sdh_state_observers_array
                           0x3'0210    0x10  Data  Lc  nrf_sdh.o [1]
serial_tx                  0x2'daab    0x5a  Code  Lc  nrf_log_backend_rtt.o [1]
severity_names          0x2000'a1b0    0x14  Data  Lc  nrf_log_str_formatter.o [1]
shutdown_handler           0x2'8e39    0x38  Code  Lc  main.o [1]
shutdown_handler_handler_function
                           0x3'0500     0x4  Data  Lc  main.o [1]
shutdown_process           0x2'b3f7    0x5c  Code  Lc  nrf_pwr_mgmt.o [1]
soc_evt_handler            0x2'f02f    0x18  Code  Lc  nrf_drv_clock.o [1]
softdevices_evt_irq_enable
                           0x2'aa51    0x18  Code  Lc  nrf_sdh.o [1]
sorted_list_stop_all       0x2'b62f    0x16  Code  Lc  app_timer2.o [1]
sortlist_peek              0x2'b61d    0x12  Code  Lc  app_timer2.o [1]
sortlist_pop               0x2'b60b    0x12  Code  Lc  app_timer2.o [1]
startup_event_extract      0x2'a805    0x2a  Code  Lc  bsp_btn_ble.o [1]
state_get                  0x2'bfd5    0x22  Code  Lc  app_button.o [1]
state_set                  0x2'bff7    0x42  Code  Lc  app_button.o [1]
std_header_set             0x2'759b    0x66  Code  Lc  nrf_log_frontend.o [1]
std_n                      0x2'76d3    0x6e  Code  Lc  nrf_log_frontend.o [1]
strcpy                     0x2'df31          Code  Gb  strcpy.o [4]
string_print               0x2'e2b1    0x8a  Code  Lc  nrf_fprintf_format.o [1]
strlen                     0x2'e731          Code  Gb  strlen.o [4]
ticks_sub                  0x2'd6f7     0x8  Code  Lc  drv_rtc.o [1]
timer_expire               0x2'b50d    0x7c  Code  Lc  app_timer2.o [1]
timer_init                 0x2'9175    0x16  Code  Lc  main.o [1]
timer_req_process          0x2'b719    0x7e  Code  Lc  app_timer2.o [1]
timer_req_schedule         0x2'b7e5    0x34  Code  Lc  app_timer2.o [1]
timer_request_proc_trigger
                           0x2'b7db     0xa  Code  Lc  app_timer2.o [1]
timer_start                0x2'c1ab    0x16  Code  Lc  app_button.o [1]
timestamp_print            0x2'df85     0x2  Code  Lc  nrf_log_str_formatter.o [1]
tx_blocking                0x2'cd89    0x36  Code  Lc  nrfx_uart.o [1]
tx_buffer               0x2000'b42c     0x1  Data  Lc  app_uart_fifo.o [1]
tx_byte                    0x2'cd61    0x28  Code  Lc  nrfx_uart.o [1]
tx_done_event              0x2'd017    0x24  Code  Lc  nrfx_uart.o [1]
tx_done_event              0x2'c8d5    0x24  Code  Lc  nrfx_uarte.o [1]
uart_event_handle          0x2'8c8f   0x102  Code  Gb  main.o [1]
uart_event_handle::data_array
                        0x2000'aa5c    0xf4  Data  Lc  main.o [1]
uart_event_handle::index
                        0x2000'b428     0x2  Data  Lc  main.o [1]
uart_event_handler         0x2'a311    0xca  Code  Lc  app_uart_fifo.o [1]
uart_evt_handler           0x2'd2c7    0x2e  Code  Lc  nrf_drv_uart.o [1]
uart_init                  0x2'90d1    0x3c  Code  Lc  main.o [1]
uart_init{2}{3}::rx_buf
                        0x2000'a85c   0x100  Data  Lc  main.o [1]
uart_init{2}{3}::tx_buf
                        0x2000'a95c   0x100  Data  Lc  main.o [1]
uart_irq_handler           0x2'd03b   0x168  Code  Lc  nrfx_uart.o [1]
uarte_evt_handler          0x2'd299    0x2e  Code  Lc  nrf_drv_uart.o [1]
uarte_irq_handler          0x2'c8f9   0x142  Code  Lc  nrfx_uarte.o [1]
unsigned_print             0x2'e33b    0xbe  Code  Lc  nrf_fprintf_format.o [1]
unsigned_print::_aV2C      0x3'01e0    0x10  Data  Lc  nrf_fprintf_format.o [1]
usr_event                  0x2'c067    0x28  Code  Lc  app_button.o [1]
wakeup_button_cfg          0x2'9ed5    0x2e  Code  Lc  bsp.o [1]


[1] = C:\Nordic_BLE_SDK\nRF5_SDK_16.0.0_98a08e2\examples\ble_central_and_peripheral\ble_app_uart_central_peripheral_both\pca10040\s132\iar\_build
[2] = dl7M_tlf.a
[3] = m7M_tls.a
[4] = rt7M_tl.a

  37 338 bytes of readonly  code memory
   5 148 bytes of readonly  data memory
  17 466 bytes of readwrite data memory

Errors: none
Warnings: none
