###############################################################################
#
# IAR ELF Linker V8.30.1.114/W32 for ARM                  03/Nov/2021  11:36:31
# Copyright 2007-2018 IAR Systems AB.
#
#    Output file  =  
#        C:\Nordic_BLE_SDK\nRF5_SDK_16.0.0_98a08e2\examples\ble_peripheral\ble_app_blinky\pca10040\s132\iar\_build\ble_app_blinky_pca10040_s132.out
#    Map file     =  
#        C:\Nordic_BLE_SDK\nRF5_SDK_16.0.0_98a08e2\examples\ble_peripheral\ble_app_blinky\pca10040\s132\iar\_build\ble_app_blinky_pca10040_s132.map
#    Command line =  
#        -f C:\Users\wangb\AppData\Local\Temp\EW2508.tmp
#        (C:\Nordic_BLE_SDK\nRF5_SDK_16.0.0_98a08e2\examples\ble_peripheral\ble_app_blinky\pca10040\s132\iar\_build\app_button.o
#        C:\Nordic_BLE_SDK\nRF5_SDK_16.0.0_98a08e2\examples\ble_peripheral\ble_app_blinky\pca10040\s132\iar\_build\app_error.o
#        C:\Nordic_BLE_SDK\nRF5_SDK_16.0.0_98a08e2\examples\ble_peripheral\ble_app_blinky\pca10040\s132\iar\_build\app_error_handler_iar.o
#        C:\Nordic_BLE_SDK\nRF5_SDK_16.0.0_98a08e2\examples\ble_peripheral\ble_app_blinky\pca10040\s132\iar\_build\app_error_weak.o
#        C:\Nordic_BLE_SDK\nRF5_SDK_16.0.0_98a08e2\examples\ble_peripheral\ble_app_blinky\pca10040\s132\iar\_build\app_scheduler.o
#        C:\Nordic_BLE_SDK\nRF5_SDK_16.0.0_98a08e2\examples\ble_peripheral\ble_app_blinky\pca10040\s132\iar\_build\app_timer2.o
#        C:\Nordic_BLE_SDK\nRF5_SDK_16.0.0_98a08e2\examples\ble_peripheral\ble_app_blinky\pca10040\s132\iar\_build\app_util_platform.o
#        C:\Nordic_BLE_SDK\nRF5_SDK_16.0.0_98a08e2\examples\ble_peripheral\ble_app_blinky\pca10040\s132\iar\_build\ble_advdata.o
#        C:\Nordic_BLE_SDK\nRF5_SDK_16.0.0_98a08e2\examples\ble_peripheral\ble_app_blinky\pca10040\s132\iar\_build\ble_conn_params.o
#        C:\Nordic_BLE_SDK\nRF5_SDK_16.0.0_98a08e2\examples\ble_peripheral\ble_app_blinky\pca10040\s132\iar\_build\ble_conn_state.o
#        C:\Nordic_BLE_SDK\nRF5_SDK_16.0.0_98a08e2\examples\ble_peripheral\ble_app_blinky\pca10040\s132\iar\_build\ble_lbs.o
#        C:\Nordic_BLE_SDK\nRF5_SDK_16.0.0_98a08e2\examples\ble_peripheral\ble_app_blinky\pca10040\s132\iar\_build\ble_srv_common.o
#        C:\Nordic_BLE_SDK\nRF5_SDK_16.0.0_98a08e2\examples\ble_peripheral\ble_app_blinky\pca10040\s132\iar\_build\boards.o
#        C:\Nordic_BLE_SDK\nRF5_SDK_16.0.0_98a08e2\examples\ble_peripheral\ble_app_blinky\pca10040\s132\iar\_build\drv_rtc.o
#        C:\Nordic_BLE_SDK\nRF5_SDK_16.0.0_98a08e2\examples\ble_peripheral\ble_app_blinky\pca10040\s132\iar\_build\hardfault_implementation.o
#        C:\Nordic_BLE_SDK\nRF5_SDK_16.0.0_98a08e2\examples\ble_peripheral\ble_app_blinky\pca10040\s132\iar\_build\iar_startup_nrf52.o
#        C:\Nordic_BLE_SDK\nRF5_SDK_16.0.0_98a08e2\examples\ble_peripheral\ble_app_blinky\pca10040\s132\iar\_build\main.o
#        C:\Nordic_BLE_SDK\nRF5_SDK_16.0.0_98a08e2\examples\ble_peripheral\ble_app_blinky\pca10040\s132\iar\_build\nrf_assert.o
#        C:\Nordic_BLE_SDK\nRF5_SDK_16.0.0_98a08e2\examples\ble_peripheral\ble_app_blinky\pca10040\s132\iar\_build\nrf_atfifo.o
#        C:\Nordic_BLE_SDK\nRF5_SDK_16.0.0_98a08e2\examples\ble_peripheral\ble_app_blinky\pca10040\s132\iar\_build\nrf_atflags.o
#        C:\Nordic_BLE_SDK\nRF5_SDK_16.0.0_98a08e2\examples\ble_peripheral\ble_app_blinky\pca10040\s132\iar\_build\nrf_atomic.o
#        C:\Nordic_BLE_SDK\nRF5_SDK_16.0.0_98a08e2\examples\ble_peripheral\ble_app_blinky\pca10040\s132\iar\_build\nrf_balloc.o
#        C:\Nordic_BLE_SDK\nRF5_SDK_16.0.0_98a08e2\examples\ble_peripheral\ble_app_blinky\pca10040\s132\iar\_build\nrf_ble_gatt.o
#        C:\Nordic_BLE_SDK\nRF5_SDK_16.0.0_98a08e2\examples\ble_peripheral\ble_app_blinky\pca10040\s132\iar\_build\nrf_ble_qwr.o
#        C:\Nordic_BLE_SDK\nRF5_SDK_16.0.0_98a08e2\examples\ble_peripheral\ble_app_blinky\pca10040\s132\iar\_build\nrf_drv_clock.o
#        C:\Nordic_BLE_SDK\nRF5_SDK_16.0.0_98a08e2\examples\ble_peripheral\ble_app_blinky\pca10040\s132\iar\_build\nrf_drv_uart.o
#        C:\Nordic_BLE_SDK\nRF5_SDK_16.0.0_98a08e2\examples\ble_peripheral\ble_app_blinky\pca10040\s132\iar\_build\nrf_fprintf.o
#        C:\Nordic_BLE_SDK\nRF5_SDK_16.0.0_98a08e2\examples\ble_peripheral\ble_app_blinky\pca10040\s132\iar\_build\nrf_fprintf_format.o
#        C:\Nordic_BLE_SDK\nRF5_SDK_16.0.0_98a08e2\examples\ble_peripheral\ble_app_blinky\pca10040\s132\iar\_build\nrf_log_backend_rtt.o
#        C:\Nordic_BLE_SDK\nRF5_SDK_16.0.0_98a08e2\examples\ble_peripheral\ble_app_blinky\pca10040\s132\iar\_build\nrf_log_backend_serial.o
#        C:\Nordic_BLE_SDK\nRF5_SDK_16.0.0_98a08e2\examples\ble_peripheral\ble_app_blinky\pca10040\s132\iar\_build\nrf_log_backend_uart.o
#        C:\Nordic_BLE_SDK\nRF5_SDK_16.0.0_98a08e2\examples\ble_peripheral\ble_app_blinky\pca10040\s132\iar\_build\nrf_log_default_backends.o
#        C:\Nordic_BLE_SDK\nRF5_SDK_16.0.0_98a08e2\examples\ble_peripheral\ble_app_blinky\pca10040\s132\iar\_build\nrf_log_frontend.o
#        C:\Nordic_BLE_SDK\nRF5_SDK_16.0.0_98a08e2\examples\ble_peripheral\ble_app_blinky\pca10040\s132\iar\_build\nrf_log_str_formatter.o
#        C:\Nordic_BLE_SDK\nRF5_SDK_16.0.0_98a08e2\examples\ble_peripheral\ble_app_blinky\pca10040\s132\iar\_build\nrf_memobj.o
#        C:\Nordic_BLE_SDK\nRF5_SDK_16.0.0_98a08e2\examples\ble_peripheral\ble_app_blinky\pca10040\s132\iar\_build\nrf_pwr_mgmt.o
#        C:\Nordic_BLE_SDK\nRF5_SDK_16.0.0_98a08e2\examples\ble_peripheral\ble_app_blinky\pca10040\s132\iar\_build\nrf_ringbuf.o
#        C:\Nordic_BLE_SDK\nRF5_SDK_16.0.0_98a08e2\examples\ble_peripheral\ble_app_blinky\pca10040\s132\iar\_build\nrf_sdh.o
#        C:\Nordic_BLE_SDK\nRF5_SDK_16.0.0_98a08e2\examples\ble_peripheral\ble_app_blinky\pca10040\s132\iar\_build\nrf_sdh_ble.o
#        C:\Nordic_BLE_SDK\nRF5_SDK_16.0.0_98a08e2\examples\ble_peripheral\ble_app_blinky\pca10040\s132\iar\_build\nrf_sdh_soc.o
#        C:\Nordic_BLE_SDK\nRF5_SDK_16.0.0_98a08e2\examples\ble_peripheral\ble_app_blinky\pca10040\s132\iar\_build\nrf_section_iter.o
#        C:\Nordic_BLE_SDK\nRF5_SDK_16.0.0_98a08e2\examples\ble_peripheral\ble_app_blinky\pca10040\s132\iar\_build\nrf_sortlist.o
#        C:\Nordic_BLE_SDK\nRF5_SDK_16.0.0_98a08e2\examples\ble_peripheral\ble_app_blinky\pca10040\s132\iar\_build\nrf_strerror.o
#        C:\Nordic_BLE_SDK\nRF5_SDK_16.0.0_98a08e2\examples\ble_peripheral\ble_app_blinky\pca10040\s132\iar\_build\nrfx_atomic.o
#        C:\Nordic_BLE_SDK\nRF5_SDK_16.0.0_98a08e2\examples\ble_peripheral\ble_app_blinky\pca10040\s132\iar\_build\nrfx_clock.o
#        C:\Nordic_BLE_SDK\nRF5_SDK_16.0.0_98a08e2\examples\ble_peripheral\ble_app_blinky\pca10040\s132\iar\_build\nrfx_gpiote.o
#        C:\Nordic_BLE_SDK\nRF5_SDK_16.0.0_98a08e2\examples\ble_peripheral\ble_app_blinky\pca10040\s132\iar\_build\nrfx_prs.o
#        C:\Nordic_BLE_SDK\nRF5_SDK_16.0.0_98a08e2\examples\ble_peripheral\ble_app_blinky\pca10040\s132\iar\_build\nrfx_uart.o
#        C:\Nordic_BLE_SDK\nRF5_SDK_16.0.0_98a08e2\examples\ble_peripheral\ble_app_blinky\pca10040\s132\iar\_build\nrfx_uarte.o
#        C:\Nordic_BLE_SDK\nRF5_SDK_16.0.0_98a08e2\examples\ble_peripheral\ble_app_blinky\pca10040\s132\iar\_build\SEGGER_RTT.o
#        C:\Nordic_BLE_SDK\nRF5_SDK_16.0.0_98a08e2\examples\ble_peripheral\ble_app_blinky\pca10040\s132\iar\_build\SEGGER_RTT_printf.o
#        C:\Nordic_BLE_SDK\nRF5_SDK_16.0.0_98a08e2\examples\ble_peripheral\ble_app_blinky\pca10040\s132\iar\_build\SEGGER_RTT_Syscalls_IAR.o
#        C:\Nordic_BLE_SDK\nRF5_SDK_16.0.0_98a08e2\examples\ble_peripheral\ble_app_blinky\pca10040\s132\iar\_build\system_nrf52.o
#        C:\Nordic_BLE_SDK\nRF5_SDK_16.0.0_98a08e2\examples\ble_peripheral\ble_app_blinky\pca10040\s132\iar\_build\utf.o
#        --redirect _Printf=_PrintfFull --redirect _Scanf=_ScanfFull
#        --no_out_extension -o
#        C:\Nordic_BLE_SDK\nRF5_SDK_16.0.0_98a08e2\examples\ble_peripheral\ble_app_blinky\pca10040\s132\iar\_build\ble_app_blinky_pca10040_s132.out
#        --map
#        C:\Nordic_BLE_SDK\nRF5_SDK_16.0.0_98a08e2\examples\ble_peripheral\ble_app_blinky\pca10040\s132\iar\_build\ble_app_blinky_pca10040_s132.map
#        --config
#        C:\Nordic_BLE_SDK\nRF5_SDK_16.0.0_98a08e2\examples\ble_peripheral\ble_app_blinky\pca10040\s132\iar\ble_app_blinky_iar_nRF5x.icf
#        --warnings_are_errors --entry __iar_program_start --inline --vfe
#        --text_out locale)
#
###############################################################################

*******************************************************************************
*** RUNTIME MODEL ATTRIBUTES
***

CppFlavor       = *
__SystemLibrary = DLib
__dlib_version  = 6


*******************************************************************************
*** HEAP SELECTION
***

The basic heap was selected because no calls to memory allocation
functions were found in the application outside of system library
functions, and there are calls to deallocation functions in the
application.


*******************************************************************************
*** PLACEMENT SUMMARY
***

"A0":  place at 0x2'6000 { ro section .intvec };
define block RO_END with size = 0M, alignment = 8 { };
"P1":  place in [from 0x2'6000 to 0x7'ffff] { ro, block RO_END };
define block CSTACK with size = 8K, alignment = 8 { };
define block HEAP with size = 8K, alignment = 8 { };
"P2":  place in [from 0x2000'22f0 to 0x2000'ffff] {
          rw, block CSTACK, block HEAP };
initialize by copy { rw };
keep { section .intvec };

  Section                 Kind         Address    Size  Object
  -------                 ----         -------    ----  ------
"A0":                                            0x200
  .intvec                 ro code     0x2'6000   0x200  iar_startup_nrf52.o [1]
                                    - 0x2'6200   0x200

"P1":                                           0x4c0f
  .text                   ro code     0x2'6200   0x790  nrf_ble_gatt.o [1]
  .text                   ro code     0x2'6990   0x5d4  nrf_log_frontend.o [1]
  .text                   ro code     0x2'6f64   0x184  nrf_strerror.o [1]
  .text                   ro code     0x2'70e8    0xa6  ABImemcpy.o [4]
  .text                   ro code     0x2'718e   0x154  nrf_memobj.o [1]
  .text                   ro code     0x2'72e2    0x12  nrf_ringbuf.o [1]
  .text                   ro code     0x2'72f4    0x98  nrf_atomic.o [1]
  .text                   ro code     0x2'738c    0x7c  app_util_platform.o [1]
  .text                   ro code     0x2'7408    0xa2  nrf_balloc.o [1]
  .text                   ro code     0x2'74aa   0x492  ble_advdata.o [1]
  .text                   ro code     0x2'7940   0x432  main.o [1]
  .text                   ro code     0x2'7d72    0x7a  lz77_init_single.o [4]
  .text                   ro code     0x2'7dec     0x6  ABImemclr4.o [4]
  .text                   ro code     0x2'7df2    0x3a  zero_init3.o [4]
  .text                   ro code     0x2'7e2c    0x1e  app_error.o [1]
  .text                   ro code     0x2'7e4a     0x2  iar_startup_nrf52.o [1]
  .text                   ro code     0x2'7e4c    0xd0  boards.o [1]
  .text                   ro code     0x2'7f1c   0x100  nrf_ble_qwr.o [1]
  .text                   ro code     0x2'801c    0x64  app_button.o [1]
  .text                   ro code     0x2'8080    0x20  nrf_log_default_backends.o [1]
  .text                   ro code     0x2'80a0   0x31c  app_timer2.o [1]
  .text                   ro code     0x2'83bc    0x6c  nrf_pwr_mgmt.o [1]
  .text                   ro code     0x2'8428   0x1a0  nrf_sdh.o [1]
  .text                   ro code     0x2'85c8   0x3fc  nrf_sdh_ble.o [1]
  .text                   ro code     0x2'89c4    0xe4  ble_lbs.o [1]
  .text                   ro code     0x2'8aa8   0x250  ble_conn_params.o [1]
  .text                   ro code     0x2'8cf8    0x32  ABImemset48.o [4]
  .text                   ro code     0x2'8d2a     0x2  iar_startup_nrf52.o [1]
  .text                   ro code     0x2'8d2c    0x70  app_error_weak.o [1]
  .text                   ro code     0x2'8d9c   0x2f0  nrfx_gpiote.o [1]
  .text                   ro code     0x2'9090    0x88  nrf_log_backend_rtt.o [1]
  .text                   ro code     0x2'9120   0x2b8  drv_rtc.o [1]
  .text                   ro code     0x2'93d8    0x48  nrf_sortlist.o [1]
  .text                   ro code     0x2'9420   0x104  nrf_atfifo.o [1]
  .text                   ro code     0x2'9524    0x46  nrf_section_iter.o [1]
  .text                   ro code     0x2'956a     0x2  iar_startup_nrf52.o [1]
  .text                   ro code     0x2'956c   0x1e6  ble_srv_common.o [1]
  .text                   ro code     0x2'9752     0x2  iar_startup_nrf52.o [1]
  .text                   ro code     0x2'9754   0x17c  SEGGER_RTT.o [1]
  .text                   ro code     0x2'98d0    0xcc  nrf_log_backend_serial.o [1]
  .text                   ro code     0x2'999c   0x224  nrf_log_str_formatter.o [1]
  .text                   ro code     0x2'9bc0    0x40  nrf_fprintf.o [1]
  .text                   ro code     0x2'9c00    0x14  isalpha.o [2]
  .text                   ro code     0x2'9c14    0x14  ispunct.o [2]
  .text                   ro code     0x2'9c28   0x338  nrf_fprintf_format.o [1]
  .text                   ro code     0x2'9f60    0x48  xlocale_c.o [2]
  .text                   ro code     0x2'9fa8    0x36  strlen.o [4]
  .text                   ro code     0x2'9fde     0x2  iar_startup_nrf52.o [1]
  .rodata                 const       0x2'9fe0   0x3ec  nrf_strerror.o [1]
  .text                   ro code     0x2'a3cc   0x2c0  system_nrf52.o [1]
  .text                   ro code     0x2'a68c   0x140  ble_conn_state.o [1]
  .text                   ro code     0x2'a7cc    0x3c  nrf_atflags.o [1]
  .text                   ro code     0x2'a808    0xf8  nrf_drv_clock.o [1]
  .text                   ro code     0x2'a900    0xc0  nrfx_clock.o [1]
  log_const_data                      0x2'a9c0    0x78  <Block>
    log_const_data        const       0x2'a9c0     0x8  app_button.o [1]
    log_const_data        const       0x2'a9c8     0x8  app_timer2.o [1]
    log_const_data        const       0x2'a9d0     0x8  nrf_ble_gatt.o [1]
    log_const_data        const       0x2'a9d8     0x8  nrf_drv_clock.o [1]
    log_const_data        const       0x2'a9e0     0x8  nrf_log_frontend.o [1]
    log_const_data        const       0x2'a9e8     0x8  nrf_pwr_mgmt.o [1]
    log_const_data        const       0x2'a9f0     0x8  nrf_sdh.o [1]
    log_const_data        const       0x2'a9f8     0x8  nrf_sdh_ble.o [1]
    log_const_data        const       0x2'aa00     0x8  nrf_sdh_soc.o [1]
    log_const_data        const       0x2'aa08     0x8  nrf_sortlist.o [1]
    log_const_data        const       0x2'aa10     0x8  nrfx_clock.o [1]
    log_const_data        const       0x2'aa18     0x8  nrfx_gpiote.o [1]
    log_const_data        const       0x2'aa20     0x8  nrfx_prs.o [1]
    log_const_data        const       0x2'aa28     0x8  nrfx_uart.o [1]
    log_const_data        const       0x2'aa30     0x8  nrfx_uarte.o [1]
  .rodata                 const       0x2'aa38    0x58  nrf_log_str_formatter.o [1]
  .text                   ro code     0x2'aa90    0x44  nrf_sdh_soc.o [1]
  .rodata                 const       0x2'aad4    0x38  nrf_sdh.o [1]
  .rodata                 const       0x2'ab0c    0x2c  nrf_sdh_ble.o [1]
  .text                   ro code     0x2'ab38    0x28  data_init.o [4]
  .rodata                 const       0x2'ab60    0x24  nrf_pwr_mgmt.o [1]
  .text                   ro code     0x2'ab84    0x22  fpinit_M.o [3]
  .iar.init_table         const       0x2'aba8    0x20  - Linker created -
  .text                   ro code     0x2'abc8     0x2  iar_startup_nrf52.o [1]
  .text                   ro code     0x2'abcc    0x1e  cmain.o [4]
  .text                   ro code     0x2'abea     0x4  exit.o [2]
  .text                   ro code     0x2'abee     0x2  iar_startup_nrf52.o [1]
  .text                   ro code     0x2'abf0     0xa  cexit.o [4]
  .text                   ro code     0x2'abfa     0x2  iar_startup_nrf52.o [1]
  .text                   ro code     0x2'abfc     0xc  XXexit.o [4]
  .rodata                 const       0x2'ac08    0x1c  app_error_weak.o [1]
  .rodata                 const       0x2'ac24    0x1c  nrf_sdh_soc.o [1]
  nrf_balloc              const       0x2'ac40    0x14  nrf_log_frontend.o [1]
  .rodata                 const       0x2'ac54    0x10  nrf_ble_gatt.o [1]
  .rodata                 const       0x2'ac64    0x10  nrf_log_default_backends.o [1]
  .text                   ro code     0x2'ac74    0x10  iar_startup_nrf52.o [1]
  log_backends            const       0x2'ac84    0x10  nrf_log_default_backends.o [1]
  sdh_ble_observers1                  0x2'ac94    0x10  <Block>
    sdh_ble_observers1    const       0x2'ac94     0x8  ble_conn_params.o [1]
    sdh_ble_observers1    const       0x2'ac9c     0x8  main.o [1]
  sdh_ble_observers2                  0x2'aca4    0x10  <Block>
    sdh_ble_observers2    const       0x2'aca4     0x8  main.o [1]
    sdh_ble_observers2    const       0x2'acac     0x8  main.o [1]
  sdh_stack_observers0                0x2'acb4    0x10  <Block>
    sdh_stack_observers0  const       0x2'acb4     0x8  nrf_sdh_ble.o [1]
    sdh_stack_observers0  const       0x2'acbc     0x8  nrf_sdh_soc.o [1]
  .rodata                 const       0x2'acc4     0xc  app_button.o [1]
  .rodata                 const       0x2'acd0     0xc  app_timer2.o [1]
  .rodata                 const       0x2'acdc     0xc  nrf_log_backend_rtt.o [1]
  .rodata                 const       0x2'ace8     0xc  nrf_sortlist.o [1]
  .text                   ro code     0x2'acf4     0xc  nrfx_prs.o [1]
  .text                   ro code     0x2'ad00     0xc  cstartup_M.o [4]
  .rodata                 const       0x2'ad0c     0x8  nrf_drv_clock.o [1]
  .rodata                 const       0x2'ad14     0x8  nrfx_clock.o [1]
  .rodata                 const       0x2'ad1c     0x8  nrfx_gpiote.o [1]
  .rodata                 const       0x2'ad24     0x8  nrfx_uart.o [1]
  .rodata                 const       0x2'ad2c     0x8  nrfx_uarte.o [1]
  sdh_ble_observers0                  0x2'ad34     0x8  <Block>
    sdh_ble_observers0    const       0x2'ad34     0x8  ble_conn_state.o [1]
  sdh_ble_observers3                  0x2'ad3c     0x8  <Block>
    sdh_ble_observers3    const       0x2'ad3c     0x8  main.o [1]
  sdh_soc_observers0                  0x2'ad44     0x8  <Block>
    sdh_soc_observers0    const       0x2'ad44     0x8  nrf_drv_clock.o [1]
  sdh_state_observers0                0x2'ad4c     0x8  <Block>
    sdh_state_observers0  const       0x2'ad4c     0x8  nrf_drv_clock.o [1]
  .rodata                 const       0x2'ad54     0x4  nrf_log_frontend.o [1]
  .rodata                 const       0x2'ad58     0x4  nrfx_prs.o [1]
  .rodata                 const       0x2'ad5c     0x2  xlocale_c.o [2]
  .text                   ro code     0x2'ad5e     0x2  iar_startup_nrf52.o [1]
  .text                   ro code     0x2'ad60     0x2  iar_startup_nrf52.o [1]
  .text                   ro code     0x2'ad62     0x2  iar_startup_nrf52.o [1]
  .text                   ro code     0x2'ad64     0x2  iar_startup_nrf52.o [1]
  .text                   ro code     0x2'ad66     0x2  iar_startup_nrf52.o [1]
  .text                   ro code     0x2'ad68     0x2  iar_startup_nrf52.o [1]
  .text                   ro code     0x2'ad6a     0x2  iar_startup_nrf52.o [1]
  .text                   ro code     0x2'ad6c     0x2  iar_startup_nrf52.o [1]
  .text                   ro code     0x2'ad6e     0x2  iar_startup_nrf52.o [1]
  .text                   ro code     0x2'ad70     0x2  iar_startup_nrf52.o [1]
  .text                   ro code     0x2'ad72     0x2  iar_startup_nrf52.o [1]
  .text                   ro code     0x2'ad74     0x2  iar_startup_nrf52.o [1]
  .text                   ro code     0x2'ad76     0x2  iar_startup_nrf52.o [1]
  .text                   ro code     0x2'ad78     0x2  iar_startup_nrf52.o [1]
  .text                   ro code     0x2'ad7a     0x2  iar_startup_nrf52.o [1]
  .text                   ro code     0x2'ad7c     0x2  iar_startup_nrf52.o [1]
  .text                   ro code     0x2'ad7e     0x2  iar_startup_nrf52.o [1]
  .text                   ro code     0x2'ad80     0x2  iar_startup_nrf52.o [1]
  .text                   ro code     0x2'ad82     0x2  iar_startup_nrf52.o [1]
  .text                   ro code     0x2'ad84     0x2  iar_startup_nrf52.o [1]
  .text                   ro code     0x2'ad86     0x2  iar_startup_nrf52.o [1]
  .text                   ro code     0x2'ad88     0x2  iar_startup_nrf52.o [1]
  .text                   ro code     0x2'ad8a     0x2  iar_startup_nrf52.o [1]
  .text                   ro code     0x2'ad8c     0x2  iar_startup_nrf52.o [1]
  .text                   ro code     0x2'ad8e     0x2  iar_startup_nrf52.o [1]
  .text                   ro code     0x2'ad90     0x2  iar_startup_nrf52.o [1]
  .text                   ro code     0x2'ad92     0x2  iar_startup_nrf52.o [1]
  .text                   ro code     0x2'ad94     0x2  iar_startup_nrf52.o [1]
  .text                   ro code     0x2'ad96     0x2  iar_startup_nrf52.o [1]
  .text                   ro code     0x2'ad98     0x2  iar_startup_nrf52.o [1]
  .text                   ro code     0x2'ad9a     0x2  iar_startup_nrf52.o [1]
  .text                   ro code     0x2'ad9c     0x2  iar_startup_nrf52.o [1]
  .text                   ro code     0x2'ad9e     0x2  iar_startup_nrf52.o [1]
  .rodata                 const       0x2'ada0     0x0  zero_init3.o [4]
  .rodata                 const       0x2'ada0     0x0  lz77_init_single.o [4]
  Initializer bytes       const       0x2'ada0    0x6f  <for P2-1>
                                    - 0x2'ae0f  0x4c0f

"P2", part 1 of 3:                               0x164
  P2-1                             0x2000'22f0   0x164  <Init block>
    .data                 inited   0x2000'22f0    0x8c  app_timer2.o [1]
    .data                 inited   0x2000'237c    0x4c  main.o [1]
    .data                 inited   0x2000'23c8     0x8  nrf_log_default_backends.o [1]
    .data                 inited   0x2000'23d0    0x38  nrf_log_str_formatter.o [1]
    .data                 inited   0x2000'2408     0x4  system_nrf52.o [1]
    .data                 inited   0x2000'240c    0x48  xlocale_c.o [2]
                                 - 0x2000'2454   0x164

"P2", part 2 of 3:                               0xa70
  .bss                    zero     0x2000'2454   0x424  nrf_log_frontend.o [1]
  .bss                    zero     0x2000'2878   0x288  SEGGER_RTT.o [1]
  .bss                    zero     0x2000'2b00    0xc0  nrf_log_frontend.o [1]
  .bss                    zero     0x2000'2bc0    0x80  nrf_log_frontend.o [1]
  .bss                    zero     0x2000'2c40    0x7c  ble_conn_state.o [1]
  .bss                    zero     0x2000'2cbc    0x5c  nrfx_gpiote.o [1]
  .bss                    zero     0x2000'2d18    0x1c  ble_conn_params.o [1]
  .bss                    zero     0x2000'2d38    0x48  app_button.o [1]
  .bss                    zero     0x2000'2d80    0x40  ble_conn_params.o [1]
  .bss                    zero     0x2000'2dc0    0x40  nrf_log_backend_rtt.o [1]
  .bss                    zero     0x2000'2e00    0x20  main.o [1]
  .bss                    zero     0x2000'2e20    0x20  main.o [1]
  .bss                    zero     0x2000'2e40    0x18  nrf_log_frontend.o [1]
  .bss                    zero     0x2000'2e58    0x14  nrf_drv_clock.o [1]
  .bss                    zero     0x2000'2e6c    0x14  nrf_pwr_mgmt.o [1]
  .bss                    zero     0x2000'2e80     0xc  app_util_platform.o [1]
  .bss                    zero     0x2000'2e8c     0xc  drv_rtc.o [1]
  .bss                    zero     0x2000'2e98     0x8  nrf_log_frontend.o [1]
  .bss                    zero     0x2000'2ea0     0x8  nrf_log_frontend.o [1]
  .bss                    zero     0x2000'2ea8     0x8  nrfx_clock.o [1]
  .bss                    zero     0x2000'2eb0     0x8  nrfx_prs.o [1]
  .bss                    zero     0x2000'2eb8     0x4  app_timer2.o [1]
  .bss                    zero     0x2000'2ebc     0x3  nrf_sdh.o [1]
  .bss                    zero     0x2000'2ebf     0x1  nrf_log_backend_rtt.o [1]
  .bss                    zero     0x2000'2ec0     0x1  nrf_sdh_ble.o [1]
                                 - 0x2000'2ec1   0xa6d

"P2", part 3 of 3:                              0x2000
  CSTACK                           0x2000'2ec8  0x2000  <Block>
    CSTACK                uninit   0x2000'2ec8  0x2000  <Block tail>
                                 - 0x2000'4ec8  0x2000

Unused ranges:

         From           To      Size
         ----           --      ----
     0x2'ae0f     0x7'ffff  0x5'51f1
  0x2000'2ec4  0x2000'2ec7       0x4
  0x2000'4ec8  0x2000'ffff    0xb138


*******************************************************************************
*** INIT TABLE
***

          Address      Size
          -------      ----
Zero (__iar_zero_init3)
    1 destination range, total size 0xa6d:
          0x2000'2454  0xa6d

Copy/lz77 (__iar_lz77_init_single3)
    1 source range, total size 0x6f (31% of destination):
             0x2'ada0   0x6f
    1 destination range, total size 0x164:
          0x2000'22f0  0x164



*******************************************************************************
*** MODULE SUMMARY
***

    Module                      ro code  ro data  rw data
    ------                      -------  -------  -------
command line/config:
    -----------------------------------------------------
    Total:

C:\Nordic_BLE_SDK\nRF5_SDK_16.0.0_98a08e2\examples\ble_peripheral\ble_app_blinky\pca10040\s132\iar\_build: [1]
    SEGGER_RTT.o                    380               648
    app_button.o                    100       20       72
    app_error.o                      30
    app_error_weak.o                112       28
    app_timer2.o                    796       63      144
    app_util_platform.o             124                12
    ble_advdata.o                 1 170
    ble_conn_params.o               592        8       92
    ble_conn_state.o                320        8      124
    ble_lbs.o                       228
    ble_srv_common.o                486
    boards.o                        208
    drv_rtc.o                       696                12
    iar_startup_nrf52.o             610
    main.o                        1 074       56      140
    nrf_atfifo.o                    260
    nrf_atflags.o                    60
    nrf_atomic.o                    152
    nrf_balloc.o                    162
    nrf_ble_gatt.o                1 936       24
    nrf_ble_qwr.o                   256
    nrf_drv_clock.o                 248       32       20
    nrf_fprintf.o                    64
    nrf_fprintf_format.o            824
    nrf_log_backend_rtt.o           136       12       65
    nrf_log_backend_serial.o        204
    nrf_log_default_backends.o       32       34        8
    nrf_log_frontend.o            1 492       32    1 420
    nrf_log_str_formatter.o         548      106       56
    nrf_memobj.o                    340
    nrf_pwr_mgmt.o                  108       44       20
    nrf_ringbuf.o                    18
    nrf_sdh.o                       416       64        3
    nrf_sdh_ble.o                 1 020       60        1
    nrf_sdh_soc.o                    68       44
    nrf_section_iter.o               70
    nrf_sortlist.o                   72       20
    nrf_strerror.o                  388    1 004
    nrfx_clock.o                    192       16        8
    nrfx_gpiote.o                   752       16       92
    nrfx_prs.o                       12       12        8
    nrfx_uart.o                               16
    nrfx_uarte.o                              16
    system_nrf52.o                  704        1        4
    -----------------------------------------------------
    Total:                       17 460    1 736    2 949

dl7M_tlf.a: [2]
    exit.o                            4
    isalpha.o                        20
    ispunct.o                        20
    xlocale_c.o                      72       25       72
    -----------------------------------------------------
    Total:                          116       25       72

m7M_tls.a: [3]
    fpinit_M.o                       34
    -----------------------------------------------------
    Total:                           34

rt7M_tl.a: [4]
    ABImemclr4.o                      6
    ABImemcpy.o                     166
    ABImemset48.o                    50
    XXexit.o                         12
    cexit.o                          10
    cmain.o                          30
    cstartup_M.o                     12
    data_init.o                      40
    lz77_init_single.o              122
    strlen.o                         54
    zero_init3.o                     58
    -----------------------------------------------------
    Total:                          560

    Gaps                             18        2        4
    Linker created                            32    8 192
---------------------------------------------------------
    Grand Total:                 18 188    1 795   11 217


*******************************************************************************
*** ENTRY LIST
***

Entry                       Address   Size  Type      Object
-----                       -------   ----  ----      ------
.iar.init_table$$Base      0x2'aba8          --   Gb  - Linker created -
.iar.init_table$$Limit     0x2'abc8          --   Gb  - Linker created -
?main                      0x2'abcd         Code  Gb  cmain.o [4]
CSTACK$$Base            0x2000'2ec8          --   Gb  - Linker created -
CSTACK$$Limit           0x2000'4ec8          --   Gb  - Linker created -
GPIOTE_IRQHandler          0x2'8f1d  0x152  Code  Gb  nrfx_gpiote.o [1]
POWER_CLOCK_IRQHandler     0x2'a95f   0x3e  Code  Gb  nrfx_clock.o [1]
RTC1_IRQHandler            0x2'936f    0x8  Code  Gb  drv_rtc.o [1]
Region$$Table$$Base        0x2'aba8          --   Gb  - Linker created -
Region$$Table$$Limit       0x2'abc8          --   Gb  - Linker created -
SEGGER_RTT_Init            0x2'98b5    0x2  Code  Gb  SEGGER_RTT.o [1]
SEGGER_RTT_WriteNoLock     0x2'9863   0x4c  Code  Gb  SEGGER_RTT.o [1]
SWI2_EGU2_IRQHandler       0x2'859f    0x2  Code  Gb  nrf_sdh.o [1]
SystemCoreClock         0x2000'2408    0x4  Data  Gb  system_nrf52.o [1]
SystemInit                 0x2'a3cd  0x25c  Code  Gb  system_nrf52.o [1]
UARTE0_UART0_IRQHandler
                           0x2'acf5    0x6  Code  Gb  nrfx_prs.o [1]
_DoInit                    0x2'9755   0x54  Code  Lc  SEGGER_RTT.o [1]
_GetAvailWriteSpace        0x2'9837   0x1a  Code  Lc  SEGGER_RTT.o [1]
_LocaleC_isalpha           0x2'9f67    0xc  Code  Gb  xlocale_c.o [2]
_LocaleC_islower           0x2'9f61    0x4  Code  Gb  xlocale_c.o [2]
_LocaleC_ispunct           0x2'9f7d   0x22  Code  Gb  xlocale_c.o [2]
_LocaleC_isupper           0x2'9f65    0x2  Code  Gb  xlocale_c.o [2]
_SEGGER_RTT             0x2000'2878   0x78  Data  Gb  SEGGER_RTT.o [1]
_WriteBlocking             0x2'97a9   0x54  Code  Lc  SEGGER_RTT.o [1]
_WriteNoCheck              0x2'97fd   0x3a  Code  Lc  SEGGER_RTT.o [1]
__ICFEDIT_region_RAM_end__ {Abs}
                        0x2000'ffff         Data  Gb  <internal module>
__ICFEDIT_region_RAM_start__ {Abs}
                        0x2000'22f0         Data  Gb  <internal module>
__Vectors                  0x2'6000          --   Gb  iar_startup_nrf52.o [1]
__Vectors_End              0x2'6200         Data  Gb  iar_startup_nrf52.o [1]
__Vectors_Size {Abs}          0x200          --   Gb  iar_startup_nrf52.o [1]
__aeabi_memclr4            0x2'7ded         Code  Gb  ABImemclr4.o [4]
__aeabi_memcpy             0x2'70e9         Code  Gb  ABImemcpy.o [4]
__aeabi_memcpy4            0x2'7109         Code  Gb  ABImemcpy.o [4]
__aeabi_memcpy8            0x2'7109         Code  Gb  ABImemcpy.o [4]
__cmain                    0x2'abcd         Code  Gb  cmain.o [4]
__exit                     0x2'abfd         Code  Gb  XXexit.o [4]
__iar_Memset4_word         0x2'8cf9         Code  Gb  ABImemset48.o [4]
__iar_Memset8_word         0x2'8cf9         Code  Gb  ABImemset48.o [4]
__iar_data_init3           0x2'ab39   0x28  Code  Gb  data_init.o [4]
__iar_globLocale        0x2000'240c   0x48  Data  Lc  xlocale_c.o [2]
__iar_global_Locale        0x2'9f9f    0x4  Code  Gb  xlocale_c.o [2]
__iar_init_vfp             0x2'ab85         Code  Gb  fpinit_M.o [3]
__iar_lz77_init_single3
                           0x2'7d73   0x7a  Code  Gb  lz77_init_single.o [4]
__iar_program_start        0x2'ad01         Code  Gb  cstartup_M.o [4]
__iar_zero_init3           0x2'7df3   0x3a  Code  Gb  zero_init3.o [4]
__sd_nvic_app_accessible_irq
                           0x2'8429   0x2a  Code  Lc  nrf_sdh.o [1]
__sd_nvic_irq_disable      0x2'738d    0x8  Code  Lc  app_util_platform.o [1]
__sd_nvic_irq_enable       0x2'7395    0x4  Code  Lc  app_util_platform.o [1]
__vector_table             0x2'6000         Data  Gb  iar_startup_nrf52.o [1]
_acDownBuffer           0x2000'2af0   0x10  Data  Lc  SEGGER_RTT.o [1]
_acUpBuffer             0x2000'28f0  0x200  Data  Lc  SEGGER_RTT.o [1]
_call_main                 0x2'abd9         Code  Gb  cmain.o [4]
_exit                      0x2'abf1         Code  Gb  cexit.o [4]
_main                      0x2'abe7         Code  Gb  cmain.o [4]
advertising_init           0x2'7941   0x9e  Code  Lc  main.o [1]
advertising_start          0x2'7a2f   0x1a  Code  Lc  main.o [1]
app_button_disable         0x2'803d   0x3e  Code  Gb  app_button.o [1]
app_button_enable          0x2'801d   0x20  Code  Gb  app_button.o [1]
app_error_fault_handler
                           0x2'8d2d   0x70  Code  Wk  app_error_weak.o [1]
app_error_handler_bare     0x2'7e2d   0x1e  Code  Gb  app_error.o [1]
app_timer_create           0x2'834d   0x18  Code  Gb  app_timer2.o [1]
app_timer_init             0x2'8301   0x4c  Code  Gb  app_timer2.o [1]
app_timer_start            0x2'8365   0x2e  Code  Gb  app_timer2.o [1]
app_timer_stop             0x2'8393    0xa  Code  Gb  app_timer2.o [1]
app_util_critical_region_enter
                           0x2'7399   0x3a  Code  Gb  app_util_platform.o [1]
app_util_critical_region_exit
                           0x2'73d3   0x26  Code  Gb  app_util_platform.o [1]
ble_advdata_encode         0x2'77db  0x13c  Code  Gb  ble_advdata.o [1]
ble_conn_params_init       0x2'8b71   0x54  Code  Gb  ble_conn_params.o [1]
ble_device_addr_encode     0x2'74b5   0x58  Code  Lc  ble_advdata.o [1]
ble_evt_handler            0x2'8c01   0xec  Code  Lc  ble_conn_params.o [1]
ble_evt_handler            0x2'a6d7   0xf0  Code  Lc  ble_conn_state.o [1]
ble_evt_handler            0x2'7a49   0xd4  Code  Lc  main.o [1]
ble_lbs_init               0x2'89e5   0x8e  Code  Gb  ble_lbs.o [1]
ble_lbs_on_ble_evt         0x2'89c5   0x20  Code  Gb  ble_lbs.o [1]
ble_srv_is_notification_enabled
                           0x2'9579    0x8  Code  Gb  ble_srv_common.o [1]
ble_stack_init::m_ble_observer
                           0x2'ad3c    0x8  Data  Lc  main.o [1]
bsp_board_init             0x2'7ec9   0x4c  Code  Gb  boards.o [1]
bsp_board_led_invert       0x2'7ea1   0x1a  Code  Gb  boards.o [1]
bsp_board_led_off          0x2'7e85    0x8  Code  Gb  boards.o [1]
bsp_board_led_on           0x2'7e7d    0x8  Code  Gb  boards.o [1]
bsp_board_leds_off         0x2'7e8d   0x12  Code  Gb  boards.o [1]
buf_prealloc               0x2'6b5b   0x8c  Code  Lc  nrf_log_frontend.o [1]
buffer_add                 0x2'9c29   0x2c  Code  Lc  nrf_fprintf_format.o [1]
characteristic_add         0x2'95b5  0x184  Code  Gb  ble_srv_common.o [1]
clock_clk_started_notify
                           0x2'a86d   0x24  Code  Lc  nrf_drv_clock.o [1]
clock_irq_handler          0x2'a891   0x18  Code  Lc  nrf_drv_clock.o [1]
compare_func               0x2'80d1   0x1a  Code  Lc  app_timer2.o [1]
conn_handle_list_get       0x2'a68d   0x3e  Code  Gb  ble_conn_state.o [1]
conn_int_encode            0x2'7677   0x7a  Code  Lc  ble_advdata.o [1]
conn_params_error_handler
                           0x2'7a2b    0x4  Code  Lc  main.o [1]
conn_params_negotiation
                           0x2'8bc5   0x3c  Code  Lc  ble_conn_params.o [1]
data_length_update         0x2'6215   0x9a  Code  Lc  nrf_ble_gatt.o [1]
dropped_sat16_get          0x2'6afd   0x12  Code  Lc  nrf_log_frontend.o [1]
drv_rtc_compare_disable
                           0x2'933d    0xa  Code  Gb  drv_rtc.o [1]
drv_rtc_compare_pending
                           0x2'9347    0xa  Code  Gb  drv_rtc.o [1]
drv_rtc_compare_set        0x2'91e7   0x44  Code  Gb  drv_rtc.o [1]
drv_rtc_counter_get        0x2'9351    0x8  Code  Gb  drv_rtc.o [1]
drv_rtc_init               0x2'914d   0x86  Code  Gb  drv_rtc.o [1]
drv_rtc_irq_trigger        0x2'9359   0x16  Code  Gb  drv_rtc.o [1]
drv_rtc_overflow_enable
                           0x2'9331    0x6  Code  Gb  drv_rtc.o [1]
drv_rtc_overflow_pending
                           0x2'9337    0x6  Code  Gb  drv_rtc.o [1]
drv_rtc_start              0x2'91d5    0x8  Code  Gb  drv_rtc.o [1]
drv_rtc_stop               0x2'91dd    0xa  Code  Gb  drv_rtc.o [1]
drv_rtc_windowed_compare_set
                           0x2'9259   0xd8  Code  Gb  drv_rtc.o [1]
evt_disable                0x2'9239    0xc  Code  Lc  drv_rtc.o [1]
evt_enable                 0x2'922b    0xe  Code  Lc  drv_rtc.o [1]
evt_pending                0x2'9245   0x14  Code  Lc  drv_rtc.o [1]
exit                       0x2'abeb    0x4  Code  Gb  exit.o [2]
flag_toggle                0x2'a6cb    0xc  Code  Lc  ble_conn_state.o [1]
get_now                    0x2'80a1   0x30  Code  Lc  app_timer2.o [1]
instance_get               0x2'8aa9   0x12  Code  Lc  ble_conn_params.o [1]
int_print                  0x2'9cf1   0xa4  Code  Lc  nrf_fprintf_format.o [1]
invalid_packets_omit       0x2'6a3b   0x36  Code  Lc  nrf_log_frontend.o [1]
is_conn_params_ok          0x2'8abb   0x4a  Code  Lc  ble_conn_params.o [1]
isalpha                    0x2'9c01   0x14  Code  Gb  isalpha.o [2]
ispunct                    0x2'9c15   0x14  Code  Gb  ispunct.o [2]
led_write_handler          0x2'79e5   0x30  Code  Lc  main.o [1]
link_init                  0x2'6201   0x14  Code  Lc  nrf_ble_gatt.o [1]
log_backend_cb_rtt_log_backend
                        0x2000'23c8    0x8  Data  Lc  nrf_log_default_backends.o [1]
log_const_data$$Base       0x2'a9c0          --   Gb  - Linker created -
log_const_data$$Limit      0x2'aa38          --   Gb  - Linker created -
log_dynamic_data$$Base          0x0          --   Gb  - Linker created -
log_mempool                0x2'ac40   0x14  Data  Gb  nrf_log_frontend.o [1]
log_mempool_nrf_balloc_cb
                        0x2000'2ea0    0x8  Data  Lc  nrf_log_frontend.o [1]
log_mempool_nrf_balloc_pool_mem
                        0x2000'2b00   0xc0  Data  Lc  nrf_log_frontend.o [1]
log_mempool_nrf_balloc_pool_stack
                        0x2000'2e98    0x8  Data  Lc  nrf_log_frontend.o [1]
log_skip                   0x2'6a71   0x8c  Code  Lc  nrf_log_frontend.o [1]
m_adv_data              0x2000'2398   0x10  Data  Lc  main.o [1]
m_adv_handle            0x2000'2394    0x1  Data  Lc  main.o [1]
m_app_timer_sortlist       0x2'83ac    0xc  Data  Lc  app_timer2.o [1]
m_app_timer_sortlist_sortlist_cb
                        0x2000'2eb8    0x4  Data  Lc  app_timer2.o [1]
m_base_counter          0x2000'22f8    0x8  Data  Lc  app_timer2.o [1]
m_bcs                   0x2000'2c40   0x7c  Data  Lc  ble_conn_state.o [1]
m_ble_evt_observer         0x2'ad34    0x8  Data  Lc  ble_conn_state.o [1]
m_ble_observer             0x2'ac94    0x8  Data  Lc  ble_conn_params.o [1]
m_board_btn_list           0x2'7f18    0x4  Data  Lc  boards.o [1]
m_board_led_list           0x2'7f14    0x4  Data  Lc  boards.o [1]
m_button_count          0x2000'2d38    0x1  Data  Lc  app_button.o [1]
m_cb                    0x2000'2e8c    0x8  Data  Lc  drv_rtc.o [1]
m_cb                    0x2000'2cbc   0x5c  Data  Lc  nrfx_gpiote.o [1]
m_clock_cb              0x2000'2e58   0x14  Data  Lc  nrf_drv_clock.o [1]
m_clock_cb              0x2000'2ea8    0x8  Data  Lc  nrfx_clock.o [1]
m_colors                0x2000'23e4   0x24  Data  Lc  nrf_log_str_formatter.o [1]
m_conn_handle           0x2000'2396    0x2  Data  Lc  main.o [1]
m_conn_params_config    0x2000'2d18   0x1c  Data  Lc  ble_conn_params.o [1]
m_conn_params_instances
                        0x2000'2d88   0x14  Data  Lc  ble_conn_params.o [1]
m_detection_delay       0x2000'2d5c    0x4  Data  Lc  app_button.o [1]
m_detection_delay_timer_id_data
                        0x2000'2d60   0x20  Data  Lc  app_button.o [1]
m_enc_advdata           0x2000'2e00   0x20  Data  Lc  main.o [1]
m_enc_scan_response_data
                        0x2000'2e20   0x20  Data  Lc  main.o [1]
m_gatt                  0x2000'23a8   0x14  Data  Lc  main.o [1]
m_gatt_obs                 0x2'ac9c    0x8  Data  Lc  main.o [1]
m_global_active         0x2000'22f0    0x1  Data  Lc  app_timer2.o [1]
m_handlers              0x2000'2e94    0x4  Data  Lc  drv_rtc.o [1]
m_handlers_iter         0x2000'2e70    0xc  Data  Lc  nrf_pwr_mgmt.o [1]
m_host_present          0x2000'2ebf    0x1  Data  Lc  nrf_log_backend_rtt.o [1]
m_lbs                   0x2000'237c   0x18  Data  Lc  main.o [1]
m_lbs_obs                  0x2'aca4    0x8  Data  Lc  main.o [1]
m_log_data              0x2000'2454  0x424  Data  Lc  nrf_log_frontend.o [1]
m_log_push_ringbuf         0x2'6f58    0xc  Data  Lc  nrf_log_frontend.o [1]
m_log_push_ringbuf_buf  0x2000'2bc0   0x80  Data  Lc  nrf_log_frontend.o [1]
m_log_push_ringbuf_cb   0x2000'2e40   0x18  Data  Lc  nrf_log_frontend.o [1]
m_nrf_log_CLOCK_logs_data_const
                           0x2'aa10    0x8  Data  Gb  nrfx_clock.o [1]
m_nrf_log_GPIOTE_logs_data_const
                           0x2'aa18    0x8  Data  Gb  nrfx_gpiote.o [1]
m_nrf_log_PRS_logs_data_const
                           0x2'aa20    0x8  Data  Gb  nrfx_prs.o [1]
m_nrf_log_UARTE_logs_data_const
                           0x2'aa30    0x8  Data  Gb  nrfx_uarte.o [1]
m_nrf_log_UART_logs_data_const
                           0x2'aa28    0x8  Data  Gb  nrfx_uart.o [1]
m_nrf_log_app_button_logs_data_const
                           0x2'a9c0    0x8  Data  Gb  app_button.o [1]
m_nrf_log_app_logs_data_const
                           0x2'a9e0    0x8  Data  Gb  nrf_log_frontend.o [1]
m_nrf_log_app_timer_logs_data_const
                           0x2'a9c8    0x8  Data  Gb  app_timer2.o [1]
m_nrf_log_clock_logs_data_const
                           0x2'a9d8    0x8  Data  Gb  nrf_drv_clock.o [1]
m_nrf_log_nrf_ble_gatt_logs_data_const
                           0x2'a9d0    0x8  Data  Gb  nrf_ble_gatt.o [1]
m_nrf_log_nrf_sdh_ble_logs_data_const
                           0x2'a9f8    0x8  Data  Gb  nrf_sdh_ble.o [1]
m_nrf_log_nrf_sdh_logs_data_const
                           0x2'a9f0    0x8  Data  Gb  nrf_sdh.o [1]
m_nrf_log_nrf_sdh_soc_logs_data_const
                           0x2'aa00    0x8  Data  Gb  nrf_sdh_soc.o [1]
m_nrf_log_pwr_mgmt_logs_data_const
                           0x2'a9e8    0x8  Data  Gb  nrf_pwr_mgmt.o [1]
m_nrf_log_sortlist_logs_data_const
                           0x2'aa08    0x8  Data  Gb  nrf_sortlist.o [1]
m_nrf_sdh_ble_evts_poll
                           0x2'acb4    0x8  Data  Lc  nrf_sdh_ble.o [1]
m_nrf_sdh_continue      0x2000'2ebe    0x1  Data  Lc  nrf_sdh.o [1]
m_nrf_sdh_enabled       0x2000'2ebc    0x1  Data  Lc  nrf_sdh.o [1]
m_nrf_sdh_soc_evts_poll
                           0x2'acbc    0x8  Data  Lc  nrf_sdh_soc.o [1]
m_nrf_sdh_suspended     0x2000'2ebd    0x1  Data  Lc  nrf_sdh.o [1]
m_pin_active            0x2000'2d50    0x8  Data  Lc  app_button.o [1]
m_pin_states            0x2000'2d3c   0x10  Data  Lc  app_button.o [1]
m_preferred_conn_params
                        0x2000'2d80    0x8  Data  Lc  ble_conn_params.o [1]
m_prs_box_4             0x2000'2eb0    0x8  Data  Lc  nrfx_prs.o [1]
m_pwr_mgmt_evt          0x2000'2e6c    0x1  Data  Lc  nrf_pwr_mgmt.o [1]
m_qwr                   0x2000'23bc    0xc  Data  Lc  main.o [1]
m_qwr_obs                  0x2'acac    0x8  Data  Lc  main.o [1]
m_req_fifo_data         0x2000'2314   0x58  Data  Lc  app_timer2.o [1]
m_req_fifo_inst         0x2000'236c   0x10  Data  Lc  app_timer2.o [1]
m_rtc_inst              0x2000'230c    0x8  Data  Lc  app_timer2.o [1]
m_sd_state_observer        0x2'ad4c    0x8  Data  Lc  nrf_drv_clock.o [1]
m_shutdown_started      0x2000'2e6d    0x1  Data  Lc  nrf_pwr_mgmt.o [1]
m_soc_evt_observer         0x2'ad44    0x8  Data  Lc  nrf_drv_clock.o [1]
m_stack_is_enabled      0x2000'2ec0    0x1  Data  Lc  nrf_sdh_ble.o [1]
m_stamp64               0x2000'2300    0x8  Data  Lc  app_timer2.o [1]
m_string_buff           0x2000'2dc0   0x40  Data  Lc  nrf_log_backend_rtt.o [1]
m_sysoff_mtx            0x2000'2e7c    0x4  Data  Lc  nrf_pwr_mgmt.o [1]
m_timer_data            0x2000'2da0   0x20  Data  Lc  ble_conn_params.o [1]
m_unknown_str              0x2'6fac   0x14  Data  Lc  nrf_strerror.o [1]
main                       0x2'7b1d  0x168  Code  Gb  main.o [1]
manuf_specific_data_encode
                           0x2'76fb   0x5c  Code  Lc  ble_advdata.o [1]
memobj_op                  0x2'7247   0x84  Code  Lc  nrf_memobj.o [1]
module_idx_get             0x2'69c1   0x32  Code  Lc  nrf_log_frontend.o [1]
mp_active_timer         0x2000'2308    0x4  Data  Lc  app_timer2.o [1]
mp_buttons              0x2000'2d58    0x4  Data  Lc  app_button.o [1]
name_encode                0x2'750d   0xa2  Code  Lc  ble_advdata.o [1]
nrf_atfifo_init            0x2'9421   0x28  Code  Gb  nrf_atfifo.o [1]
nrf_atfifo_item_alloc      0x2'9449   0x44  Code  Gb  nrf_atfifo.o [1]
nrf_atfifo_item_free       0x2'9505   0x20  Code  Gb  nrf_atfifo.o [1]
nrf_atfifo_item_get        0x2'94ad   0x46  Code  Gb  nrf_atfifo.o [1]
nrf_atfifo_item_put        0x2'948d   0x20  Code  Gb  nrf_atfifo.o [1]
nrf_atflags_clear          0x2'a7e1   0x16  Code  Gb  nrf_atflags.o [1]
nrf_atflags_get            0x2'a7f7   0x12  Code  Gb  nrf_atflags.o [1]
nrf_atflags_set            0x2'a7cd   0x14  Code  Gb  nrf_atflags.o [1]
nrf_atomic_flag_clear_fetch
                           0x2'7389    0x4  Code  Gb  nrf_atomic.o [1]
nrf_atomic_flag_set        0x2'7385    0x4  Code  Gb  nrf_atomic.o [1]
nrf_atomic_u32_add         0x2'7355   0x18  Code  Gb  nrf_atomic.o [1]
nrf_atomic_u32_and         0x2'733d   0x18  Code  Gb  nrf_atomic.o [1]
nrf_atomic_u32_fetch_and
                           0x2'7325   0x18  Code  Gb  nrf_atomic.o [1]
nrf_atomic_u32_fetch_store
                           0x2'72f5   0x16  Code  Gb  nrf_atomic.o [1]
nrf_atomic_u32_or          0x2'730d   0x18  Code  Gb  nrf_atomic.o [1]
nrf_atomic_u32_sub         0x2'736d   0x18  Code  Gb  nrf_atomic.o [1]
nrf_balloc_alloc           0x2'7437   0x44  Code  Gb  nrf_balloc.o [1]
nrf_balloc_free            0x2'747b   0x30  Code  Gb  nrf_balloc.o [1]
nrf_balloc_init            0x2'7409   0x2e  Code  Gb  nrf_balloc.o [1]
nrf_bitmask_bit_is_set     0x2'8e0d   0x12  Code  Lc  nrfx_gpiote.o [1]
nrf_bitmask_bit_set        0x2'8e1f   0x16  Code  Lc  nrfx_gpiote.o [1]
nrf_ble_gatt_init          0x2'645f   0x1e  Code  Gb  nrf_ble_gatt.o [1]
nrf_ble_gatt_on_ble_evt
                           0x2'647d  0x112  Code  Gb  nrf_ble_gatt.o [1]
nrf_ble_qwr_conn_handle_assign
                           0x2'7f45   0x16  Code  Gb  nrf_ble_qwr.o [1]
nrf_ble_qwr_init           0x2'7f1d   0x28  Code  Gb  nrf_ble_qwr.o [1]
nrf_ble_qwr_on_ble_evt     0x2'7f79   0xa4  Code  Gb  nrf_ble_qwr.o [1]
nrf_clock_event_clear      0x2'a901   0x14  Code  Lc  nrfx_clock.o [1]
nrf_drv_clock_init         0x2'a809   0x32  Code  Gb  nrf_drv_clock.o [1]
nrf_drv_clock_lfclk_release
                           0x2'a83b   0x1c  Code  Gb  nrf_drv_clock.o [1]
nrf_fprintf                0x2'9bd9   0x22  Code  Gb  nrf_fprintf.o [1]
nrf_fprintf_buffer_flush
                           0x2'9bc1   0x16  Code  Gb  nrf_fprintf.o [1]
nrf_fprintf_fmt            0x2'9d95  0x1aa  Code  Gb  nrf_fprintf_format.o [1]
nrf_gpio_cfg               0x2'7e4d   0x1e  Code  Lc  boards.o [1]
nrf_gpio_cfg_sense_set     0x2'8dc7   0x22  Code  Lc  nrfx_gpiote.o [1]
nrf_gpio_pin_write         0x2'7e6b   0x12  Code  Lc  boards.o [1]
nrf_gpio_ports_read        0x2'8de9   0x24  Code  Lc  nrfx_gpiote.o [1]
nrf_gpiote_event_clear     0x2'8daf   0x18  Code  Lc  nrfx_gpiote.o [1]
nrf_gpiote_event_is_set
                           0x2'8d9d   0x12  Code  Lc  nrfx_gpiote.o [1]
nrf_log_backend_add        0x2'6ea9   0x52  Code  Gb  nrf_log_frontend.o [1]
nrf_log_backend_rtt_api
                           0x2'acdc    0xc  Data  Gb  nrf_log_backend_rtt.o [1]
nrf_log_backend_rtt_flush
                           0x2'9105    0x2  Code  Lc  nrf_log_backend_rtt.o [1]
nrf_log_backend_rtt_init
                           0x2'9091    0x4  Code  Gb  nrf_log_backend_rtt.o [1]
nrf_log_backend_rtt_panic_set
                           0x2'9107    0x2  Code  Lc  nrf_log_backend_rtt.o [1]
nrf_log_backend_rtt_put
                           0x2'90e7   0x10  Code  Lc  nrf_log_backend_rtt.o [1]
nrf_log_backend_serial_put
                           0x2'98d1   0xcc  Code  Gb  nrf_log_backend_serial.o [1]
nrf_log_color_id_get       0x2'6a11   0x2a  Code  Gb  nrf_log_frontend.o [1]
nrf_log_default_backends_init
                           0x2'8081   0x16  Code  Gb  nrf_log_default_backends.o [1]
nrf_log_frontend_dequeue
                           0x2'6c7d  0x20c  Code  Gb  nrf_log_frontend.o [1]
nrf_log_frontend_std_0     0x2'6c43    0x6  Code  Gb  nrf_log_frontend.o [1]
nrf_log_frontend_std_1     0x2'6c49    0xc  Code  Gb  nrf_log_frontend.o [1]
nrf_log_frontend_std_2     0x2'6c55   0x10  Code  Gb  nrf_log_frontend.o [1]
nrf_log_frontend_std_3     0x2'6c65   0x12  Code  Gb  nrf_log_frontend.o [1]
nrf_log_hexdump_entry_process
                           0x2'9abd   0xaa  Code  Gb  nrf_log_str_formatter.o [1]
nrf_log_init               0x2'6991   0x30  Code  Gb  nrf_log_frontend.o [1]
nrf_log_module_name_get
                           0x2'69f3   0x1a  Code  Gb  nrf_log_frontend.o [1]
nrf_log_panic              0x2'6efb   0x24  Code  Gb  nrf_log_frontend.o [1]
nrf_log_std_entry_process
                           0x2'9a2d   0x8e  Code  Gb  nrf_log_str_formatter.o [1]
nrf_memobj_alloc           0x2'7193   0x62  Code  Gb  nrf_memobj.o [1]
nrf_memobj_free            0x2'71f5   0x2c  Code  Gb  nrf_memobj.o [1]
nrf_memobj_get             0x2'7221    0x8  Code  Gb  nrf_memobj.o [1]
nrf_memobj_pool_init       0x2'718f    0x4  Code  Gb  nrf_memobj.o [1]
nrf_memobj_put             0x2'7229   0x1e  Code  Gb  nrf_memobj.o [1]
nrf_memobj_read            0x2'72d3    0x6  Code  Gb  nrf_memobj.o [1]
nrf_memobj_write           0x2'72cb    0x8  Code  Gb  nrf_memobj.o [1]
nrf_nvic_state          0x2000'2e80    0xc  Data  Gb  app_util_platform.o [1]
nrf_pwr_mgmt_init          0x2'83bd   0x1a  Code  Gb  nrf_pwr_mgmt.o [1]
nrf_pwr_mgmt_run           0x2'83d7   0x3e  Code  Gb  nrf_pwr_mgmt.o [1]
nrf_qwr_error_handler      0x2'79df    0x4  Code  Lc  main.o [1]
nrf_ringbuf_init           0x2'72e3   0x12  Code  Gb  nrf_ringbuf.o [1]
nrf_rtc_cc_set             0x2'9131    0xa  Code  Lc  drv_rtc.o [1]
nrf_rtc_event_clear        0x2'913b   0x10  Code  Lc  drv_rtc.o [1]
nrf_sdh_ble_default_cfg_set
                           0x2'85c9   0xd6  Code  Gb  nrf_sdh_ble.o [1]
nrf_sdh_ble_enable         0x2'86b5   0x70  Code  Gb  nrf_sdh_ble.o [1]
nrf_sdh_ble_evts_poll      0x2'8725   0x46  Code  Lc  nrf_sdh_ble.o [1]
nrf_sdh_enable_request     0x2'84f5   0x5e  Code  Gb  nrf_sdh.o [1]
nrf_sdh_evts_poll          0x2'857d   0x22  Code  Gb  nrf_sdh.o [1]
nrf_sdh_is_enabled         0x2'855d    0x6  Code  Gb  nrf_sdh.o [1]
nrf_sdh_soc_evts_poll      0x2'aa91   0x38  Code  Lc  nrf_sdh_soc.o [1]
nrf_section_iter_init      0x2'9547    0x4  Code  Gb  nrf_section_iter.o [1]
nrf_section_iter_item_set
                           0x2'9525   0x22  Code  Lc  nrf_section_iter.o [1]
nrf_section_iter_next      0x2'954f   0x1c  Code  Gb  nrf_section_iter.o [1]
nrf_sortlist_add           0x2'93d9   0x20  Code  Gb  nrf_sortlist.o [1]
nrf_sortlist_pop           0x2'93f9    0xe  Code  Gb  nrf_sortlist.o [1]
nrf_sortlist_remove        0x2'9407   0x1a  Code  Gb  nrf_sortlist.o [1]
nrf_strerror_array         0x2'6fc0  0x128  Data  Lc  nrf_strerror.o [1]
nrf_strerror_find          0x2'6f73   0x3a  Code  Gb  nrf_strerror.o [1]
nrf_strerror_get           0x2'6f65    0xe  Code  Gb  nrf_strerror.o [1]
nrfx_clock_enable          0x2'a941    0xe  Code  Gb  nrfx_clock.o [1]
nrfx_clock_init            0x2'a929   0x18  Code  Gb  nrfx_clock.o [1]
nrfx_clock_lfclk_stop      0x2'a94f   0x10  Code  Gb  nrfx_clock.o [1]
nrfx_coredep_delay_us      0x2'9121   0x10  Code  Lc  drv_rtc.o [1]
nrfx_coredep_delay_us::delay_machine_code
                           0x2'93d0    0x8  Data  Lc  drv_rtc.o [1]
nrfx_coredep_delay_us::delay_machine_code
                           0x2'7d60    0x8  Data  Lc  main.o [1]
nrfx_coredep_delay_us::delay_machine_code
                           0x2'9110    0x8  Data  Lc  nrf_log_backend_rtt.o [1]
nrfx_gpiote_in_event_disable
                           0x2'8edf   0x3e  Code  Gb  nrfx_gpiote.o [1]
nrfx_gpiote_in_event_enable
                           0x2'8e5d   0x82  Code  Gb  nrfx_gpiote.o [1]
nrfx_power_clock_irq_init
                           0x2'a915   0x14  Code  Lc  nrfx_clock.o [1]
on_conn_params_evt         0x2'7a15   0x16  Code  Lc  main.o [1]
on_connected_evt           0x2'62af   0x8c  Code  Lc  nrf_ble_gatt.o [1]
on_data_length_update_evt
                           0x2'63c1   0x88  Code  Lc  nrf_ble_gatt.o [1]
on_exchange_mtu_request_evt
                           0x2'633b   0x86  Code  Lc  nrf_ble_gatt.o [1]
pin_in_use_by_port         0x2'8e47   0x16  Code  Lc  nrfx_gpiote.o [1]
pin_in_use_by_te           0x2'8e35   0x12  Code  Lc  nrfx_gpiote.o [1]
postfix_process            0x2'99fd   0x30  Code  Lc  nrf_log_str_formatter.o [1]
prefix_process             0x2'999d   0x60  Code  Lc  nrf_log_str_formatter.o [1]
pwr_mgmt_data              0x2'841c    0xc  Data  Lc  nrf_pwr_mgmt.o [1]
pwr_mgmt_data0$$Base            0x0          --   Gb  - Linker created -
pwr_mgmt_data0$$Limit           0x0          --   Gb  - Linker created -
pwr_mgmt_data1$$Base            0x0          --   Gb  - Linker created -
pwr_mgmt_data1$$Limit           0x0          --   Gb  - Linker created -
pwr_mgmt_data2$$Base            0x0          --   Gb  - Linker created -
pwr_mgmt_data2$$Limit           0x0          --   Gb  - Linker created -
pwr_mgmt_data_array        0x2'ab6c   0x18  Data  Lc  nrf_pwr_mgmt.o [1]
rtc_irq                    0x2'8215   0xae  Code  Lc  app_timer2.o [1]
rtc_update                 0x2'8153   0xc0  Code  Lc  app_timer2.o [1]
rtt_log_backend            0x2'ac84   0x10  Data  Lc  nrf_log_default_backends.o [1]
sd_state_evt_handler       0x2'a8b5   0x42  Code  Lc  nrf_drv_clock.o [1]
sdh_ble_observers          0x2'89b8    0xc  Data  Lc  nrf_sdh_ble.o [1]
sdh_ble_observers0$$Base
                           0x2'ad34          --   Gb  - Linker created -
sdh_ble_observers0$$Limit
                           0x2'ad3c          --   Gb  - Linker created -
sdh_ble_observers1$$Base
                           0x2'ac94          --   Gb  - Linker created -
sdh_ble_observers1$$Limit
                           0x2'aca4          --   Gb  - Linker created -
sdh_ble_observers2$$Base
                           0x2'aca4          --   Gb  - Linker created -
sdh_ble_observers2$$Limit
                           0x2'acb4          --   Gb  - Linker created -
sdh_ble_observers3$$Base
                           0x2'ad3c          --   Gb  - Linker created -
sdh_ble_observers3$$Limit
                           0x2'ad44          --   Gb  - Linker created -
sdh_ble_observers_array
                           0x2'ab18   0x20  Data  Lc  nrf_sdh_ble.o [1]
sdh_req_observers          0x2'85a0    0xc  Data  Lc  nrf_sdh.o [1]
sdh_req_observers0$$Base
                                0x0          --   Gb  - Linker created -
sdh_req_observers0$$Limit
                                0x0          --   Gb  - Linker created -
sdh_req_observers1$$Base
                                0x0          --   Gb  - Linker created -
sdh_req_observers1$$Limit
                                0x0          --   Gb  - Linker created -
sdh_req_observers_array
                           0x2'aadc   0x10  Data  Lc  nrf_sdh.o [1]
sdh_request_observer_notify
                           0x2'8455   0x2e  Code  Lc  nrf_sdh.o [1]
sdh_soc_observers          0x2'aac8    0xc  Data  Lc  nrf_sdh_soc.o [1]
sdh_soc_observers0$$Base
                           0x2'ad44          --   Gb  - Linker created -
sdh_soc_observers0$$Limit
                           0x2'ad4c          --   Gb  - Linker created -
sdh_soc_observers1$$Base
                                0x0          --   Gb  - Linker created -
sdh_soc_observers1$$Limit
                                0x0          --   Gb  - Linker created -
sdh_soc_observers_array
                           0x2'ac30   0x10  Data  Lc  nrf_sdh_soc.o [1]
sdh_stack_observers        0x2'85b8    0xc  Data  Lc  nrf_sdh.o [1]
sdh_stack_observers0$$Base
                           0x2'acb4          --   Gb  - Linker created -
sdh_stack_observers0$$Limit
                           0x2'acc4          --   Gb  - Linker created -
sdh_stack_observers1$$Base
                                0x0          --   Gb  - Linker created -
sdh_stack_observers1$$Limit
                                0x0          --   Gb  - Linker created -
sdh_stack_observers_array
                           0x2'aafc   0x10  Data  Lc  nrf_sdh.o [1]
sdh_state_observer_notify
                           0x2'8485   0x24  Code  Lc  nrf_sdh.o [1]
sdh_state_observers        0x2'85ac    0xc  Data  Lc  nrf_sdh.o [1]
sdh_state_observers0$$Base
                           0x2'ad4c          --   Gb  - Linker created -
sdh_state_observers0$$Limit
                           0x2'ad54          --   Gb  - Linker created -
sdh_state_observers1$$Base
                                0x0          --   Gb  - Linker created -
sdh_state_observers1$$Limit
                                0x0          --   Gb  - Linker created -
sdh_state_observers_array
                           0x2'aaec   0x10  Data  Lc  nrf_sdh.o [1]
send_error_evt             0x2'8b05    0xc  Code  Lc  ble_conn_params.o [1]
serial_tx                  0x2'9095   0x52  Code  Lc  nrf_log_backend_rtt.o [1]
service_data_encode        0x2'7757   0x84  Code  Lc  ble_advdata.o [1]
set_security_req           0x2'9589   0x2c  Code  Lc  ble_srv_common.o [1]
severity_names          0x2000'23d0   0x14  Data  Lc  nrf_log_str_formatter.o [1]
soc_evt_handler            0x2'a8a9    0xc  Code  Lc  nrf_drv_clock.o [1]
softdevices_evt_irq_enable
                           0x2'84a9   0x42  Code  Lc  nrf_sdh.o [1]
sortlist_pop               0x2'814d    0x6  Code  Lc  app_timer2.o [1]
std_header_set             0x2'6b0f   0x4c  Code  Lc  nrf_log_frontend.o [1]
std_n                      0x2'6be7   0x5c  Code  Lc  nrf_log_frontend.o [1]
strlen                     0x2'9fa9         Code  Gb  strlen.o [4]
timer_expire               0x2'80ed   0x60  Code  Lc  app_timer2.o [1]
timer_req_schedule         0x2'82cd   0x34  Code  Lc  app_timer2.o [1]
uint16_decode              0x2'956d    0xc  Code  Lc  ble_srv_common.o [1]
uint16_encode              0x2'74ab    0xa  Code  Lc  ble_advdata.o [1]
unsigned_print             0x2'9c55   0x9c  Code  Lc  nrf_fprintf_format.o [1]
unsigned_print::_aV2C      0x2'9f50   0x10  Data  Lc  nrf_fprintf_format.o [1]
update_timeout_handler     0x2'8b11   0x60  Code  Lc  ble_conn_params.o [1]
user_mem_reply             0x2'7f5b   0x1e  Code  Lc  nrf_ble_qwr.o [1]
uuid_list_encode           0x2'7649   0x2e  Code  Lc  ble_advdata.o [1]
uuid_list_sized_encode     0x2'75af   0x9a  Code  Lc  ble_advdata.o [1]


[1] = C:\Nordic_BLE_SDK\nRF5_SDK_16.0.0_98a08e2\examples\ble_peripheral\ble_app_blinky\pca10040\s132\iar\_build
[2] = dl7M_tlf.a
[3] = m7M_tls.a
[4] = rt7M_tl.a

  18 188 bytes of readonly  code memory
   1 795 bytes of readonly  data memory
  11 217 bytes of readwrite data memory

Errors: none
Warnings: none
