###############################################################################
#
# IAR ELF Linker V8.30.1.114/W32 for ARM                  03/Nov/2021  14:46:03
# Copyright 2007-2018 IAR Systems AB.
#
#    Output file  =  
#        C:\Nordic_BLE_SDK\nRF5_SDK_16.0.0_98a08e2\examples\ble_central\ble_app_blinky_c\pca10040\s132\iar\_build\ble_app_blinky_c_pca10040_s132.out
#    Map file     =  
#        C:\Nordic_BLE_SDK\nRF5_SDK_16.0.0_98a08e2\examples\ble_central\ble_app_blinky_c\pca10040\s132\iar\_build\ble_app_blinky_c_pca10040_s132.map
#    Command line =  
#        -f C:\Users\wangb\AppData\Local\Temp\EWA969.tmp
#        (C:\Nordic_BLE_SDK\nRF5_SDK_16.0.0_98a08e2\examples\ble_central\ble_app_blinky_c\pca10040\s132\iar\_build\app_button.o
#        C:\Nordic_BLE_SDK\nRF5_SDK_16.0.0_98a08e2\examples\ble_central\ble_app_blinky_c\pca10040\s132\iar\_build\app_error.o
#        C:\Nordic_BLE_SDK\nRF5_SDK_16.0.0_98a08e2\examples\ble_central\ble_app_blinky_c\pca10040\s132\iar\_build\app_error_handler_iar.o
#        C:\Nordic_BLE_SDK\nRF5_SDK_16.0.0_98a08e2\examples\ble_central\ble_app_blinky_c\pca10040\s132\iar\_build\app_error_weak.o
#        C:\Nordic_BLE_SDK\nRF5_SDK_16.0.0_98a08e2\examples\ble_central\ble_app_blinky_c\pca10040\s132\iar\_build\app_scheduler.o
#        C:\Nordic_BLE_SDK\nRF5_SDK_16.0.0_98a08e2\examples\ble_central\ble_app_blinky_c\pca10040\s132\iar\_build\app_timer2.o
#        C:\Nordic_BLE_SDK\nRF5_SDK_16.0.0_98a08e2\examples\ble_central\ble_app_blinky_c\pca10040\s132\iar\_build\app_util_platform.o
#        C:\Nordic_BLE_SDK\nRF5_SDK_16.0.0_98a08e2\examples\ble_central\ble_app_blinky_c\pca10040\s132\iar\_build\ble_advdata.o
#        C:\Nordic_BLE_SDK\nRF5_SDK_16.0.0_98a08e2\examples\ble_central\ble_app_blinky_c\pca10040\s132\iar\_build\ble_advertising.o
#        C:\Nordic_BLE_SDK\nRF5_SDK_16.0.0_98a08e2\examples\ble_central\ble_app_blinky_c\pca10040\s132\iar\_build\ble_conn_state.o
#        C:\Nordic_BLE_SDK\nRF5_SDK_16.0.0_98a08e2\examples\ble_central\ble_app_blinky_c\pca10040\s132\iar\_build\ble_db_discovery.o
#        C:\Nordic_BLE_SDK\nRF5_SDK_16.0.0_98a08e2\examples\ble_central\ble_app_blinky_c\pca10040\s132\iar\_build\ble_lbs_c.o
#        C:\Nordic_BLE_SDK\nRF5_SDK_16.0.0_98a08e2\examples\ble_central\ble_app_blinky_c\pca10040\s132\iar\_build\ble_srv_common.o
#        C:\Nordic_BLE_SDK\nRF5_SDK_16.0.0_98a08e2\examples\ble_central\ble_app_blinky_c\pca10040\s132\iar\_build\boards.o
#        C:\Nordic_BLE_SDK\nRF5_SDK_16.0.0_98a08e2\examples\ble_central\ble_app_blinky_c\pca10040\s132\iar\_build\bsp.o
#        C:\Nordic_BLE_SDK\nRF5_SDK_16.0.0_98a08e2\examples\ble_central\ble_app_blinky_c\pca10040\s132\iar\_build\bsp_btn_ble.o
#        C:\Nordic_BLE_SDK\nRF5_SDK_16.0.0_98a08e2\examples\ble_central\ble_app_blinky_c\pca10040\s132\iar\_build\drv_rtc.o
#        C:\Nordic_BLE_SDK\nRF5_SDK_16.0.0_98a08e2\examples\ble_central\ble_app_blinky_c\pca10040\s132\iar\_build\hardfault_implementation.o
#        C:\Nordic_BLE_SDK\nRF5_SDK_16.0.0_98a08e2\examples\ble_central\ble_app_blinky_c\pca10040\s132\iar\_build\iar_startup_nrf52.o
#        C:\Nordic_BLE_SDK\nRF5_SDK_16.0.0_98a08e2\examples\ble_central\ble_app_blinky_c\pca10040\s132\iar\_build\main.o
#        C:\Nordic_BLE_SDK\nRF5_SDK_16.0.0_98a08e2\examples\ble_central\ble_app_blinky_c\pca10040\s132\iar\_build\nrf_assert.o
#        C:\Nordic_BLE_SDK\nRF5_SDK_16.0.0_98a08e2\examples\ble_central\ble_app_blinky_c\pca10040\s132\iar\_build\nrf_atfifo.o
#        C:\Nordic_BLE_SDK\nRF5_SDK_16.0.0_98a08e2\examples\ble_central\ble_app_blinky_c\pca10040\s132\iar\_build\nrf_atflags.o
#        C:\Nordic_BLE_SDK\nRF5_SDK_16.0.0_98a08e2\examples\ble_central\ble_app_blinky_c\pca10040\s132\iar\_build\nrf_atomic.o
#        C:\Nordic_BLE_SDK\nRF5_SDK_16.0.0_98a08e2\examples\ble_central\ble_app_blinky_c\pca10040\s132\iar\_build\nrf_balloc.o
#        C:\Nordic_BLE_SDK\nRF5_SDK_16.0.0_98a08e2\examples\ble_central\ble_app_blinky_c\pca10040\s132\iar\_build\nrf_ble_gatt.o
#        C:\Nordic_BLE_SDK\nRF5_SDK_16.0.0_98a08e2\examples\ble_central\ble_app_blinky_c\pca10040\s132\iar\_build\nrf_ble_gq.o
#        C:\Nordic_BLE_SDK\nRF5_SDK_16.0.0_98a08e2\examples\ble_central\ble_app_blinky_c\pca10040\s132\iar\_build\nrf_ble_scan.o
#        C:\Nordic_BLE_SDK\nRF5_SDK_16.0.0_98a08e2\examples\ble_central\ble_app_blinky_c\pca10040\s132\iar\_build\nrf_drv_clock.o
#        C:\Nordic_BLE_SDK\nRF5_SDK_16.0.0_98a08e2\examples\ble_central\ble_app_blinky_c\pca10040\s132\iar\_build\nrf_drv_uart.o
#        C:\Nordic_BLE_SDK\nRF5_SDK_16.0.0_98a08e2\examples\ble_central\ble_app_blinky_c\pca10040\s132\iar\_build\nrf_fprintf.o
#        C:\Nordic_BLE_SDK\nRF5_SDK_16.0.0_98a08e2\examples\ble_central\ble_app_blinky_c\pca10040\s132\iar\_build\nrf_fprintf_format.o
#        C:\Nordic_BLE_SDK\nRF5_SDK_16.0.0_98a08e2\examples\ble_central\ble_app_blinky_c\pca10040\s132\iar\_build\nrf_log_backend_rtt.o
#        C:\Nordic_BLE_SDK\nRF5_SDK_16.0.0_98a08e2\examples\ble_central\ble_app_blinky_c\pca10040\s132\iar\_build\nrf_log_backend_serial.o
#        C:\Nordic_BLE_SDK\nRF5_SDK_16.0.0_98a08e2\examples\ble_central\ble_app_blinky_c\pca10040\s132\iar\_build\nrf_log_backend_uart.o
#        C:\Nordic_BLE_SDK\nRF5_SDK_16.0.0_98a08e2\examples\ble_central\ble_app_blinky_c\pca10040\s132\iar\_build\nrf_log_default_backends.o
#        C:\Nordic_BLE_SDK\nRF5_SDK_16.0.0_98a08e2\examples\ble_central\ble_app_blinky_c\pca10040\s132\iar\_build\nrf_log_frontend.o
#        C:\Nordic_BLE_SDK\nRF5_SDK_16.0.0_98a08e2\examples\ble_central\ble_app_blinky_c\pca10040\s132\iar\_build\nrf_log_str_formatter.o
#        C:\Nordic_BLE_SDK\nRF5_SDK_16.0.0_98a08e2\examples\ble_central\ble_app_blinky_c\pca10040\s132\iar\_build\nrf_memobj.o
#        C:\Nordic_BLE_SDK\nRF5_SDK_16.0.0_98a08e2\examples\ble_central\ble_app_blinky_c\pca10040\s132\iar\_build\nrf_pwr_mgmt.o
#        C:\Nordic_BLE_SDK\nRF5_SDK_16.0.0_98a08e2\examples\ble_central\ble_app_blinky_c\pca10040\s132\iar\_build\nrf_queue.o
#        C:\Nordic_BLE_SDK\nRF5_SDK_16.0.0_98a08e2\examples\ble_central\ble_app_blinky_c\pca10040\s132\iar\_build\nrf_ringbuf.o
#        C:\Nordic_BLE_SDK\nRF5_SDK_16.0.0_98a08e2\examples\ble_central\ble_app_blinky_c\pca10040\s132\iar\_build\nrf_sdh.o
#        C:\Nordic_BLE_SDK\nRF5_SDK_16.0.0_98a08e2\examples\ble_central\ble_app_blinky_c\pca10040\s132\iar\_build\nrf_sdh_ble.o
#        C:\Nordic_BLE_SDK\nRF5_SDK_16.0.0_98a08e2\examples\ble_central\ble_app_blinky_c\pca10040\s132\iar\_build\nrf_sdh_soc.o
#        C:\Nordic_BLE_SDK\nRF5_SDK_16.0.0_98a08e2\examples\ble_central\ble_app_blinky_c\pca10040\s132\iar\_build\nrf_section_iter.o
#        C:\Nordic_BLE_SDK\nRF5_SDK_16.0.0_98a08e2\examples\ble_central\ble_app_blinky_c\pca10040\s132\iar\_build\nrf_sortlist.o
#        C:\Nordic_BLE_SDK\nRF5_SDK_16.0.0_98a08e2\examples\ble_central\ble_app_blinky_c\pca10040\s132\iar\_build\nrf_strerror.o
#        C:\Nordic_BLE_SDK\nRF5_SDK_16.0.0_98a08e2\examples\ble_central\ble_app_blinky_c\pca10040\s132\iar\_build\nrfx_atomic.o
#        C:\Nordic_BLE_SDK\nRF5_SDK_16.0.0_98a08e2\examples\ble_central\ble_app_blinky_c\pca10040\s132\iar\_build\nrfx_clock.o
#        C:\Nordic_BLE_SDK\nRF5_SDK_16.0.0_98a08e2\examples\ble_central\ble_app_blinky_c\pca10040\s132\iar\_build\nrfx_gpiote.o
#        C:\Nordic_BLE_SDK\nRF5_SDK_16.0.0_98a08e2\examples\ble_central\ble_app_blinky_c\pca10040\s132\iar\_build\nrfx_prs.o
#        C:\Nordic_BLE_SDK\nRF5_SDK_16.0.0_98a08e2\examples\ble_central\ble_app_blinky_c\pca10040\s132\iar\_build\nrfx_uart.o
#        C:\Nordic_BLE_SDK\nRF5_SDK_16.0.0_98a08e2\examples\ble_central\ble_app_blinky_c\pca10040\s132\iar\_build\nrfx_uarte.o
#        C:\Nordic_BLE_SDK\nRF5_SDK_16.0.0_98a08e2\examples\ble_central\ble_app_blinky_c\pca10040\s132\iar\_build\SEGGER_RTT.o
#        C:\Nordic_BLE_SDK\nRF5_SDK_16.0.0_98a08e2\examples\ble_central\ble_app_blinky_c\pca10040\s132\iar\_build\SEGGER_RTT_printf.o
#        C:\Nordic_BLE_SDK\nRF5_SDK_16.0.0_98a08e2\examples\ble_central\ble_app_blinky_c\pca10040\s132\iar\_build\SEGGER_RTT_Syscalls_IAR.o
#        C:\Nordic_BLE_SDK\nRF5_SDK_16.0.0_98a08e2\examples\ble_central\ble_app_blinky_c\pca10040\s132\iar\_build\system_nrf52.o
#        C:\Nordic_BLE_SDK\nRF5_SDK_16.0.0_98a08e2\examples\ble_central\ble_app_blinky_c\pca10040\s132\iar\_build\utf.o
#        --redirect _Printf=_PrintfFull --redirect _Scanf=_ScanfFull
#        --no_out_extension -o
#        C:\Nordic_BLE_SDK\nRF5_SDK_16.0.0_98a08e2\examples\ble_central\ble_app_blinky_c\pca10040\s132\iar\_build\ble_app_blinky_c_pca10040_s132.out
#        --map
#        C:\Nordic_BLE_SDK\nRF5_SDK_16.0.0_98a08e2\examples\ble_central\ble_app_blinky_c\pca10040\s132\iar\_build\ble_app_blinky_c_pca10040_s132.map
#        --config
#        C:\Nordic_BLE_SDK\nRF5_SDK_16.0.0_98a08e2\examples\ble_central\ble_app_blinky_c\pca10040\s132\iar\ble_app_blinky_c_iar_nRF5x.icf
#        --warnings_are_errors --entry __iar_program_start --inline --vfe
#        --text_out locale)
#
###############################################################################

*******************************************************************************
*** MESSAGES
***

Error[Li005]: no definition for "devaddrListSearch" [referenced from C:\Nordic_
          BLE_SDK\nRF5_SDK_16.0.0_98a08e2\examples\ble_central\ble_app_blinky_c
          \pca10040\s132\iar\_build\nrf_ble_scan.o]


*******************************************************************************
*** RUNTIME MODEL ATTRIBUTES
***

CppFlavor       = *
__SystemLibrary = DLib
__dlib_version  = 6


*******************************************************************************
*** HEAP SELECTION
***

The basic heap was selected because no calls to memory allocation
functions were found in the application outside of system library
functions, and there are calls to deallocation functions in the
application.


*******************************************************************************
*** PLACEMENT SUMMARY
***

"A0":  place at 0x2'6000 { ro section .intvec };
define block RO_END with size = 0M, alignment = 8 { };
"P1":  place in [from 0x2'6000 to 0x7'ffff] { ro, block RO_END };
define block CSTACK with size = 8K, alignment = 8 { };
define block HEAP with size = 0M, alignment = 8 { };
"P2":  place in [from 0x2000'1db8 to 0x2000'ffff] {
          rw, block CSTACK, block HEAP };
initialize by copy { rw };
keep { section .intvec };

  Section                 Kind         Address    Size  Object
  -------                 ----         -------    ----  ------
"A0":                                            0x200
  .intvec                 ro code     0x2'6000   0x200  iar_startup_nrf52.o [1]
                                    - 0x2'6200   0x200

"P1":                                           0x618e
  .text                   ro code     0x2'6200   0x860  ble_db_discovery.o [1]
  .text                   ro code     0x2'6a60     0x6  ABImemclr4.o [4]
  .text                   ro code     0x2'6a66    0x7a  lz77_init_single.o [4]
  .text                   ro code     0x2'6ae0    0xa6  ABImemcpy.o [4]
  .text                   ro code     0x2'6b86    0x3a  zero_init3.o [4]
  .text                   ro code     0x2'6bc0   0x464  nrf_ble_gq.o [1]
  .text                   ro code     0x2'7024   0x5d4  nrf_log_frontend.o [1]
  .text                   ro code     0x2'75f8    0x3a  ABImemset48.o [4]
  .text                   ro code     0x2'7632   0x154  nrf_memobj.o [1]
  .text                   ro code     0x2'7786   0x19a  nrf_queue.o [1]
  .text                   ro code     0x2'7920    0x12  nrf_ringbuf.o [1]
  .text                   ro code     0x2'7932     0x2  iar_startup_nrf52.o [1]
  .text                   ro code     0x2'7934    0x98  nrf_atomic.o [1]
  .text                   ro code     0x2'79cc    0x7c  app_util_platform.o [1]
  .text                   ro code     0x2'7a48    0xa2  nrf_balloc.o [1]
  .text                   ro code     0x2'7aea     0x2  iar_startup_nrf52.o [1]
  .text                   ro code     0x2'7aec   0x518  nrfx_uart.o [1]
  .text                   ro code     0x2'8004    0x58  nrfx_prs.o [1]
  .text                   ro code     0x2'805c   0x4cc  nrfx_uarte.o [1]
  .text                   ro code     0x2'8528   0x474  nrfx_gpiote.o [1]
  .text                   ro code     0x2'899c   0x400  nrf_sdh_ble.o [1]
  .text                   ro code     0x2'8d9c   0x184  nrf_strerror.o [1]
  .text                   ro code     0x2'8f20    0x1e  app_error.o [1]
  .text                   ro code     0x2'8f3e    0x46  nrf_section_iter.o [1]
  .text                   ro code     0x2'8f84    0x70  app_error_weak.o [1]
  .rodata                 const       0x2'8ff4   0x3ec  nrf_strerror.o [1]
  .text                   ro code     0x2'93e0   0x3d4  nrf_ble_gatt.o [1]
  .text                   ro code     0x2'97b4   0x3bc  nrf_ble_scan.o [1]
  .text                   ro code     0x2'9b70    0x36  strlen.o [4]
  .text                   ro code     0x2'9ba6     0x2  iar_startup_nrf52.o [1]
  .text                   ro code     0x2'9ba8    0x4a  strcmp.o [4]
  .text                   ro code     0x2'9bf2    0x90  ble_advdata.o [1]
  .text                   ro code     0x2'9c82     0x2  iar_startup_nrf52.o [1]
  .text                   ro code     0x2'9c84    0x68  memcmp.o [4]
  .text                   ro code     0x2'9cec   0x3a2  main.o [1]
  .text                   ro code     0x2'a08e     0x2  iar_startup_nrf52.o [1]
  .text                   ro code     0x2'a090    0xb0  boards.o [1]
  .text                   ro code     0x2'a140   0x248  ble_lbs_c.o [1]
  .text                   ro code     0x2'a388   0x254  app_button.o [1]
  .text                   ro code     0x2'a5dc    0x20  nrf_log_default_backends.o [1]
  .text                   ro code     0x2'a5fc   0x314  app_timer2.o [1]
  .text                   ro code     0x2'a910    0x6c  nrf_pwr_mgmt.o [1]
  .text                   ro code     0x2'a97c   0x1a0  nrf_sdh.o [1]
  .text                   ro code     0x2'ab1c    0x22  I64Shl.o [4]
  .text                   ro code     0x2'ab3e     0x2  iar_startup_nrf52.o [1]
  .text                   ro code     0x2'ab40    0xf0  nrf_log_backend_uart.o [1]
  .text                   ro code     0x2'ac30   0x2b8  drv_rtc.o [1]
  .text                   ro code     0x2'aee8    0x48  nrf_sortlist.o [1]
  .text                   ro code     0x2'af30   0x104  nrf_atfifo.o [1]
  .text                   ro code     0x2'b034    0x8c  nrf_drv_uart.o [1]
  .text                   ro code     0x2'b0c0    0xcc  nrf_log_backend_serial.o [1]
  .text                   ro code     0x2'b18c   0x224  nrf_log_str_formatter.o [1]
  .text                   ro code     0x2'b3b0    0x40  nrf_fprintf.o [1]
  .text                   ro code     0x2'b3f0    0x14  isalpha.o [2]
  .text                   ro code     0x2'b404    0x14  ispunct.o [2]
  .text                   ro code     0x2'b418   0x338  nrf_fprintf_format.o [1]
  .text                   ro code     0x2'b750    0x48  xlocale_c.o [2]
  .text                   ro code     0x2'b798   0x2c0  system_nrf52.o [1]
  .text                   ro code     0x2'ba58   0x140  ble_conn_state.o [1]
  .text                   ro code     0x2'bb98    0x3c  nrf_atflags.o [1]
  .text                   ro code     0x2'bbd4    0xf8  nrf_drv_clock.o [1]
  .text                   ro code     0x2'bccc    0xc0  nrfx_clock.o [1]
  .text                   ro code     0x2'bd8c    0xb4  bsp_btn_ble.o [1]
  .text                   ro code     0x2'be40    0x40  bsp.o [1]
  log_const_data                      0x2'be80    0x98  <Block>
    log_const_data        const       0x2'be80     0x8  app_button.o [1]
    log_const_data        const       0x2'be88     0x8  app_timer2.o [1]
    log_const_data        const       0x2'be90     0x8  ble_db_discovery.o [1]
    log_const_data        const       0x2'be98     0x8  ble_lbs_c.o [1]
    log_const_data        const       0x2'bea0     0x8  nrf_ble_gatt.o [1]
    log_const_data        const       0x2'bea8     0x8  nrf_ble_gq.o [1]
    log_const_data        const       0x2'beb0     0x8  nrf_ble_scan.o [1]
    log_const_data        const       0x2'beb8     0x8  nrf_drv_clock.o [1]
    log_const_data        const       0x2'bec0     0x8  nrf_log_frontend.o [1]
    log_const_data        const       0x2'bec8     0x8  nrf_pwr_mgmt.o [1]
    log_const_data        const       0x2'bed0     0x8  nrf_sdh.o [1]
    log_const_data        const       0x2'bed8     0x8  nrf_sdh_ble.o [1]
    log_const_data        const       0x2'bee0     0x8  nrf_sdh_soc.o [1]
    log_const_data        const       0x2'bee8     0x8  nrf_sortlist.o [1]
    log_const_data        const       0x2'bef0     0x8  nrfx_clock.o [1]
    log_const_data        const       0x2'bef8     0x8  nrfx_gpiote.o [1]
    log_const_data        const       0x2'bf00     0x8  nrfx_prs.o [1]
    log_const_data        const       0x2'bf08     0x8  nrfx_uart.o [1]
    log_const_data        const       0x2'bf10     0x8  nrfx_uarte.o [1]
  .rodata                 const       0x2'bf18    0x58  nrf_log_str_formatter.o [1]
  .text                   ro code     0x2'bf70    0x44  nrf_sdh_soc.o [1]
  .rodata                 const       0x2'bfb4    0x38  nrf_sdh.o [1]
  .rodata                 const       0x2'bfec    0x2c  nrf_sdh_ble.o [1]
  .text                   ro code     0x2'c018    0x28  data_init.o [4]
  sdh_ble_observers1                  0x2'c040    0x28  <Block>
    sdh_ble_observers1    const       0x2'c040     0x8  bsp_btn_ble.o [1]
    sdh_ble_observers1    const       0x2'c048     0x8  main.o [1]
    sdh_ble_observers1    const       0x2'c050     0x8  main.o [1]
    sdh_ble_observers1    const       0x2'c058     0x8  main.o [1]
    sdh_ble_observers1    const       0x2'c060     0x8  main.o [1]
  .rodata                 const       0x2'c068    0x24  nrf_pwr_mgmt.o [1]
  .text                   ro code     0x2'c08c    0x22  fpinit_M.o [3]
  .iar.init_table         const       0x2'c0b0    0x20  - Linker created -
  .text                   ro code     0x2'c0d0     0x2  iar_startup_nrf52.o [1]
  .text                   ro code     0x2'c0d4    0x1e  cmain.o [4]
  .text                   ro code     0x2'c0f2     0x4  exit.o [2]
  .text                   ro code     0x2'c0f6     0x2  iar_startup_nrf52.o [1]
  .text                   ro code     0x2'c0f8     0xa  cexit.o [4]
  .text                   ro code     0x2'c102     0x2  iar_startup_nrf52.o [1]
  .text                   ro code     0x2'c104     0xc  XXexit.o [4]
  .rodata                 const       0x2'c110    0x1c  app_error_weak.o [1]
  .rodata                 const       0x2'c12c    0x1c  nrf_sdh_soc.o [1]
  .rodata                 const       0x2'c148    0x14  main.o [1]
  .rodata                 const       0x2'c15c    0x14  nrf_log_default_backends.o [1]
  nrf_balloc              const       0x2'c170    0x14  main.o [1]
  nrf_balloc              const       0x2'c184    0x14  nrf_log_frontend.o [1]
  nrf_queue               const       0x2'c198    0x14  main.o [1]
  .rodata                 const       0x2'c1ac    0x10  nrf_ble_gatt.o [1]
  .text                   ro code     0x2'c1bc    0x10  iar_startup_nrf52.o [1]
  log_backends            const       0x2'c1cc    0x10  nrf_log_default_backends.o [1]
  sdh_stack_observers0                0x2'c1dc    0x10  <Block>
    sdh_stack_observers0  const       0x2'c1dc     0x8  nrf_sdh_ble.o [1]
    sdh_stack_observers0  const       0x2'c1e4     0x8  nrf_sdh_soc.o [1]
  .rodata                 const       0x2'c1ec     0xc  app_button.o [1]
  .rodata                 const       0x2'c1f8     0xc  app_timer2.o [1]
  .rodata                 const       0x2'c204     0xc  ble_db_discovery.o [1]
  .rodata                 const       0x2'c210     0xc  ble_lbs_c.o [1]
  .rodata                 const       0x2'c21c     0xc  nrf_ble_gq.o [1]
  .rodata                 const       0x2'c228     0xc  nrf_ble_scan.o [1]
  .rodata                 const       0x2'c234     0xc  nrf_log_backend_uart.o [1]
  .rodata                 const       0x2'c240     0xc  nrf_sortlist.o [1]
  .text                   ro code     0x2'c24c     0xc  cstartup_M.o [4]
  .rodata                 const       0x2'c258     0x8  nrf_drv_clock.o [1]
  .rodata                 const       0x2'c260     0x8  nrfx_clock.o [1]
  .rodata                 const       0x2'c268     0x8  nrfx_gpiote.o [1]
  .rodata                 const       0x2'c270     0x8  nrfx_uart.o [1]
  .rodata                 const       0x2'c278     0x8  nrfx_uarte.o [1]
  sdh_ble_observers0                  0x2'c280     0x8  <Block>
    sdh_ble_observers0    const       0x2'c280     0x8  ble_conn_state.o [1]
  sdh_ble_observers2                  0x2'c288     0x8  <Block>
    sdh_ble_observers2    const       0x2'c288     0x8  main.o [1]
  sdh_ble_observers3                  0x2'c290     0x8  <Block>
    sdh_ble_observers3    const       0x2'c290     0x8  main.o [1]
  sdh_soc_observers0                  0x2'c298     0x8  <Block>
    sdh_soc_observers0    const       0x2'c298     0x8  nrf_drv_clock.o [1]
  sdh_state_observers0                0x2'c2a0     0x8  <Block>
    sdh_state_observers0  const       0x2'c2a0     0x8  nrf_drv_clock.o [1]
  .rodata                 const       0x2'c2a8     0x4  nrf_log_frontend.o [1]
  .rodata                 const       0x2'c2ac     0x4  nrfx_prs.o [1]
  .rodata                 const       0x2'c2b0     0x2  xlocale_c.o [2]
  .text                   ro code     0x2'c2b2     0x2  iar_startup_nrf52.o [1]
  .text                   ro code     0x2'c2b4     0x2  iar_startup_nrf52.o [1]
  .text                   ro code     0x2'c2b6     0x2  iar_startup_nrf52.o [1]
  .text                   ro code     0x2'c2b8     0x2  iar_startup_nrf52.o [1]
  .text                   ro code     0x2'c2ba     0x2  iar_startup_nrf52.o [1]
  .text                   ro code     0x2'c2bc     0x2  iar_startup_nrf52.o [1]
  .text                   ro code     0x2'c2be     0x2  iar_startup_nrf52.o [1]
  .text                   ro code     0x2'c2c0     0x2  iar_startup_nrf52.o [1]
  .text                   ro code     0x2'c2c2     0x2  iar_startup_nrf52.o [1]
  .text                   ro code     0x2'c2c4     0x2  iar_startup_nrf52.o [1]
  .text                   ro code     0x2'c2c6     0x2  iar_startup_nrf52.o [1]
  .text                   ro code     0x2'c2c8     0x2  iar_startup_nrf52.o [1]
  .text                   ro code     0x2'c2ca     0x2  iar_startup_nrf52.o [1]
  .text                   ro code     0x2'c2cc     0x2  iar_startup_nrf52.o [1]
  .text                   ro code     0x2'c2ce     0x2  iar_startup_nrf52.o [1]
  .text                   ro code     0x2'c2d0     0x2  iar_startup_nrf52.o [1]
  .text                   ro code     0x2'c2d2     0x2  iar_startup_nrf52.o [1]
  .text                   ro code     0x2'c2d4     0x2  iar_startup_nrf52.o [1]
  .text                   ro code     0x2'c2d6     0x2  iar_startup_nrf52.o [1]
  .text                   ro code     0x2'c2d8     0x2  iar_startup_nrf52.o [1]
  .text                   ro code     0x2'c2da     0x2  iar_startup_nrf52.o [1]
  .text                   ro code     0x2'c2dc     0x2  iar_startup_nrf52.o [1]
  .text                   ro code     0x2'c2de     0x2  iar_startup_nrf52.o [1]
  .text                   ro code     0x2'c2e0     0x2  iar_startup_nrf52.o [1]
  .text                   ro code     0x2'c2e2     0x2  iar_startup_nrf52.o [1]
  .text                   ro code     0x2'c2e4     0x2  iar_startup_nrf52.o [1]
  .text                   ro code     0x2'c2e6     0x2  iar_startup_nrf52.o [1]
  .text                   ro code     0x2'c2e8     0x2  iar_startup_nrf52.o [1]
  .text                   ro code     0x2'c2ea     0x2  iar_startup_nrf52.o [1]
  .text                   ro code     0x2'c2ec     0x2  iar_startup_nrf52.o [1]
  .text                   ro code     0x2'c2ee     0x2  iar_startup_nrf52.o [1]
  .text                   ro code     0x2'c2f0     0x2  iar_startup_nrf52.o [1]
  .rodata                 const       0x2'c2f2     0x0  zero_init3.o [4]
  .rodata                 const       0x2'c2f2     0x0  lz77_init_single.o [4]
  Initializer bytes       const       0x2'c2f2    0x9c  <for P2-1>
                                    - 0x2'c38e  0x618e

"P2", part 1 of 3:                               0x7b2
  P2-1                             0x2000'1db8   0x7b2  <Init block>
    .data                 inited   0x2000'1db8    0x8c  app_timer2.o [1]
    .data                 inited   0x2000'1e44   0x680  main.o [1]
    .data                 inited   0x2000'24c4    0x18  nrf_log_backend_uart.o [1]
    .data                 inited   0x2000'24dc     0x8  nrf_log_default_backends.o [1]
    .data                 inited   0x2000'24e4    0x38  nrf_log_str_formatter.o [1]
    .data                 inited   0x2000'251c     0x4  system_nrf52.o [1]
    .data                 inited   0x2000'2520    0x48  xlocale_c.o [2]
    .data                 inited   0x2000'2568     0x2  main.o [1]
                                 - 0x2000'256a   0x7b2

"P2", part 2 of 3:                               0x9e0
  .bss                    zero     0x2000'256c   0x424  nrf_log_frontend.o [1]
  .bss                    zero     0x2000'2990    0xc0  main.o [1]
  .bss                    zero     0x2000'2a50    0xc0  nrf_log_frontend.o [1]
  .bss                    zero     0x2000'2b10    0xa0  main.o [1]
  .bss                    zero     0x2000'2bb0    0x7c  ble_conn_state.o [1]
  .bss                    zero     0x2000'2c30    0x80  bsp.o [1]
  .bss                    zero     0x2000'2cb0    0x80  nrf_log_frontend.o [1]
  .bss                    zero     0x2000'2d30    0x5c  nrfx_gpiote.o [1]
  .bss                    zero     0x2000'2d8c    0x2c  nrfx_uart.o [1]
  .bss                    zero     0x2000'2db8    0x48  app_button.o [1]
  .bss                    zero     0x2000'2e00    0x40  nrf_log_backend_uart.o [1]
  .bss                    zero     0x2000'2e40    0x28  ble_db_discovery.o [1]
  .bss                    zero     0x2000'2e68    0x24  nrfx_uarte.o [1]
  .bss                    zero     0x2000'2e8c    0x18  nrf_log_frontend.o [1]
  .bss                    zero     0x2000'2ea4    0x14  nrf_drv_clock.o [1]
  .bss                    zero     0x2000'2eb8    0x14  nrf_pwr_mgmt.o [1]
  .bss                    zero     0x2000'2ecc     0xc  app_util_platform.o [1]
  .bss                    zero     0x2000'2ed8     0xc  drv_rtc.o [1]
  .bss                    zero     0x2000'2ee4     0xc  main.o [1]
  .bss                    zero     0x2000'2ef0     0xc  main.o [1]
  .bss                    zero     0x2000'2efc     0xc  nrf_drv_uart.o [1]
  .bss                    zero     0x2000'2f08     0x8  bsp_btn_ble.o [1]
  .bss                    zero     0x2000'2f10     0x8  main.o [1]
  .bss                    zero     0x2000'2f18     0x8  main.o [1]
  .bss                    zero     0x2000'2f20     0x8  nrf_log_frontend.o [1]
  .bss                    zero     0x2000'2f28     0x8  nrf_log_frontend.o [1]
  .bss                    zero     0x2000'2f30     0x8  nrfx_clock.o [1]
  .bss                    zero     0x2000'2f38     0x8  nrfx_prs.o [1]
  .bss                    zero     0x2000'2f40     0x4  app_timer2.o [1]
  .bss                    zero     0x2000'2f44     0x4  main.o [1]
  .bss                    zero     0x2000'2f48     0x3  nrf_sdh.o [1]
  .bss                    zero     0x2000'2f4b     0x1  nrf_sdh_ble.o [1]
                                 - 0x2000'2f4c   0x9e0

"P2", part 3 of 3:                              0x2000
  CSTACK                           0x2000'2f50  0x2000  <Block>
    CSTACK                uninit   0x2000'2f50  0x2000  <Block tail>
                                 - 0x2000'4f50  0x2000

Unused ranges:

         From           To      Size
         ----           --      ----
     0x2'c38e     0x7'ffff  0x5'3c72
  0x2000'256a  0x2000'256b       0x2
  0x2000'2f4c  0x2000'2f4f       0x4
  0x2000'4f50  0x2000'ffff    0xb0b0


*******************************************************************************
*** INIT TABLE
***

          Address      Size
          -------      ----
Zero (__iar_zero_init3)
    1 destination range, total size 0x9e0:
          0x2000'256c  0x9e0

Copy/lz77 (__iar_lz77_init_single3)
    1 source range, total size 0x9c (7% of destination):
             0x2'c2f2   0x9c
    1 destination range, total size 0x7b2:
          0x2000'1db8  0x7b2



*******************************************************************************
*** MODULE SUMMARY
***

    Module                      ro code  ro data  rw data
    ------                      -------  -------  -------
command line/config:
    -----------------------------------------------------
    Total:

C:\Nordic_BLE_SDK\nRF5_SDK_16.0.0_98a08e2\examples\ble_central\ble_app_blinky_c\pca10040\s132\iar\_build: [1]
    app_button.o                    596       20       72
    app_error.o                      30
    app_error_weak.o                112       28
    app_timer2.o                    788       31      144
    app_util_platform.o             124                12
    ble_advdata.o                   144
    ble_conn_state.o                320        8      124
    ble_db_discovery.o            2 144       20       40
    ble_lbs_c.o                     584       20
    boards.o                        176
    bsp.o                            64               128
    bsp_btn_ble.o                   180        8        8
    drv_rtc.o                       696                12
    iar_startup_nrf52.o             610
    main.o                          930      240    2 062
    nrf_atfifo.o                    260
    nrf_atflags.o                    60
    nrf_atomic.o                    152
    nrf_balloc.o                    162
    nrf_ble_gatt.o                  980       24
    nrf_ble_gq.o                  1 124       20
    nrf_ble_scan.o                  956       20
    nrf_drv_clock.o                 248       32       20
    nrf_drv_uart.o                  140                12
    nrf_fprintf.o                    64
    nrf_fprintf_format.o            824
    nrf_log_backend_serial.o        204
    nrf_log_backend_uart.o          240       14       88
    nrf_log_default_backends.o       32       37        8
    nrf_log_frontend.o            1 492       32    1 420
    nrf_log_str_formatter.o         548       92       56
    nrf_memobj.o                    340
    nrf_pwr_mgmt.o                  108       44       20
    nrf_queue.o                     410
    nrf_ringbuf.o                    18
    nrf_sdh.o                       416       64        3
    nrf_sdh_ble.o                 1 024       60        1
    nrf_sdh_soc.o                    68       44
    nrf_section_iter.o               70
    nrf_sortlist.o                   72       20
    nrf_strerror.o                  388    1 004
    nrfx_clock.o                    192       16        8
    nrfx_gpiote.o                 1 140       16       92
    nrfx_prs.o                       88       12        8
    nrfx_uart.o                   1 304       16       44
    nrfx_uarte.o                  1 228       16       36
    system_nrf52.o                  704        1        4
    -----------------------------------------------------
    Total:                       22 554    1 959    4 422

dl7M_tlf.a: [2]
    exit.o                            4
    isalpha.o                        20
    ispunct.o                        20
    xlocale_c.o                      72        7       72
    -----------------------------------------------------
    Total:                          116        7       72

m7M_tls.a: [3]
    fpinit_M.o                       34
    -----------------------------------------------------
    Total:                           34

rt7M_tl.a: [4]
    ABImemclr4.o                      6
    ABImemcpy.o                     166
    ABImemset48.o                    58
    I64Shl.o                         34
    XXexit.o                         12
    cexit.o                          10
    cmain.o                          30
    cstartup_M.o                     12
    data_init.o                      40
    lz77_init_single.o              122
    memcmp.o                        104
    strcmp.o                         74
    strlen.o                         54
    zero_init3.o                     58
    -----------------------------------------------------
    Total:                          780

    Gaps                              2        2        4
    Linker created                            32    8 192
---------------------------------------------------------
    Grand Total:                 23 486    2 000   12 690


*******************************************************************************
*** ENTRY LIST
***

Entry                       Address   Size  Type      Object
-----                       -------   ----  ----      ------
.iar.init_table$$Base      0x2'c0b0          --   Gb  - Linker created -
.iar.init_table$$Limit     0x2'c0d0          --   Gb  - Linker created -
?main                      0x2'c0d5         Code  Gb  cmain.o [4]
CSTACK$$Base            0x2000'2f50          --   Gb  - Linker created -
CSTACK$$Limit           0x2000'4f50          --   Gb  - Linker created -
GPIOTE_IRQHandler          0x2'8823  0x152  Code  Gb  nrfx_gpiote.o [1]
POWER_CLOCK_IRQHandler     0x2'bd2b   0x3e  Code  Gb  nrfx_clock.o [1]
RTC1_IRQHandler            0x2'ae7f    0x8  Code  Gb  drv_rtc.o [1]
Region$$Table$$Base        0x2'c0b0          --   Gb  - Linker created -
Region$$Table$$Limit       0x2'c0d0          --   Gb  - Linker created -
SWI2_EGU2_IRQHandler       0x2'aaf3    0x2  Code  Gb  nrf_sdh.o [1]
SystemCoreClock         0x2000'251c    0x4  Data  Gb  system_nrf52.o [1]
SystemInit                 0x2'b799  0x25c  Code  Gb  system_nrf52.o [1]
UARTE0_UART0_IRQHandler
                           0x2'8005    0x6  Code  Gb  nrfx_prs.o [1]
_LocaleC_isalpha           0x2'b757    0xc  Code  Gb  xlocale_c.o [2]
_LocaleC_islower           0x2'b751    0x4  Code  Gb  xlocale_c.o [2]
_LocaleC_ispunct           0x2'b76d   0x22  Code  Gb  xlocale_c.o [2]
_LocaleC_isupper           0x2'b755    0x2  Code  Gb  xlocale_c.o [2]
__ICFEDIT_region_RAM_end__ {Abs}
                        0x2000'ffff         Data  Gb  <internal module>
__ICFEDIT_region_RAM_start__ {Abs}
                        0x2000'1db8         Data  Gb  <internal module>
__Vectors                  0x2'6000          --   Gb  iar_startup_nrf52.o [1]
__Vectors_End              0x2'6200         Data  Gb  iar_startup_nrf52.o [1]
__Vectors_Size {Abs}          0x200          --   Gb  iar_startup_nrf52.o [1]
__aeabi_llsl               0x2'ab1d         Code  Gb  I64Shl.o [4]
__aeabi_memclr4            0x2'6a61         Code  Gb  ABImemclr4.o [4]
__aeabi_memcpy             0x2'6ae1         Code  Gb  ABImemcpy.o [4]
__aeabi_memcpy4            0x2'6b01         Code  Gb  ABImemcpy.o [4]
__aeabi_memcpy8            0x2'6b01         Code  Gb  ABImemcpy.o [4]
__aeabi_memset4            0x2'75f9         Code  Gb  ABImemset48.o [4]
__aeabi_memset8            0x2'75f9         Code  Gb  ABImemset48.o [4]
__cmain                    0x2'c0d5         Code  Gb  cmain.o [4]
__exit                     0x2'c105         Code  Gb  XXexit.o [4]
__iar_Memset4_word         0x2'7601         Code  Gb  ABImemset48.o [4]
__iar_Memset8_word         0x2'7601         Code  Gb  ABImemset48.o [4]
__iar_data_init3           0x2'c019   0x28  Code  Gb  data_init.o [4]
__iar_globLocale        0x2000'2520   0x48  Data  Lc  xlocale_c.o [2]
__iar_global_Locale        0x2'b78f    0x4  Code  Gb  xlocale_c.o [2]
__iar_init_vfp             0x2'c08d         Code  Gb  fpinit_M.o [3]
__iar_lz77_init_single3
                           0x2'6a67   0x7a  Code  Gb  lz77_init_single.o [4]
__iar_program_start        0x2'c24d         Code  Gb  cstartup_M.o [4]
__iar_zero_init3           0x2'6b87   0x3a  Code  Gb  zero_init3.o [4]
__sd_nvic_app_accessible_irq
                           0x2'a97d   0x2a  Code  Lc  nrf_sdh.o [1]
__sd_nvic_irq_disable      0x2'79cd    0x8  Code  Lc  app_util_platform.o [1]
__sd_nvic_irq_enable       0x2'79d5    0x4  Code  Lc  app_util_platform.o [1]
__vector_table             0x2'6000         Data  Gb  iar_startup_nrf52.o [1]
_call_main                 0x2'c0e1         Code  Gb  cmain.o [4]
_exit                      0x2'c0f9         Code  Gb  cexit.o [4]
_main                      0x2'c0ef         Code  Gb  cmain.o [4]
advertising_buttons_configure
                           0x2'bd8d   0x2e  Code  Lc  bsp_btn_ble.o [1]
app_button_enable          0x2'a5a7   0x20  Code  Gb  app_button.o [1]
app_button_init            0x2'a535   0x72  Code  Gb  app_button.o [1]
app_error_fault_handler
                           0x2'8f85   0x70  Code  Wk  app_error_weak.o [1]
app_error_handler_bare     0x2'8f21   0x1e  Code  Gb  app_error.o [1]
app_timer_create           0x2'a8a9   0x18  Code  Gb  app_timer2.o [1]
app_timer_init             0x2'a85d   0x4c  Code  Gb  app_timer2.o [1]
app_timer_start            0x2'a8c1   0x2e  Code  Gb  app_timer2.o [1]
app_util_critical_region_enter
                           0x2'79d9   0x3a  Code  Gb  app_util_platform.o [1]
app_util_critical_region_exit
                           0x2'7a13   0x26  Code  Gb  app_util_platform.o [1]
apply_config               0x2'7b73   0x7c  Code  Lc  nrfx_uart.o [1]
apply_config               0x2'80d1   0x7c  Code  Lc  nrfx_uarte.o [1]
ble_advdata_name_find      0x2'9c3d   0x46  Code  Gb  ble_advdata.o [1]
ble_advdata_search         0x2'9bf3   0x4a  Code  Gb  ble_advdata.o [1]
ble_db_discovery_evt_register
                           0x2'679b   0x36  Code  Gb  ble_db_discovery.o [1]
ble_db_discovery_init      0x2'6775   0x26  Code  Gb  ble_db_discovery.o [1]
ble_db_discovery_on_ble_evt
                           0x2'686b   0x5e  Code  Gb  ble_db_discovery.o [1]
ble_db_discovery_start     0x2'6845   0x26  Code  Gb  ble_db_discovery.o [1]
ble_evt_handler            0x2'baa3   0xf0  Code  Lc  ble_conn_state.o [1]
ble_evt_handler            0x2'bdbb   0x6e  Code  Lc  bsp_btn_ble.o [1]
ble_evt_handler            0x2'9d85   0x9e  Code  Lc  main.o [1]
ble_lbs_c_button_notif_enable
                           0x2'a29b   0x58  Code  Gb  ble_lbs_c.o [1]
ble_lbs_c_handles_assign
                           0x2'a351   0x26  Code  Gb  ble_lbs_c.o [1]
ble_lbs_c_init             0x2'a1d9   0x64  Code  Gb  ble_lbs_c.o [1]
ble_lbs_c_on_ble_evt       0x2'a23d   0x5e  Code  Gb  ble_lbs_c.o [1]
ble_lbs_led_status_send
                           0x2'a2f3   0x58  Code  Gb  ble_lbs_c.o [1]
ble_lbs_on_db_disc_evt     0x2'a14b   0x8e  Code  Gb  ble_lbs_c.o [1]
ble_stack_init::m_ble_observer
                           0x2'c290    0x8  Data  Lc  main.o [1]
bsp_board_init             0x2'a0ed   0x4c  Code  Gb  boards.o [1]
bsp_board_led_off          0x2'a0c9    0x8  Code  Gb  boards.o [1]
bsp_board_led_on           0x2'a0c1    0x8  Code  Gb  boards.o [1]
bsp_board_leds_off         0x2'a0d1   0x12  Code  Gb  boards.o [1]
bsp_button_event_handler::current_long_push_pin_no
                        0x2000'2c3f    0x1  Data  Lc  bsp.o [1]
bsp_button_event_handler::release_event_at_push
                        0x2000'2c40    0x4  Data  Lc  bsp.o [1]
bsp_event_to_button_action_assign
                           0x2'be41   0x3a  Code  Gb  bsp.o [1]
buf_prealloc               0x2'71ef   0x8c  Code  Lc  nrf_log_frontend.o [1]
buffer_add                 0x2'b419   0x2c  Code  Lc  nrf_fprintf_format.o [1]
button_event_handler       0x2'9e25   0x44  Code  Lc  main.o [1]
button_get                 0x2'a3a5   0x24  Code  Lc  app_button.o [1]
buttons_init::buttons   0x2000'24bc    0x8  Data  Lc  main.o [1]
channel_free               0x2'8661   0x18  Code  Lc  nrfx_gpiote.o [1]
channel_port_alloc         0x2'861f   0x42  Code  Lc  nrfx_gpiote.o [1]
characteristics_discover
                           0x2'6407   0x68  Code  Lc  ble_db_discovery.o [1]
clock_clk_started_notify
                           0x2'bc39   0x24  Code  Lc  nrf_drv_clock.o [1]
clock_irq_handler          0x2'bc5d   0x18  Code  Lc  nrf_drv_clock.o [1]
compare_func               0x2'a62d   0x1a  Code  Lc  app_timer2.o [1]
conn_handle_id_find        0x2'6e25   0x22  Code  Lc  nrf_ble_gq.o [1]
conn_handle_list_get       0x2'ba59   0x3e  Code  Gb  ble_conn_state.o [1]
data_length_update         0x2'93f5   0x82  Code  Lc  nrf_ble_gatt.o [1]
db_disc_handler            0x2'9e7b    0x8  Code  Lc  main.o [1]
descriptors_discover       0x2'646f   0xae  Code  Lc  ble_db_discovery.o [1]
detection_delay_timeout_handler
                           0x2'a4b7   0x48  Code  Lc  app_button.o [1]
discovery_available_evt_trigger
                           0x2'6231   0x2c  Code  Lc  ble_db_discovery.o [1]
discovery_complete_evt_trigger
                           0x2'62a1   0x98  Code  Lc  ble_db_discovery.o [1]
discovery_error_handler
                           0x2'625d   0x44  Code  Lc  ble_db_discovery.o [1]
discovery_start            0x2'67d1   0x74  Code  Lc  ble_db_discovery.o [1]
dropped_sat16_get          0x2'7191   0x12  Code  Lc  nrf_log_frontend.o [1]
drv_rtc_compare_disable
                           0x2'ae4d    0xa  Code  Gb  drv_rtc.o [1]
drv_rtc_compare_pending
                           0x2'ae57    0xa  Code  Gb  drv_rtc.o [1]
drv_rtc_compare_set        0x2'acf7   0x44  Code  Gb  drv_rtc.o [1]
drv_rtc_counter_get        0x2'ae61    0x8  Code  Gb  drv_rtc.o [1]
drv_rtc_init               0x2'ac5d   0x86  Code  Gb  drv_rtc.o [1]
drv_rtc_irq_trigger        0x2'ae69   0x16  Code  Gb  drv_rtc.o [1]
drv_rtc_overflow_enable
                           0x2'ae41    0x6  Code  Gb  drv_rtc.o [1]
drv_rtc_overflow_pending
                           0x2'ae47    0x6  Code  Gb  drv_rtc.o [1]
drv_rtc_start              0x2'ace5    0x8  Code  Gb  drv_rtc.o [1]
drv_rtc_stop               0x2'aced    0xa  Code  Gb  drv_rtc.o [1]
drv_rtc_windowed_compare_set
                           0x2'ad69   0xd8  Code  Gb  drv_rtc.o [1]
evt_disable                0x2'ad49    0xc  Code  Lc  drv_rtc.o [1]
evt_enable                 0x2'ad3b    0xe  Code  Lc  drv_rtc.o [1]
evt_handle                 0x2'a3e9   0xbc  Code  Gb  app_button.o [1]
evt_pending                0x2'ad55   0x14  Code  Lc  drv_rtc.o [1]
exit                       0x2'c0f3    0x4  Code  Gb  exit.o [2]
flag_toggle                0x2'ba97    0xc  Code  Lc  ble_conn_state.o [1]
gatt_error_handler         0x2'a141    0xa  Code  Lc  ble_lbs_c.o [1]
gattc_write_alloc          0x2'6bc1   0x22  Code  Lc  nrf_ble_gq.o [1]
gatts_hvx_alloc            0x2'6be3   0x32  Code  Lc  nrf_ble_gq.o [1]
get_now                    0x2'a5fd   0x30  Code  Lc  app_timer2.o [1]
gpiote_event_handler       0x2'a4ff   0x36  Code  Lc  app_button.o [1]
int_print                  0x2'b4e1   0xa4  Code  Lc  nrf_fprintf_format.o [1]
interrupts_disable         0x2'7c4d   0x22  Code  Lc  nrfx_uart.o [1]
interrupts_disable         0x2'81c3   0x22  Code  Lc  nrfx_uarte.o [1]
interrupts_enable          0x2'7bef   0x5e  Code  Lc  nrfx_uart.o [1]
interrupts_enable          0x2'814d   0x76  Code  Lc  nrfx_uarte.o [1]
invalid_packets_omit       0x2'70cf   0x36  Code  Lc  nrf_log_frontend.o [1]
is_desc_discovery_reqd     0x2'63bd   0x4a  Code  Lc  ble_db_discovery.o [1]
is_whitelist_used          0x2'9957   0x18  Code  Gb  nrf_ble_scan.o [1]
isalpha                    0x2'b3f1   0x14  Code  Gb  isalpha.o [2]
ispunct                    0x2'b405   0x14  Code  Gb  ispunct.o [2]
lbs_c_evt_handler          0x2'9d11   0x72  Code  Lc  main.o [1]
lbs_error_handler          0x2'9ced    0x4  Code  Lc  main.o [1]
link_init                  0x2'93e1   0x14  Code  Lc  nrf_ble_gatt.o [1]
log_backend_cb_uart_log_backend
                        0x2000'24dc    0x8  Data  Lc  nrf_log_default_backends.o [1]
log_const_data$$Base       0x2'be80          --   Gb  - Linker created -
log_const_data$$Limit      0x2'bf18          --   Gb  - Linker created -
log_dynamic_data$$Base          0x0          --   Gb  - Linker created -
log_mempool                0x2'c184   0x14  Data  Gb  nrf_log_frontend.o [1]
log_mempool_nrf_balloc_cb
                        0x2000'2f28    0x8  Data  Lc  nrf_log_frontend.o [1]
log_mempool_nrf_balloc_pool_mem
                        0x2000'2a50   0xc0  Data  Lc  nrf_log_frontend.o [1]
log_mempool_nrf_balloc_pool_stack
                        0x2000'2f20    0x8  Data  Lc  nrf_log_frontend.o [1]
log_skip                   0x2'7105   0x8c  Code  Lc  nrf_log_frontend.o [1]
m_alert_on              0x2000'2c3e    0x1  Data  Lc  bsp.o [1]
m_app_timer_sortlist       0x2'a900    0xc  Data  Lc  app_timer2.o [1]
m_app_timer_sortlist_sortlist_cb
                        0x2000'2f40    0x4  Data  Lc  app_timer2.o [1]
m_async_mode            0x2000'24c5    0x1  Data  Lc  nrf_log_backend_uart.o [1]
m_base_counter          0x2000'1dc0    0x8  Data  Lc  app_timer2.o [1]
m_bcs                   0x2000'2bb0   0x7c  Data  Lc  ble_conn_state.o [1]
m_ble_evt_observer         0x2'c280    0x8  Data  Lc  ble_conn_state.o [1]
m_ble_gatt_queue        0x2000'24a8   0x14  Data  Lc  main.o [1]
m_ble_gatt_queue_obs       0x2'c060    0x8  Data  Lc  main.o [1]
m_ble_gatt_queueconn_handles_arr
                        0x2000'2568    0x2  Data  Lc  main.o [1]
m_ble_gatt_queuepool       0x2'c170   0x14  Data  Gb  main.o [1]
m_ble_gatt_queuepool_nrf_balloc_cb
                        0x2000'2f18    0x8  Data  Lc  main.o [1]
m_ble_gatt_queuepool_nrf_balloc_pool_mem
                        0x2000'2990   0xc0  Data  Lc  main.o [1]
m_ble_gatt_queuepool_nrf_balloc_pool_stack
                        0x2000'2f10    0x8  Data  Lc  main.o [1]
m_ble_gatt_queuepurge_queue
                           0x2'c198   0x14  Data  Gb  main.o [1]
m_ble_gatt_queuepurge_queue_nrf_queue_buffer
                        0x2000'2f44    0x4  Data  Lc  main.o [1]
m_ble_gatt_queuepurge_queue_nrf_queue_cb
                        0x2000'2ef0    0xc  Data  Lc  main.o [1]
m_ble_gatt_queuereq_queue
                           0x2'c148   0x14  Data  Lc  main.o [1]
m_ble_gatt_queuereq_queue0_nrf_queue_buffer
                        0x2000'2b10   0xa0  Data  Lc  main.o [1]
m_ble_gatt_queuereq_queue0_nrf_queue_cb
                        0x2000'2ee4    0xc  Data  Lc  main.o [1]
m_ble_lbs_c             0x2000'1eac   0x18  Data  Lc  main.o [1]
m_ble_lbs_c_obs            0x2'c288    0x8  Data  Lc  main.o [1]
m_ble_observer             0x2'c040    0x8  Data  Lc  bsp_btn_ble.o [1]
m_board_btn_list           0x2'a13c    0x4  Data  Lc  boards.o [1]
m_board_led_list           0x2'a138    0x4  Data  Lc  boards.o [1]
m_bsp_alert_tmr_data    0x2000'2c70   0x20  Data  Lc  bsp.o [1]
m_bsp_button_tmr_data   0x2000'2c90   0x20  Data  Lc  bsp.o [1]
m_bsp_leds_tmr_data     0x2000'2c50   0x20  Data  Lc  bsp.o [1]
m_button_count          0x2000'2db8    0x1  Data  Lc  app_button.o [1]
m_cb                    0x2000'2ed8    0x8  Data  Lc  drv_rtc.o [1]
m_cb                    0x2000'2d30   0x5c  Data  Lc  nrfx_gpiote.o [1]
m_cb                    0x2000'2d8c   0x2c  Data  Lc  nrfx_uart.o [1]
m_cb                    0x2000'2e68   0x24  Data  Lc  nrfx_uarte.o [1]
m_clock_cb              0x2000'2ea4   0x14  Data  Lc  nrf_drv_clock.o [1]
m_clock_cb              0x2000'2f30    0x8  Data  Lc  nrfx_clock.o [1]
m_colors                0x2000'24f8   0x24  Data  Lc  nrf_log_str_formatter.o [1]
m_contexts              0x2000'2f04    0x4  Data  Lc  nrf_drv_uart.o [1]
m_db_disc               0x2000'1ed8  0x5d0  Data  Lc  main.o [1]
m_db_disc_obs              0x2'c058    0x8  Data  Lc  main.o [1]
m_detection_delay       0x2000'2ddc    0x4  Data  Lc  app_button.o [1]
m_detection_delay_timer_id
                           0x2'a5d4    0x4  Data  Lc  app_button.o [1]
m_detection_delay_timer_id_data
                        0x2000'2de0   0x20  Data  Lc  app_button.o [1]
m_error_handler         0x2000'2f08    0x4  Data  Lc  bsp_btn_ble.o [1]
m_events_list           0x2000'2c30    0xc  Data  Lc  bsp.o [1]
m_evt_handler           0x2000'2e5c    0x4  Data  Lc  ble_db_discovery.o [1]
m_gatt                  0x2000'1ec4   0x14  Data  Lc  main.o [1]
m_gatt_obs                 0x2'c050    0x8  Data  Lc  main.o [1]
m_global_active         0x2000'1db8    0x1  Data  Lc  app_timer2.o [1]
m_handlers              0x2000'2ee0    0x4  Data  Lc  drv_rtc.o [1]
m_handlers              0x2000'2f00    0x4  Data  Lc  nrf_drv_uart.o [1]
m_handlers_iter         0x2000'2ebc    0xc  Data  Lc  nrf_pwr_mgmt.o [1]
m_indication_type       0x2000'2c44    0x4  Data  Lc  bsp.o [1]
m_initialized           0x2000'2e58    0x1  Data  Lc  ble_db_discovery.o [1]
m_leds_clear            0x2000'2c3d    0x1  Data  Lc  bsp.o [1]
m_log_data              0x2000'256c  0x424  Data  Lc  nrf_log_frontend.o [1]
m_log_push_ringbuf         0x2'75ec    0xc  Data  Lc  nrf_log_frontend.o [1]
m_log_push_ringbuf_buf  0x2000'2cb0   0x80  Data  Lc  nrf_log_frontend.o [1]
m_log_push_ringbuf_cb   0x2000'2e8c   0x18  Data  Lc  nrf_log_frontend.o [1]
m_nrf_log_CLOCK_logs_data_const
                           0x2'bef0    0x8  Data  Gb  nrfx_clock.o [1]
m_nrf_log_GPIOTE_logs_data_const
                           0x2'bef8    0x8  Data  Gb  nrfx_gpiote.o [1]
m_nrf_log_PRS_logs_data_const
                           0x2'bf00    0x8  Data  Gb  nrfx_prs.o [1]
m_nrf_log_UARTE_logs_data_const
                           0x2'bf10    0x8  Data  Gb  nrfx_uarte.o [1]
m_nrf_log_UART_logs_data_const
                           0x2'bf08    0x8  Data  Gb  nrfx_uart.o [1]
m_nrf_log_app_button_logs_data_const
                           0x2'be80    0x8  Data  Gb  app_button.o [1]
m_nrf_log_app_logs_data_const
                           0x2'bec0    0x8  Data  Gb  nrf_log_frontend.o [1]
m_nrf_log_app_timer_logs_data_const
                           0x2'be88    0x8  Data  Gb  app_timer2.o [1]
m_nrf_log_ble_db_disc_logs_data_const
                           0x2'be90    0x8  Data  Gb  ble_db_discovery.o [1]
m_nrf_log_ble_lbs_c_logs_data_const
                           0x2'be98    0x8  Data  Gb  ble_lbs_c.o [1]
m_nrf_log_ble_scan_logs_data_const
                           0x2'beb0    0x8  Data  Gb  nrf_ble_scan.o [1]
m_nrf_log_clock_logs_data_const
                           0x2'beb8    0x8  Data  Gb  nrf_drv_clock.o [1]
m_nrf_log_nrf_ble_gatt_logs_data_const
                           0x2'bea0    0x8  Data  Gb  nrf_ble_gatt.o [1]
m_nrf_log_nrf_ble_gq_logs_data_const
                           0x2'bea8    0x8  Data  Gb  nrf_ble_gq.o [1]
m_nrf_log_nrf_sdh_ble_logs_data_const
                           0x2'bed8    0x8  Data  Gb  nrf_sdh_ble.o [1]
m_nrf_log_nrf_sdh_logs_data_const
                           0x2'bed0    0x8  Data  Gb  nrf_sdh.o [1]
m_nrf_log_nrf_sdh_soc_logs_data_const
                           0x2'bee0    0x8  Data  Gb  nrf_sdh_soc.o [1]
m_nrf_log_pwr_mgmt_logs_data_const
                           0x2'bec8    0x8  Data  Gb  nrf_pwr_mgmt.o [1]
m_nrf_log_sortlist_logs_data_const
                           0x2'bee8    0x8  Data  Gb  nrf_sortlist.o [1]
m_nrf_sdh_ble_evts_poll
                           0x2'c1dc    0x8  Data  Lc  nrf_sdh_ble.o [1]
m_nrf_sdh_continue      0x2000'2f4a    0x1  Data  Lc  nrf_sdh.o [1]
m_nrf_sdh_enabled       0x2000'2f48    0x1  Data  Lc  nrf_sdh.o [1]
m_nrf_sdh_soc_evts_poll
                           0x2'c1e4    0x8  Data  Lc  nrf_sdh_soc.o [1]
m_nrf_sdh_suspended     0x2000'2f49    0x1  Data  Lc  nrf_sdh.o [1]
m_num_connections       0x2000'2f0c    0x4  Data  Lc  bsp_btn_ble.o [1]
m_num_of_handlers_reg   0x2000'2e64    0x4  Data  Lc  ble_db_discovery.o [1]
m_pin_active            0x2000'2dd0    0x8  Data  Lc  app_button.o [1]
m_pin_states            0x2000'2dbc   0x10  Data  Lc  app_button.o [1]
m_prs_box_4             0x2000'2f38    0x8  Data  Lc  nrfx_prs.o [1]
m_pwr_mgmt_evt          0x2000'2eb8    0x1  Data  Lc  nrf_pwr_mgmt.o [1]
m_registered_callback   0x2000'2c48    0x4  Data  Lc  bsp.o [1]
m_registered_handlers   0x2000'2e40   0x18  Data  Lc  ble_db_discovery.o [1]
m_req_data_alloc           0x2'700c   0x18  Data  Lc  nrf_ble_gq.o [1]
m_req_fifo_data         0x2000'1ddc   0x58  Data  Lc  app_timer2.o [1]
m_req_fifo_inst         0x2000'1e34   0x10  Data  Lc  app_timer2.o [1]
m_rtc_inst              0x2000'1dd4    0x8  Data  Lc  app_timer2.o [1]
m_scan                  0x2000'1e44   0x68  Data  Lc  main.o [1]
m_scan_ble_obs             0x2'c048    0x8  Data  Lc  main.o [1]
m_sd_state_observer        0x2'c2a0    0x8  Data  Lc  nrf_drv_clock.o [1]
m_shutdown_started      0x2000'2eb9    0x1  Data  Lc  nrf_pwr_mgmt.o [1]
m_soc_evt_observer         0x2'c298    0x8  Data  Lc  nrf_drv_clock.o [1]
m_stable_state          0x2000'2c3c    0x1  Data  Lc  bsp.o [1]
m_stack_is_enabled      0x2000'2f4b    0x1  Data  Lc  nrf_sdh_ble.o [1]
m_stamp64               0x2000'1dc8    0x8  Data  Lc  app_timer2.o [1]
m_string_buff           0x2000'2e00   0x40  Data  Lc  nrf_log_backend_uart.o [1]
m_sysoff_mtx            0x2000'2ec8    0x4  Data  Lc  nrf_pwr_mgmt.o [1]
m_target_periph_name       0x2'a07c   0x10  Data  Lc  main.o [1]
m_uart                  0x2000'24c8   0x14  Data  Gb  nrf_log_backend_uart.o [1]
m_unknown_str              0x2'8de4   0x14  Data  Lc  nrf_strerror.o [1]
m_xfer_done             0x2000'24c4    0x1  Data  Lc  nrf_log_backend_uart.o [1]
main                       0x2'9e85  0x128  Code  Gb  main.o [1]
memcmp                     0x2'9c85         Code  Gb  memcmp.o [4]
memobj_op                  0x2'76eb   0x84  Code  Lc  nrf_memobj.o [1]
module_idx_get             0x2'7055   0x32  Code  Lc  nrf_log_frontend.o [1]
mp_active_timer         0x2000'1dd0    0x4  Data  Lc  app_timer2.o [1]
mp_buttons              0x2000'2dd8    0x4  Data  Lc  app_button.o [1]
mp_gatt_queue           0x2000'2e60    0x4  Data  Lc  ble_db_discovery.o [1]
nrf_atfifo_init            0x2'af31   0x28  Code  Gb  nrf_atfifo.o [1]
nrf_atfifo_item_alloc      0x2'af59   0x44  Code  Gb  nrf_atfifo.o [1]
nrf_atfifo_item_free       0x2'b015   0x20  Code  Gb  nrf_atfifo.o [1]
nrf_atfifo_item_get        0x2'afbd   0x46  Code  Gb  nrf_atfifo.o [1]
nrf_atfifo_item_put        0x2'af9d   0x20  Code  Gb  nrf_atfifo.o [1]
nrf_atflags_clear          0x2'bbad   0x16  Code  Gb  nrf_atflags.o [1]
nrf_atflags_get            0x2'bbc3   0x12  Code  Gb  nrf_atflags.o [1]
nrf_atflags_set            0x2'bb99   0x14  Code  Gb  nrf_atflags.o [1]
nrf_atomic_flag_clear_fetch
                           0x2'79c9    0x4  Code  Gb  nrf_atomic.o [1]
nrf_atomic_flag_set        0x2'79c5    0x4  Code  Gb  nrf_atomic.o [1]
nrf_atomic_u32_add         0x2'7995   0x18  Code  Gb  nrf_atomic.o [1]
nrf_atomic_u32_and         0x2'797d   0x18  Code  Gb  nrf_atomic.o [1]
nrf_atomic_u32_fetch_and
                           0x2'7965   0x18  Code  Gb  nrf_atomic.o [1]
nrf_atomic_u32_fetch_store
                           0x2'7935   0x16  Code  Gb  nrf_atomic.o [1]
nrf_atomic_u32_or          0x2'794d   0x18  Code  Gb  nrf_atomic.o [1]
nrf_atomic_u32_sub         0x2'79ad   0x18  Code  Gb  nrf_atomic.o [1]
nrf_balloc_alloc           0x2'7a77   0x44  Code  Gb  nrf_balloc.o [1]
nrf_balloc_free            0x2'7abb   0x30  Code  Gb  nrf_balloc.o [1]
nrf_balloc_init            0x2'7a49   0x2e  Code  Gb  nrf_balloc.o [1]
nrf_bitmask_bit_is_set     0x2'85b9   0x12  Code  Lc  nrfx_gpiote.o [1]
nrf_bitmask_bit_set        0x2'85cb   0x16  Code  Lc  nrfx_gpiote.o [1]
nrf_ble_gatt_init          0x2'9477   0x1e  Code  Gb  nrf_ble_gatt.o [1]
nrf_ble_gatt_on_ble_evt
                           0x2'9495  0x18a  Code  Gb  nrf_ble_gatt.o [1]
nrf_ble_gq_conn_handle_register
                           0x2'6ed9   0x66  Code  Gb  nrf_ble_gq.o [1]
nrf_ble_gq_item_add        0x2'6e47   0x92  Code  Gb  nrf_ble_gq.o [1]
nrf_ble_gq_on_ble_evt      0x2'6f3f   0x64  Code  Gb  nrf_ble_gq.o [1]
nrf_ble_scan_connect_with_target
                           0x2'97b5   0x4e  Code  Lc  nrf_ble_scan.o [1]
nrf_ble_scan_default_conn_param_set
                           0x2'9991   0x14  Code  Lc  nrf_ble_scan.o [1]
nrf_ble_scan_default_param_set
                           0x2'996f   0x22  Code  Lc  nrf_ble_scan.o [1]
nrf_ble_scan_filter_set
                           0x2'9849   0x1a  Code  Gb  nrf_ble_scan.o [1]
nrf_ble_scan_filters_enable
                           0x2'9863   0x22  Code  Gb  nrf_ble_scan.o [1]
nrf_ble_scan_init          0x2'9a0f   0x72  Code  Gb  nrf_ble_scan.o [1]
nrf_ble_scan_name_filter_add
                           0x2'9803   0x46  Code  Lc  nrf_ble_scan.o [1]
nrf_ble_scan_on_adv_report
                           0x2'9885   0xd2  Code  Lc  nrf_ble_scan.o [1]
nrf_ble_scan_on_ble_evt
                           0x2'9b1b   0x30  Code  Gb  nrf_ble_scan.o [1]
nrf_ble_scan_on_connected_evt
                           0x2'9af1   0x2a  Code  Lc  nrf_ble_scan.o [1]
nrf_ble_scan_on_req_report
                           0x2'99cd   0x26  Code  Lc  nrf_ble_scan.o [1]
nrf_ble_scan_on_timeout
                           0x2'99a5   0x28  Code  Lc  nrf_ble_scan.o [1]
nrf_ble_scan_start         0x2'9a81   0x68  Code  Gb  nrf_ble_scan.o [1]
nrf_ble_scan_stop          0x2'9a0b    0x4  Code  Gb  nrf_ble_scan.o [1]
nrf_clock_event_clear      0x2'bccd   0x14  Code  Lc  nrfx_clock.o [1]
nrf_drv_clock_init         0x2'bbd5   0x32  Code  Gb  nrf_drv_clock.o [1]
nrf_drv_clock_lfclk_release
                           0x2'bc07   0x1c  Code  Gb  nrf_drv_clock.o [1]
nrf_drv_uart_init          0x2'b061   0x52  Code  Gb  nrf_drv_uart.o [1]
nrf_drv_uart_use_easy_dma
                        0x2000'2efc    0x1  Data  Gb  nrf_drv_uart.o [1]
nrf_fprintf                0x2'b3c9   0x22  Code  Gb  nrf_fprintf.o [1]
nrf_fprintf_buffer_flush
                           0x2'b3b1   0x16  Code  Gb  nrf_fprintf.o [1]
nrf_fprintf_fmt            0x2'b585  0x1aa  Code  Gb  nrf_fprintf_format.o [1]
nrf_gpio_cfg               0x2'a091   0x1e  Code  Lc  boards.o [1]
nrf_gpio_cfg               0x2'8553   0x20  Code  Lc  nrfx_gpiote.o [1]
nrf_gpio_cfg               0x2'7b23   0x20  Code  Lc  nrfx_uart.o [1]
nrf_gpio_cfg               0x2'8081   0x20  Code  Lc  nrfx_uarte.o [1]
nrf_gpio_cfg_default       0x2'7b5f    0x8  Code  Lc  nrfx_uart.o [1]
nrf_gpio_cfg_default       0x2'80bd    0x8  Code  Lc  nrfx_uarte.o [1]
nrf_gpio_cfg_input         0x2'7b4d    0xc  Code  Lc  nrfx_uart.o [1]
nrf_gpio_cfg_input         0x2'80ab    0xc  Code  Lc  nrfx_uarte.o [1]
nrf_gpio_cfg_output        0x2'7b43    0xa  Code  Lc  nrfx_uart.o [1]
nrf_gpio_cfg_output        0x2'80a1    0xa  Code  Lc  nrfx_uarte.o [1]
nrf_gpio_cfg_sense_set     0x2'8573   0x22  Code  Lc  nrfx_gpiote.o [1]
nrf_gpio_pin_write         0x2'a0af   0x12  Code  Lc  boards.o [1]
nrf_gpio_ports_read        0x2'8595   0x24  Code  Lc  nrfx_gpiote.o [1]
nrf_gpiote_event_clear     0x2'853b   0x18  Code  Lc  nrfx_gpiote.o [1]
nrf_gpiote_event_is_set
                           0x2'8529   0x12  Code  Lc  nrfx_gpiote.o [1]
nrf_log_backend_add        0x2'753d   0x52  Code  Gb  nrf_log_frontend.o [1]
nrf_log_backend_serial_put
                           0x2'b0c1   0xcc  Code  Gb  nrf_log_backend_serial.o [1]
nrf_log_backend_uart_api
                           0x2'c234    0xc  Data  Gb  nrf_log_backend_uart.o [1]
nrf_log_backend_uart_flush
                           0x2'abd5    0x2  Code  Lc  nrf_log_backend_uart.o [1]
nrf_log_backend_uart_init
                           0x2'ab8b    0x4  Code  Gb  nrf_log_backend_uart.o [1]
nrf_log_backend_uart_panic_set
                           0x2'abd7   0x26  Code  Lc  nrf_log_backend_uart.o [1]
nrf_log_backend_uart_put
                           0x2'abc5   0x10  Code  Lc  nrf_log_backend_uart.o [1]
nrf_log_color_id_get       0x2'70a5   0x2a  Code  Gb  nrf_log_frontend.o [1]
nrf_log_default_backends_init
                           0x2'a5dd   0x16  Code  Gb  nrf_log_default_backends.o [1]
nrf_log_frontend_dequeue
                           0x2'7311  0x20c  Code  Gb  nrf_log_frontend.o [1]
nrf_log_frontend_std_0     0x2'72d7    0x6  Code  Gb  nrf_log_frontend.o [1]
nrf_log_frontend_std_1     0x2'72dd    0xc  Code  Gb  nrf_log_frontend.o [1]
nrf_log_frontend_std_2     0x2'72e9   0x10  Code  Gb  nrf_log_frontend.o [1]
nrf_log_frontend_std_3     0x2'72f9   0x12  Code  Gb  nrf_log_frontend.o [1]
nrf_log_hexdump_entry_process
                           0x2'b2ad   0xaa  Code  Gb  nrf_log_str_formatter.o [1]
nrf_log_init               0x2'7025   0x30  Code  Gb  nrf_log_frontend.o [1]
nrf_log_module_name_get
                           0x2'7087   0x1a  Code  Gb  nrf_log_frontend.o [1]
nrf_log_panic              0x2'758f   0x24  Code  Gb  nrf_log_frontend.o [1]
nrf_log_std_entry_process
                           0x2'b21d   0x8e  Code  Gb  nrf_log_str_formatter.o [1]
nrf_memobj_alloc           0x2'7637   0x62  Code  Gb  nrf_memobj.o [1]
nrf_memobj_free            0x2'7699   0x2c  Code  Gb  nrf_memobj.o [1]
nrf_memobj_get             0x2'76c5    0x8  Code  Gb  nrf_memobj.o [1]
nrf_memobj_pool_init       0x2'7633    0x4  Code  Gb  nrf_memobj.o [1]
nrf_memobj_put             0x2'76cd   0x1e  Code  Gb  nrf_memobj.o [1]
nrf_memobj_read            0x2'7777    0x6  Code  Gb  nrf_memobj.o [1]
nrf_memobj_write           0x2'776f    0x8  Code  Gb  nrf_memobj.o [1]
nrf_nvic_state          0x2000'2ecc    0xc  Data  Gb  app_util_platform.o [1]
nrf_pwr_mgmt_init          0x2'a911   0x1a  Code  Gb  nrf_pwr_mgmt.o [1]
nrf_pwr_mgmt_run           0x2'a92b   0x3e  Code  Gb  nrf_pwr_mgmt.o [1]
nrf_queue_generic_pop      0x2'7873   0x84  Code  Gb  nrf_queue.o [1]
nrf_queue_is_empty         0x2'790f   0x12  Code  Gb  nrf_queue.o [1]
nrf_queue_is_full          0x2'77af   0x18  Code  Gb  nrf_queue.o [1]
nrf_queue_next_idx         0x2'7787    0xe  Code  Lc  nrf_queue.o [1]
nrf_queue_push             0x2'77c7   0xac  Code  Gb  nrf_queue.o [1]
nrf_ringbuf_init           0x2'7921   0x12  Code  Gb  nrf_ringbuf.o [1]
nrf_rtc_cc_set             0x2'ac41    0xa  Code  Lc  drv_rtc.o [1]
nrf_rtc_event_clear        0x2'ac4b   0x10  Code  Lc  drv_rtc.o [1]
nrf_sdh_ble_default_cfg_set
                           0x2'899d   0xda  Code  Gb  nrf_sdh_ble.o [1]
nrf_sdh_ble_enable         0x2'8a8d   0x70  Code  Gb  nrf_sdh_ble.o [1]
nrf_sdh_ble_evts_poll      0x2'8afd   0x46  Code  Lc  nrf_sdh_ble.o [1]
nrf_sdh_enable_request     0x2'aa49   0x5e  Code  Gb  nrf_sdh.o [1]
nrf_sdh_evts_poll          0x2'aad1   0x22  Code  Gb  nrf_sdh.o [1]
nrf_sdh_is_enabled         0x2'aab1    0x6  Code  Gb  nrf_sdh.o [1]
nrf_sdh_soc_evts_poll      0x2'bf71   0x38  Code  Lc  nrf_sdh_soc.o [1]
nrf_section_iter_init      0x2'8f61    0x4  Code  Gb  nrf_section_iter.o [1]
nrf_section_iter_item_set
                           0x2'8f3f   0x22  Code  Lc  nrf_section_iter.o [1]
nrf_section_iter_next      0x2'8f69   0x1c  Code  Gb  nrf_section_iter.o [1]
nrf_sortlist_add           0x2'aee9   0x20  Code  Gb  nrf_sortlist.o [1]
nrf_sortlist_pop           0x2'af09    0xe  Code  Gb  nrf_sortlist.o [1]
nrf_sortlist_remove        0x2'af17   0x1a  Code  Gb  nrf_sortlist.o [1]
nrf_strerror_array         0x2'8df8  0x128  Data  Lc  nrf_strerror.o [1]
nrf_strerror_find          0x2'8dab   0x3a  Code  Gb  nrf_strerror.o [1]
nrf_strerror_get           0x2'8d9d    0xe  Code  Gb  nrf_strerror.o [1]
nrf_uart_event_check       0x2'7afd    0x4  Code  Lc  nrfx_uart.o [1]
nrf_uart_event_clear       0x2'7aed   0x10  Code  Lc  nrfx_uart.o [1]
nrf_uart_hwfc_pins_set     0x2'7b19    0xa  Code  Lc  nrfx_uart.o [1]
nrf_uart_int_enable_check
                           0x2'7b01    0xe  Code  Lc  nrfx_uart.o [1]
nrf_uart_txrx_pins_set     0x2'7b0f    0xa  Code  Lc  nrfx_uart.o [1]
nrf_uarte_event_check      0x2'806d    0x4  Code  Lc  nrfx_uarte.o [1]
nrf_uarte_event_clear      0x2'805d   0x10  Code  Lc  nrfx_uarte.o [1]
nrf_uarte_hwfc_pins_set
                           0x2'8077    0x4  Code  Lc  nrfx_uarte.o [1]
nrf_uarte_txrx_pins_set
                           0x2'8071    0x6  Code  Lc  nrfx_uarte.o [1]
nrfx_clock_enable          0x2'bd0d    0xe  Code  Gb  nrfx_clock.o [1]
nrfx_clock_init            0x2'bcf5   0x18  Code  Gb  nrfx_clock.o [1]
nrfx_clock_lfclk_stop      0x2'bd1b   0x10  Code  Gb  nrfx_clock.o [1]
nrfx_coredep_delay_us      0x2'ac31   0x10  Code  Lc  drv_rtc.o [1]
nrfx_coredep_delay_us::delay_machine_code
                           0x2'aee0    0x8  Data  Lc  drv_rtc.o [1]
nrfx_gpiote_in_event_enable
                           0x2'8793   0x82  Code  Gb  nrfx_gpiote.o [1]
nrfx_gpiote_in_init        0x2'86e7   0xac  Code  Gb  nrfx_gpiote.o [1]
nrfx_gpiote_in_is_set      0x2'8815    0xe  Code  Gb  nrfx_gpiote.o [1]
nrfx_gpiote_init           0x2'8679   0x60  Code  Gb  nrfx_gpiote.o [1]
nrfx_gpiote_is_init        0x2'86d9    0xe  Code  Gb  nrfx_gpiote.o [1]
nrfx_power_clock_irq_init
                           0x2'bce1   0x14  Code  Lc  nrfx_clock.o [1]
nrfx_prs_acquire           0x2'800b   0x38  Code  Gb  nrfx_prs.o [1]
nrfx_prs_release           0x2'8043   0x10  Code  Gb  nrfx_prs.o [1]
nrfx_uart_0_irq_handler
                           0x2'7fd1    0x6  Code  Gb  nrfx_uart.o [1]
nrfx_uart_init             0x2'7cd1   0x70  Code  Gb  nrfx_uart.o [1]
nrfx_uart_init::irq_handlers
                           0x2'8000    0x4  Data  Lc  nrfx_uart.o [1]
nrfx_uart_tx               0x2'7d99   0x98  Code  Gb  nrfx_uart.o [1]
nrfx_uart_tx_in_progress
                           0x2'7e31    0xe  Code  Gb  nrfx_uart.o [1]
nrfx_uart_uninit           0x2'7d41   0x38  Code  Gb  nrfx_uart.o [1]
nrfx_uarte_0_irq_handler
                           0x2'84f9    0x6  Code  Gb  nrfx_uarte.o [1]
nrfx_uarte_init            0x2'8247   0x68  Code  Gb  nrfx_uarte.o [1]
nrfx_uarte_init::irq_handlers
                           0x2'8524    0x4  Data  Lc  nrfx_uarte.o [1]
nrfx_uarte_tx              0x2'8305   0x8e  Code  Gb  nrfx_uarte.o [1]
nrfx_uarte_tx_in_progress
                           0x2'839b    0xc  Code  Gb  nrfx_uarte.o [1]
nrfx_uarte_uninit          0x2'82af   0x56  Code  Gb  nrfx_uarte.o [1]
on_characteristic_discovery_rsp
                           0x2'65a7   0xfa  Code  Lc  ble_db_discovery.o [1]
on_descriptor_discovery_rsp
                           0x2'66a1   0xd4  Code  Lc  ble_db_discovery.o [1]
on_primary_srv_discovery_rsp
                           0x2'651d   0x8a  Code  Lc  ble_db_discovery.o [1]
on_srv_disc_completion     0x2'6339   0x84  Code  Lc  ble_db_discovery.o [1]
pin_configured_set         0x2'8619    0x6  Code  Lc  nrfx_gpiote.o [1]
pin_in_use_by_gpiote       0x2'8609   0x10  Code  Lc  nrfx_gpiote.o [1]
pin_in_use_by_port         0x2'85f3   0x16  Code  Lc  nrfx_gpiote.o [1]
pin_in_use_by_te           0x2'85e1   0x12  Code  Lc  nrfx_gpiote.o [1]
pins_to_default            0x2'7c6f   0x62  Code  Lc  nrfx_uart.o [1]
pins_to_default            0x2'81e5   0x62  Code  Lc  nrfx_uarte.o [1]
postfix_process            0x2'b1ed   0x30  Code  Lc  nrf_log_str_formatter.o [1]
prefix_process             0x2'b18d   0x60  Code  Lc  nrf_log_str_formatter.o [1]
pwr_mgmt_data              0x2'a970    0xc  Data  Lc  nrf_pwr_mgmt.o [1]
pwr_mgmt_data0$$Base            0x0          --   Gb  - Linker created -
pwr_mgmt_data0$$Limit           0x0          --   Gb  - Linker created -
pwr_mgmt_data1$$Base            0x0          --   Gb  - Linker created -
pwr_mgmt_data1$$Limit           0x0          --   Gb  - Linker created -
pwr_mgmt_data2$$Base            0x0          --   Gb  - Linker created -
pwr_mgmt_data2$$Limit           0x0          --   Gb  - Linker created -
pwr_mgmt_data_array        0x2'c074   0x18  Data  Lc  nrf_pwr_mgmt.o [1]
queue_process              0x2'6c59   0xda  Code  Lc  nrf_ble_gq.o [1]
queue_utilization_get      0x2'7795   0x1a  Code  Lc  nrf_queue.o [1]
queues_purge               0x2'6d35   0x46  Code  Lc  nrf_ble_gq.o [1]
registered_handler_get     0x2'6201   0x30  Code  Lc  ble_db_discovery.o [1]
request_err_code_handle
                           0x2'6c1d   0x3a  Code  Lc  nrf_ble_gq.o [1]
request_process            0x2'6d85   0x7a  Code  Lc  nrf_ble_gq.o [1]
rtc_irq                    0x2'a771   0xae  Code  Lc  app_timer2.o [1]
rtc_update                 0x2'a6af   0xc0  Code  Lc  app_timer2.o [1]
rx_byte                    0x2'7e47   0x32  Code  Lc  nrfx_uart.o [1]
rx_done_event              0x2'7e79   0x18  Code  Lc  nrfx_uart.o [1]
rx_done_event              0x2'83af   0x18  Code  Lc  nrfx_uarte.o [1]
scan_evt_handler           0x2'9e69   0x12  Code  Lc  main.o [1]
scan_start                 0x2'9cf1   0x1e  Code  Lc  main.o [1]
sd_state_evt_handler       0x2'bc81   0x42  Code  Lc  nrf_drv_clock.o [1]
sdh_ble_observers          0x2'8d90    0xc  Data  Lc  nrf_sdh_ble.o [1]
sdh_ble_observers0$$Base
                           0x2'c280          --   Gb  - Linker created -
sdh_ble_observers0$$Limit
                           0x2'c288          --   Gb  - Linker created -
sdh_ble_observers1$$Base
                           0x2'c040          --   Gb  - Linker created -
sdh_ble_observers1$$Limit
                           0x2'c068          --   Gb  - Linker created -
sdh_ble_observers2$$Base
                           0x2'c288          --   Gb  - Linker created -
sdh_ble_observers2$$Limit
                           0x2'c290          --   Gb  - Linker created -
sdh_ble_observers3$$Base
                           0x2'c290          --   Gb  - Linker created -
sdh_ble_observers3$$Limit
                           0x2'c298          --   Gb  - Linker created -
sdh_ble_observers_array
                           0x2'bff8   0x20  Data  Lc  nrf_sdh_ble.o [1]
sdh_req_observers          0x2'aaf4    0xc  Data  Lc  nrf_sdh.o [1]
sdh_req_observers0$$Base
                                0x0          --   Gb  - Linker created -
sdh_req_observers0$$Limit
                                0x0          --   Gb  - Linker created -
sdh_req_observers1$$Base
                                0x0          --   Gb  - Linker created -
sdh_req_observers1$$Limit
                                0x0          --   Gb  - Linker created -
sdh_req_observers_array
                           0x2'bfbc   0x10  Data  Lc  nrf_sdh.o [1]
sdh_request_observer_notify
                           0x2'a9a9   0x2e  Code  Lc  nrf_sdh.o [1]
sdh_soc_observers          0x2'bfa8    0xc  Data  Lc  nrf_sdh_soc.o [1]
sdh_soc_observers0$$Base
                           0x2'c298          --   Gb  - Linker created -
sdh_soc_observers0$$Limit
                           0x2'c2a0          --   Gb  - Linker created -
sdh_soc_observers1$$Base
                                0x0          --   Gb  - Linker created -
sdh_soc_observers1$$Limit
                                0x0          --   Gb  - Linker created -
sdh_soc_observers_array
                           0x2'c138   0x10  Data  Lc  nrf_sdh_soc.o [1]
sdh_stack_observers        0x2'ab0c    0xc  Data  Lc  nrf_sdh.o [1]
sdh_stack_observers0$$Base
                           0x2'c1dc          --   Gb  - Linker created -
sdh_stack_observers0$$Limit
                           0x2'c1ec          --   Gb  - Linker created -
sdh_stack_observers1$$Base
                                0x0          --   Gb  - Linker created -
sdh_stack_observers1$$Limit
                                0x0          --   Gb  - Linker created -
sdh_stack_observers_array
                           0x2'bfdc   0x10  Data  Lc  nrf_sdh.o [1]
sdh_state_observer_notify
                           0x2'a9d9   0x24  Code  Lc  nrf_sdh.o [1]
sdh_state_observers        0x2'ab00    0xc  Data  Lc  nrf_sdh.o [1]
sdh_state_observers0$$Base
                           0x2'c2a0          --   Gb  - Linker created -
sdh_state_observers0$$Limit
                           0x2'c2a8          --   Gb  - Linker created -
sdh_state_observers1$$Base
                                0x0          --   Gb  - Linker created -
sdh_state_observers1$$Limit
                                0x0          --   Gb  - Linker created -
sdh_state_observers_array
                           0x2'bfcc   0x10  Data  Lc  nrf_sdh.o [1]
serial_tx                  0x2'ab8f   0x36  Code  Lc  nrf_log_backend_uart.o [1]
severity_names          0x2000'24e4   0x14  Data  Lc  nrf_log_str_formatter.o [1]
soc_evt_handler            0x2'bc75    0xc  Code  Lc  nrf_drv_clock.o [1]
softdevices_evt_irq_enable
                           0x2'a9fd   0x42  Code  Lc  nrf_sdh.o [1]
sortlist_pop               0x2'a6a9    0x6  Code  Lc  app_timer2.o [1]
state_set                  0x2'a389   0x1c  Code  Lc  app_button.o [1]
std_header_set             0x2'71a3   0x4c  Code  Lc  nrf_log_frontend.o [1]
std_n                      0x2'727b   0x5c  Code  Lc  nrf_log_frontend.o [1]
strcmp                     0x2'9ba9         Code  Gb  strcmp.o [4]
strlen                     0x2'9b71         Code  Gb  strlen.o [4]
timer_expire               0x2'a649   0x60  Code  Lc  app_timer2.o [1]
timer_req_schedule         0x2'a829   0x34  Code  Lc  app_timer2.o [1]
timer_start                0x2'a4a9    0xe  Code  Lc  app_button.o [1]
tx_byte                    0x2'7d79   0x20  Code  Lc  nrfx_uart.o [1]
tx_done_event              0x2'7e91   0x1e  Code  Lc  nrfx_uart.o [1]
tx_done_event              0x2'83c7   0x1e  Code  Lc  nrfx_uarte.o [1]
uart_evt_handler           0x2'b039    0x2  Code  Lc  nrf_drv_uart.o [1]
uart_evt_handler           0x2'ab41    0x8  Code  Lc  nrf_log_backend_uart.o [1]
uart_init                  0x2'ab49   0x42  Code  Lc  nrf_log_backend_uart.o [1]
uart_irq_handler           0x2'7eaf  0x11e  Code  Lc  nrfx_uart.o [1]
uart_log_backend           0x2'c1cc   0x10  Data  Lc  nrf_log_default_backends.o [1]
uarte_evt_handler          0x2'b035    0x4  Code  Lc  nrf_drv_uart.o [1]
uarte_irq_handler          0x2'8403   0xee  Code  Lc  nrfx_uarte.o [1]
unsigned_print             0x2'b445   0x9c  Code  Lc  nrf_fprintf_format.o [1]
unsigned_print::_aV2C      0x2'b740   0x10  Data  Lc  nrf_fprintf_format.o [1]
usr_event                  0x2'a3c9   0x20  Code  Lc  app_button.o [1]


[1] = C:\Nordic_BLE_SDK\nRF5_SDK_16.0.0_98a08e2\examples\ble_central\ble_app_blinky_c\pca10040\s132\iar\_build
[2] = dl7M_tlf.a
[3] = m7M_tls.a
[4] = rt7M_tl.a

  23 486 bytes of readonly  code memory
   2 000 bytes of readonly  data memory
  12 690 bytes of readwrite data memory

Errors: 1
Warnings: none
